# diomano session log v1 — generated by `diomano-cli`
# commands: c <tick> <player> <verb> <face> <x> <y> <modifier>
seed 4007675777
n 64
terrain 0
powers 255
free_powers 1
ai 1
endless 1
land_bridge 1
waves 7
telegraph_ticks 300
impact_ticks 150
recovery_ticks 900
lull_ticks 900
escalation 150
strength 48
# profile: ai-war
ticks 20000
c 5 0 2 4 52 52 0
c 6 0 2 4 53 52 0
c 7 0 2 4 54 52 0
c 8 0 2 4 55 52 1
c 9 0 2 4 56 52 0
c 10 0 2 4 57 52 0
c 11 0 2 4 52 53 0
c 12 0 2 4 53 53 1
c 13 0 2 4 54 53 0
c 14 0 2 4 55 53 0
c 15 0 2 4 56 53 0
c 16 0 2 4 57 53 1
c 17 0 2 4 52 54 0
c 18 0 2 4 53 54 0
c 19 0 2 4 54 54 0
c 20 0 2 4 55 54 1
c 21 0 2 4 56 54 0
c 22 0 2 4 57 54 0
c 23 0 2 4 52 55 0
c 24 0 2 4 53 55 1
c 25 0 2 4 54 55 0
c 26 0 2 4 55 55 0
c 27 0 2 4 56 55 0
c 28 0 2 4 57 55 1
c 29 0 2 4 52 56 0
c 30 0 2 4 53 56 0
c 31 0 2 4 54 56 0
c 32 0 2 4 55 56 1
c 33 0 2 4 56 56 0
c 34 0 2 4 57 56 0
c 35 0 2 4 52 57 0
c 36 0 2 4 53 57 1
c 37 0 2 4 54 57 0
c 38 0 2 4 55 57 0
c 39 0 2 4 56 57 0
c 40 0 2 4 57 57 1
c 50 0 1 4 38 38 1
c 51 0 1 4 39 38 1
c 52 0 1 4 40 38 1
c 53 0 1 4 41 38 1
c 54 0 1 4 42 38 1
c 55 0 1 4 43 38 1
c 56 0 1 4 44 38 1
c 57 0 1 4 38 39 1
c 58 0 1 4 39 39 1
c 59 0 1 4 40 39 1
c 60 0 1 4 41 39 1
c 61 0 1 4 42 39 1
c 62 0 1 4 43 39 1
c 63 0 1 4 44 39 1
c 64 0 1 4 38 40 1
c 65 0 1 4 39 40 1
c 66 0 1 4 40 40 1
c 67 0 1 4 41 40 1
c 68 0 1 4 42 40 1
c 69 0 1 4 43 40 1
c 70 0 1 4 44 40 1
c 71 0 1 4 38 41 1
c 72 0 1 4 39 41 1
c 73 0 1 4 40 41 1
c 74 0 1 4 41 41 1
c 75 0 1 4 42 41 1
c 76 0 1 4 43 41 1
c 77 0 1 4 44 41 1
c 78 0 1 4 38 42 1
c 79 0 1 4 39 42 1
c 80 0 1 4 40 42 1
c 81 0 1 4 41 42 1
c 82 0 1 4 42 42 1
c 83 0 1 4 43 42 1
c 84 0 1 4 44 42 1
c 85 0 1 4 38 43 1
c 86 0 1 4 39 43 1
c 87 0 1 4 40 43 1
c 88 0 1 4 41 43 1
c 89 0 1 4 42 43 1
c 90 0 1 4 43 43 1
c 91 0 1 4 44 43 1
c 92 0 1 4 38 44 1
c 93 0 1 4 39 44 1
c 94 0 1 4 40 44 1
c 95 0 1 4 41 44 1
c 120 0 3 2 32 32 0
c 160 0 6 1 31 31 0
c 200 0 4 2 29 27 0
c 230 0 5 0 25 23 0
c 290 0 8 2 32 32 0
c 310 0 10 4 1 0 0
c 405 0 2 4 52 52 0
c 406 0 2 4 53 52 0
c 407 0 2 4 54 52 0
c 408 0 2 4 55 52 1
c 409 0 2 4 56 52 0
c 410 0 2 4 57 52 0
c 411 0 2 4 52 53 0
c 412 0 2 4 53 53 1
c 413 0 2 4 54 53 0
c 414 0 2 4 55 53 0
c 415 0 2 4 56 53 0
c 416 0 2 4 57 53 1
c 417 0 2 4 52 54 0
c 418 0 2 4 53 54 0
c 419 0 2 4 54 54 0
c 420 0 2 4 55 54 1
c 421 0 2 4 56 54 0
c 422 0 2 4 57 54 0
c 423 0 2 4 52 55 0
c 424 0 2 4 53 55 1
c 425 0 2 4 54 55 0
c 426 0 2 4 55 55 0
c 427 0 2 4 56 55 0
c 428 0 2 4 57 55 1
c 429 0 2 4 52 56 0
c 430 0 2 4 53 56 0
c 431 0 2 4 54 56 0
c 432 0 2 4 55 56 1
c 433 0 2 4 56 56 0
c 434 0 2 4 57 56 0
c 435 0 2 4 52 57 0
c 436 0 2 4 53 57 1
c 437 0 2 4 54 57 0
c 438 0 2 4 55 57 0
c 439 0 2 4 56 57 0
c 440 0 2 4 57 57 1
c 450 0 1 4 38 38 1
c 451 0 1 4 39 38 1
c 452 0 1 4 40 38 1
c 453 0 1 4 41 38 1
c 454 0 1 4 42 38 1
c 455 0 1 4 43 38 1
c 456 0 1 4 44 38 1
c 457 0 1 4 38 39 1
c 458 0 1 4 39 39 1
c 459 0 1 4 40 39 1
c 460 0 1 4 41 39 1
c 461 0 1 4 42 39 1
c 462 0 1 4 43 39 1
c 463 0 1 4 44 39 1
c 464 0 1 4 38 40 1
c 465 0 1 4 39 40 1
c 466 0 1 4 40 40 1
c 467 0 1 4 41 40 1
c 468 0 1 4 42 40 1
c 469 0 1 4 43 40 1
c 470 0 1 4 44 40 1
c 471 0 1 4 38 41 1
c 472 0 1 4 39 41 1
c 473 0 1 4 40 41 1
c 474 0 1 4 41 41 1
c 475 0 1 4 42 41 1
c 476 0 1 4 43 41 1
c 477 0 1 4 44 41 1
c 478 0 1 4 38 42 1
c 479 0 1 4 39 42 1
c 480 0 1 4 40 42 1
c 481 0 1 4 41 42 1
c 482 0 1 4 42 42 1
c 483 0 1 4 43 42 1
c 484 0 1 4 44 42 1
c 485 0 1 4 38 43 1
c 486 0 1 4 39 43 1
c 487 0 1 4 40 43 1
c 488 0 1 4 41 43 1
c 489 0 1 4 42 43 1
c 490 0 1 4 43 43 1
c 491 0 1 4 44 43 1
c 492 0 1 4 38 44 1
c 493 0 1 4 39 44 1
c 494 0 1 4 40 44 1
c 495 0 1 4 41 44 1
c 520 0 3 2 32 32 0
c 560 0 6 1 48 50 0
c 600 0 4 2 52 56 0
c 630 0 5 0 56 60 0
c 690 0 8 2 32 32 0
c 710 0 10 4 0 0 0
c 805 0 2 4 52 52 0
c 806 0 2 4 53 52 0
c 807 0 2 4 54 52 0
c 808 0 2 4 55 52 1
c 809 0 2 4 56 52 0
c 810 0 2 4 57 52 0
c 811 0 2 4 52 53 0
c 812 0 2 4 53 53 1
c 813 0 2 4 54 53 0
c 814 0 2 4 55 53 0
c 815 0 2 4 56 53 0
c 816 0 2 4 57 53 1
c 817 0 2 4 52 54 0
c 818 0 2 4 53 54 0
c 819 0 2 4 54 54 0
c 820 0 2 4 55 54 1
c 821 0 2 4 56 54 0
c 822 0 2 4 57 54 0
c 823 0 2 4 52 55 0
c 824 0 2 4 53 55 1
c 825 0 2 4 54 55 0
c 826 0 2 4 55 55 0
c 827 0 2 4 56 55 0
c 828 0 2 4 57 55 1
c 829 0 2 4 52 56 0
c 830 0 2 4 53 56 0
c 831 0 2 4 54 56 0
c 832 0 2 4 55 56 1
c 833 0 2 4 56 56 0
c 834 0 2 4 57 56 0
c 835 0 2 4 52 57 0
c 836 0 2 4 53 57 1
c 837 0 2 4 54 57 0
c 838 0 2 4 55 57 0
c 839 0 2 4 56 57 0
c 840 0 2 4 57 57 1
c 850 0 1 4 38 38 1
c 851 0 1 4 39 38 1
c 852 0 1 4 40 38 1
c 853 0 1 4 41 38 1
c 854 0 1 4 42 38 1
c 855 0 1 4 43 38 1
c 856 0 1 4 44 38 1
c 857 0 1 4 38 39 1
c 858 0 1 4 39 39 1
c 859 0 1 4 40 39 1
c 860 0 1 4 41 39 1
c 861 0 1 4 42 39 1
c 862 0 1 4 43 39 1
c 863 0 1 4 44 39 1
c 864 0 1 4 38 40 1
c 865 0 1 4 39 40 1
c 866 0 1 4 40 40 1
c 867 0 1 4 41 40 1
c 868 0 1 4 42 40 1
c 869 0 1 4 43 40 1
c 870 0 1 4 44 40 1
c 871 0 1 4 38 41 1
c 872 0 1 4 39 41 1
c 873 0 1 4 40 41 1
c 874 0 1 4 41 41 1
c 875 0 1 4 42 41 1
c 876 0 1 4 43 41 1
c 877 0 1 4 44 41 1
c 878 0 1 4 38 42 1
c 879 0 1 4 39 42 1
c 880 0 1 4 40 42 1
c 881 0 1 4 41 42 1
c 882 0 1 4 42 42 1
c 883 0 1 4 43 42 1
c 884 0 1 4 44 42 1
c 885 0 1 4 38 43 1
c 886 0 1 4 39 43 1
c 887 0 1 4 40 43 1
c 888 0 1 4 41 43 1
c 889 0 1 4 42 43 1
c 890 0 1 4 43 43 1
c 891 0 1 4 44 43 1
c 892 0 1 4 38 44 1
c 893 0 1 4 39 44 1
c 894 0 1 4 40 44 1
c 895 0 1 4 41 44 1
c 920 0 3 2 32 32 0
c 960 0 6 2 1 5 0
c 1000 0 4 3 11 21 0
c 1030 0 5 1 23 33 0
c 1090 0 8 2 32 32 0
c 1110 0 10 4 0 0 0
c 1205 0 2 4 52 52 0
c 1206 0 2 4 53 52 0
c 1207 0 2 4 54 52 0
c 1208 0 2 4 55 52 1
c 1209 0 2 4 56 52 0
c 1210 0 2 4 57 52 0
c 1211 0 2 4 52 53 0
c 1212 0 2 4 53 53 1
c 1213 0 2 4 54 53 0
c 1214 0 2 4 55 53 0
c 1215 0 2 4 56 53 0
c 1216 0 2 4 57 53 1
c 1217 0 2 4 52 54 0
c 1218 0 2 4 53 54 0
c 1219 0 2 4 54 54 0
c 1220 0 2 4 55 54 1
c 1221 0 2 4 56 54 0
c 1222 0 2 4 57 54 0
c 1223 0 2 4 52 55 0
c 1224 0 2 4 53 55 1
c 1225 0 2 4 54 55 0
c 1226 0 2 4 55 55 0
c 1227 0 2 4 56 55 0
c 1228 0 2 4 57 55 1
c 1229 0 2 4 52 56 0
c 1230 0 2 4 53 56 0
c 1231 0 2 4 54 56 0
c 1232 0 2 4 55 56 1
c 1233 0 2 4 56 56 0
c 1234 0 2 4 57 56 0
c 1235 0 2 4 52 57 0
c 1236 0 2 4 53 57 1
c 1237 0 2 4 54 57 0
c 1238 0 2 4 55 57 0
c 1239 0 2 4 56 57 0
c 1240 0 2 4 57 57 1
c 1250 0 1 4 38 38 1
c 1251 0 1 4 39 38 1
c 1252 0 1 4 40 38 1
c 1253 0 1 4 41 38 1
c 1254 0 1 4 42 38 1
c 1255 0 1 4 43 38 1
c 1256 0 1 4 44 38 1
c 1257 0 1 4 38 39 1
c 1258 0 1 4 39 39 1
c 1259 0 1 4 40 39 1
c 1260 0 1 4 41 39 1
c 1261 0 1 4 42 39 1
c 1262 0 1 4 43 39 1
c 1263 0 1 4 44 39 1
c 1264 0 1 4 38 40 1
c 1265 0 1 4 39 40 1
c 1266 0 1 4 40 40 1
c 1267 0 1 4 41 40 1
c 1268 0 1 4 42 40 1
c 1269 0 1 4 43 40 1
c 1270 0 1 4 44 40 1
c 1271 0 1 4 38 41 1
c 1272 0 1 4 39 41 1
c 1273 0 1 4 40 41 1
c 1274 0 1 4 41 41 1
c 1275 0 1 4 42 41 1
c 1276 0 1 4 43 41 1
c 1277 0 1 4 44 41 1
c 1278 0 1 4 38 42 1
c 1279 0 1 4 39 42 1
c 1280 0 1 4 40 42 1
c 1281 0 1 4 41 42 1
c 1282 0 1 4 42 42 1
c 1283 0 1 4 43 42 1
c 1284 0 1 4 44 42 1
c 1285 0 1 4 38 43 1
c 1286 0 1 4 39 43 1
c 1287 0 1 4 40 43 1
c 1288 0 1 4 41 43 1
c 1289 0 1 4 42 43 1
c 1290 0 1 4 43 43 1
c 1291 0 1 4 44 43 1
c 1292 0 1 4 38 44 1
c 1293 0 1 4 39 44 1
c 1294 0 1 4 40 44 1
c 1295 0 1 4 41 44 1
c 1320 0 3 2 32 32 0
c 1360 0 6 2 18 24 0
c 1400 0 4 3 34 50 0
c 1430 0 5 1 54 6 0
c 1490 0 8 2 32 32 0
c 1510 0 10 4 0 0 0
c 1605 0 2 4 52 52 0
c 1606 0 2 4 53 52 0
c 1607 0 2 4 54 52 0
c 1608 0 2 4 55 52 1
c 1609 0 2 4 56 52 0
c 1610 0 2 4 57 52 0
c 1611 0 2 4 52 53 0
c 1612 0 2 4 53 53 1
c 1613 0 2 4 54 53 0
c 1614 0 2 4 55 53 0
c 1615 0 2 4 56 53 0
c 1616 0 2 4 57 53 1
c 1617 0 2 4 52 54 0
c 1618 0 2 4 53 54 0
c 1619 0 2 4 54 54 0
c 1620 0 2 4 55 54 1
c 1621 0 2 4 56 54 0
c 1622 0 2 4 57 54 0
c 1623 0 2 4 52 55 0
c 1624 0 2 4 53 55 1
c 1625 0 2 4 54 55 0
c 1626 0 2 4 55 55 0
c 1627 0 2 4 56 55 0
c 1628 0 2 4 57 55 1
c 1629 0 2 4 52 56 0
c 1630 0 2 4 53 56 0
c 1631 0 2 4 54 56 0
c 1632 0 2 4 55 56 1
c 1633 0 2 4 56 56 0
c 1634 0 2 4 57 56 0
c 1635 0 2 4 52 57 0
c 1636 0 2 4 53 57 1
c 1637 0 2 4 54 57 0
c 1638 0 2 4 55 57 0
c 1639 0 2 4 56 57 0
c 1640 0 2 4 57 57 1
c 1650 0 1 4 38 38 1
c 1651 0 1 4 39 38 1
c 1652 0 1 4 40 38 1
c 1653 0 1 4 41 38 1
c 1654 0 1 4 42 38 1
c 1655 0 1 4 43 38 1
c 1656 0 1 4 44 38 1
c 1657 0 1 4 38 39 1
c 1658 0 1 4 39 39 1
c 1659 0 1 4 40 39 1
c 1660 0 1 4 41 39 1
c 1661 0 1 4 42 39 1
c 1662 0 1 4 43 39 1
c 1663 0 1 4 44 39 1
c 1664 0 1 4 38 40 1
c 1665 0 1 4 39 40 1
c 1666 0 1 4 40 40 1
c 1667 0 1 4 41 40 1
c 1668 0 1 4 42 40 1
c 1669 0 1 4 43 40 1
c 1670 0 1 4 44 40 1
c 1671 0 1 4 38 41 1
c 1672 0 1 4 39 41 1
c 1673 0 1 4 40 41 1
c 1674 0 1 4 41 41 1
c 1675 0 1 4 42 41 1
c 1676 0 1 4 43 41 1
c 1677 0 1 4 44 41 1
c 1678 0 1 4 38 42 1
c 1679 0 1 4 39 42 1
c 1680 0 1 4 40 42 1
c 1681 0 1 4 41 42 1
c 1682 0 1 4 42 42 1
c 1683 0 1 4 43 42 1
c 1684 0 1 4 44 42 1
c 1685 0 1 4 38 43 1
c 1686 0 1 4 39 43 1
c 1687 0 1 4 40 43 1
c 1688 0 1 4 41 43 1
c 1689 0 1 4 42 43 1
c 1690 0 1 4 43 43 1
c 1691 0 1 4 44 43 1
c 1692 0 1 4 38 44 1
c 1693 0 1 4 39 44 1
c 1694 0 1 4 40 44 1
c 1695 0 1 4 41 44 1
c 1720 0 3 2 32 32 0
c 1760 0 6 3 35 43 0
c 1800 0 4 0 57 15 0
c 1830 0 5 2 21 43 0
c 1890 0 8 2 32 32 0
c 1910 0 10 4 0 0 0
c 2005 0 2 4 52 52 0
c 2006 0 2 4 53 52 0
c 2007 0 2 4 54 52 0
c 2008 0 2 4 55 52 1
c 2009 0 2 4 56 52 0
c 2010 0 2 4 57 52 0
c 2011 0 2 4 52 53 0
c 2012 0 2 4 53 53 1
c 2013 0 2 4 54 53 0
c 2014 0 2 4 55 53 0
c 2015 0 2 4 56 53 0
c 2016 0 2 4 57 53 1
c 2017 0 2 4 52 54 0
c 2018 0 2 4 53 54 0
c 2019 0 2 4 54 54 0
c 2020 0 2 4 55 54 1
c 2021 0 2 4 56 54 0
c 2022 0 2 4 57 54 0
c 2023 0 2 4 52 55 0
c 2024 0 2 4 53 55 1
c 2025 0 2 4 54 55 0
c 2026 0 2 4 55 55 0
c 2027 0 2 4 56 55 0
c 2028 0 2 4 57 55 1
c 2029 0 2 4 52 56 0
c 2030 0 2 4 53 56 0
c 2031 0 2 4 54 56 0
c 2032 0 2 4 55 56 1
c 2033 0 2 4 56 56 0
c 2034 0 2 4 57 56 0
c 2035 0 2 4 52 57 0
c 2036 0 2 4 53 57 1
c 2037 0 2 4 54 57 0
c 2038 0 2 4 55 57 0
c 2039 0 2 4 56 57 0
c 2040 0 2 4 57 57 1
c 2050 0 1 4 38 38 1
c 2051 0 1 4 39 38 1
c 2052 0 1 4 40 38 1
c 2053 0 1 4 41 38 1
c 2054 0 1 4 42 38 1
c 2055 0 1 4 43 38 1
c 2056 0 1 4 44 38 1
c 2057 0 1 4 38 39 1
c 2058 0 1 4 39 39 1
c 2059 0 1 4 40 39 1
c 2060 0 1 4 41 39 1
c 2061 0 1 4 42 39 1
c 2062 0 1 4 43 39 1
c 2063 0 1 4 44 39 1
c 2064 0 1 4 38 40 1
c 2065 0 1 4 39 40 1
c 2066 0 1 4 40 40 1
c 2067 0 1 4 41 40 1
c 2068 0 1 4 42 40 1
c 2069 0 1 4 43 40 1
c 2070 0 1 4 44 40 1
c 2071 0 1 4 38 41 1
c 2072 0 1 4 39 41 1
c 2073 0 1 4 40 41 1
c 2074 0 1 4 41 41 1
c 2075 0 1 4 42 41 1
c 2076 0 1 4 43 41 1
c 2077 0 1 4 44 41 1
c 2078 0 1 4 38 42 1
c 2079 0 1 4 39 42 1
c 2080 0 1 4 40 42 1
c 2081 0 1 4 41 42 1
c 2082 0 1 4 42 42 1
c 2083 0 1 4 43 42 1
c 2084 0 1 4 44 42 1
c 2085 0 1 4 38 43 1
c 2086 0 1 4 39 43 1
c 2087 0 1 4 40 43 1
c 2088 0 1 4 41 43 1
c 2089 0 1 4 42 43 1
c 2090 0 1 4 43 43 1
c 2091 0 1 4 44 43 1
c 2092 0 1 4 38 44 1
c 2093 0 1 4 39 44 1
c 2094 0 1 4 40 44 1
c 2095 0 1 4 41 44 1
c 2120 0 3 2 32 32 0
c 2160 0 6 3 52 62 0
c 2200 0 4 0 16 44 0
c 2230 0 5 2 52 16 0
c 2290 0 8 2 32 32 0
c 2310 0 10 4 0 0 0
c 2405 0 2 4 52 52 0
c 2406 0 2 4 53 52 0
c 2407 0 2 4 54 52 0
c 2408 0 2 4 55 52 1
c 2409 0 2 4 56 52 0
c 2410 0 2 4 57 52 0
c 2411 0 2 4 52 53 0
c 2412 0 2 4 53 53 1
c 2413 0 2 4 54 53 0
c 2414 0 2 4 55 53 0
c 2415 0 2 4 56 53 0
c 2416 0 2 4 57 53 1
c 2417 0 2 4 52 54 0
c 2418 0 2 4 53 54 0
c 2419 0 2 4 54 54 0
c 2420 0 2 4 55 54 1
c 2421 0 2 4 56 54 0
c 2422 0 2 4 57 54 0
c 2423 0 2 4 52 55 0
c 2424 0 2 4 53 55 1
c 2425 0 2 4 54 55 0
c 2426 0 2 4 55 55 0
c 2427 0 2 4 56 55 0
c 2428 0 2 4 57 55 1
c 2429 0 2 4 52 56 0
c 2430 0 2 4 53 56 0
c 2431 0 2 4 54 56 0
c 2432 0 2 4 55 56 1
c 2433 0 2 4 56 56 0
c 2434 0 2 4 57 56 0
c 2435 0 2 4 52 57 0
c 2436 0 2 4 53 57 1
c 2437 0 2 4 54 57 0
c 2438 0 2 4 55 57 0
c 2439 0 2 4 56 57 0
c 2440 0 2 4 57 57 1
c 2450 0 1 4 38 38 1
c 2451 0 1 4 39 38 1
c 2452 0 1 4 40 38 1
c 2453 0 1 4 41 38 1
c 2454 0 1 4 42 38 1
c 2455 0 1 4 43 38 1
c 2456 0 1 4 44 38 1
c 2457 0 1 4 38 39 1
c 2458 0 1 4 39 39 1
c 2459 0 1 4 40 39 1
c 2460 0 1 4 41 39 1
c 2461 0 1 4 42 39 1
c 2462 0 1 4 43 39 1
c 2463 0 1 4 44 39 1
c 2464 0 1 4 38 40 1
c 2465 0 1 4 39 40 1
c 2466 0 1 4 40 40 1
c 2467 0 1 4 41 40 1
c 2468 0 1 4 42 40 1
c 2469 0 1 4 43 40 1
c 2470 0 1 4 44 40 1
c 2471 0 1 4 38 41 1
c 2472 0 1 4 39 41 1
c 2473 0 1 4 40 41 1
c 2474 0 1 4 41 41 1
c 2475 0 1 4 42 41 1
c 2476 0 1 4 43 41 1
c 2477 0 1 4 44 41 1
c 2478 0 1 4 38 42 1
c 2479 0 1 4 39 42 1
c 2480 0 1 4 40 42 1
c 2481 0 1 4 41 42 1
c 2482 0 1 4 42 42 1
c 2483 0 1 4 43 42 1
c 2484 0 1 4 44 42 1
c 2485 0 1 4 38 43 1
c 2486 0 1 4 39 43 1
c 2487 0 1 4 40 43 1
c 2488 0 1 4 41 43 1
c 2489 0 1 4 42 43 1
c 2490 0 1 4 43 43 1
c 2491 0 1 4 44 43 1
c 2492 0 1 4 38 44 1
c 2493 0 1 4 39 44 1
c 2494 0 1 4 40 44 1
c 2495 0 1 4 41 44 1
c 2520 0 3 4 32 32 0
c 2560 0 6 0 5 17 0
c 2600 0 4 1 39 9 0
c 2630 0 5 3 19 53 0
c 2690 0 8 4 32 32 0
c 2710 0 10 4 0 0 0
c 2805 0 2 4 52 52 0
c 2806 0 2 4 53 52 0
c 2807 0 2 4 54 52 0
c 2808 0 2 4 55 52 1
c 2809 0 2 4 56 52 0
c 2810 0 2 4 57 52 0
c 2811 0 2 4 52 53 0
c 2812 0 2 4 53 53 1
c 2813 0 2 4 54 53 0
c 2814 0 2 4 55 53 0
c 2815 0 2 4 56 53 0
c 2816 0 2 4 57 53 1
c 2817 0 2 4 52 54 0
c 2818 0 2 4 53 54 0
c 2819 0 2 4 54 54 0
c 2820 0 2 4 55 54 1
c 2821 0 2 4 56 54 0
c 2822 0 2 4 57 54 0
c 2823 0 2 4 52 55 0
c 2824 0 2 4 53 55 1
c 2825 0 2 4 54 55 0
c 2826 0 2 4 55 55 0
c 2827 0 2 4 56 55 0
c 2828 0 2 4 57 55 1
c 2829 0 2 4 52 56 0
c 2830 0 2 4 53 56 0
c 2831 0 2 4 54 56 0
c 2832 0 2 4 55 56 1
c 2833 0 2 4 56 56 0
c 2834 0 2 4 57 56 0
c 2835 0 2 4 52 57 0
c 2836 0 2 4 53 57 1
c 2837 0 2 4 54 57 0
c 2838 0 2 4 55 57 0
c 2839 0 2 4 56 57 0
c 2840 0 2 4 57 57 1
c 2850 0 1 4 38 38 1
c 2851 0 1 4 39 38 1
c 2852 0 1 4 40 38 1
c 2853 0 1 4 41 38 1
c 2854 0 1 4 42 38 1
c 2855 0 1 4 43 38 1
c 2856 0 1 4 44 38 1
c 2857 0 1 4 38 39 1
c 2858 0 1 4 39 39 1
c 2859 0 1 4 40 39 1
c 2860 0 1 4 41 39 1
c 2861 0 1 4 42 39 1
c 2862 0 1 4 43 39 1
c 2863 0 1 4 44 39 1
c 2864 0 1 4 38 40 1
c 2865 0 1 4 39 40 1
c 2866 0 1 4 40 40 1
c 2867 0 1 4 41 40 1
c 2868 0 1 4 42 40 1
c 2869 0 1 4 43 40 1
c 2870 0 1 4 44 40 1
c 2871 0 1 4 38 41 1
c 2872 0 1 4 39 41 1
c 2873 0 1 4 40 41 1
c 2874 0 1 4 41 41 1
c 2875 0 1 4 42 41 1
c 2876 0 1 4 43 41 1
c 2877 0 1 4 44 41 1
c 2878 0 1 4 38 42 1
c 2879 0 1 4 39 42 1
c 2880 0 1 4 40 42 1
c 2881 0 1 4 41 42 1
c 2882 0 1 4 42 42 1
c 2883 0 1 4 43 42 1
c 2884 0 1 4 44 42 1
c 2885 0 1 4 38 43 1
c 2886 0 1 4 39 43 1
c 2887 0 1 4 40 43 1
c 2888 0 1 4 41 43 1
c 2889 0 1 4 42 43 1
c 2890 0 1 4 43 43 1
c 2891 0 1 4 44 43 1
c 2892 0 1 4 38 44 1
c 2893 0 1 4 39 44 1
c 2894 0 1 4 40 44 1
c 2895 0 1 4 41 44 1
c 2920 0 3 4 32 32 0
c 2960 0 6 0 22 36 0
c 3000 0 4 1 62 38 0
c 3030 0 5 3 50 26 0
c 3090 0 8 4 32 32 0
c 3110 0 10 4 0 0 0
c 3205 0 2 4 52 52 0
c 3206 0 2 4 53 52 0
c 3207 0 2 4 54 52 0
c 3208 0 2 4 55 52 1
c 3209 0 2 4 56 52 0
c 3210 0 2 4 57 52 0
c 3211 0 2 4 52 53 0
c 3212 0 2 4 53 53 1
c 3213 0 2 4 54 53 0
c 3214 0 2 4 55 53 0
c 3215 0 2 4 56 53 0
c 3216 0 2 4 57 53 1
c 3217 0 2 4 52 54 0
c 3218 0 2 4 53 54 0
c 3219 0 2 4 54 54 0
c 3220 0 2 4 55 54 1
c 3221 0 2 4 56 54 0
c 3222 0 2 4 57 54 0
c 3223 0 2 4 52 55 0
c 3224 0 2 4 53 55 1
c 3225 0 2 4 54 55 0
c 3226 0 2 4 55 55 0
c 3227 0 2 4 56 55 0
c 3228 0 2 4 57 55 1
c 3229 0 2 4 52 56 0
c 3230 0 2 4 53 56 0
c 3231 0 2 4 54 56 0
c 3232 0 2 4 55 56 1
c 3233 0 2 4 56 56 0
c 3234 0 2 4 57 56 0
c 3235 0 2 4 52 57 0
c 3236 0 2 4 53 57 1
c 3237 0 2 4 54 57 0
c 3238 0 2 4 55 57 0
c 3239 0 2 4 56 57 0
c 3240 0 2 4 57 57 1
c 3250 0 1 4 38 38 1
c 3251 0 1 4 39 38 1
c 3252 0 1 4 40 38 1
c 3253 0 1 4 41 38 1
c 3254 0 1 4 42 38 1
c 3255 0 1 4 43 38 1
c 3256 0 1 4 44 38 1
c 3257 0 1 4 38 39 1
c 3258 0 1 4 39 39 1
c 3259 0 1 4 40 39 1
c 3260 0 1 4 41 39 1
c 3261 0 1 4 42 39 1
c 3262 0 1 4 43 39 1
c 3263 0 1 4 44 39 1
c 3264 0 1 4 38 40 1
c 3265 0 1 4 39 40 1
c 3266 0 1 4 40 40 1
c 3267 0 1 4 41 40 1
c 3268 0 1 4 42 40 1
c 3269 0 1 4 43 40 1
c 3270 0 1 4 44 40 1
c 3271 0 1 4 38 41 1
c 3272 0 1 4 39 41 1
c 3273 0 1 4 40 41 1
c 3274 0 1 4 41 41 1
c 3275 0 1 4 42 41 1
c 3276 0 1 4 43 41 1
c 3277 0 1 4 44 41 1
c 3278 0 1 4 38 42 1
c 3279 0 1 4 39 42 1
c 3280 0 1 4 40 42 1
c 3281 0 1 4 41 42 1
c 3282 0 1 4 42 42 1
c 3283 0 1 4 43 42 1
c 3284 0 1 4 44 42 1
c 3285 0 1 4 38 43 1
c 3286 0 1 4 39 43 1
c 3287 0 1 4 40 43 1
c 3288 0 1 4 41 43 1
c 3289 0 1 4 42 43 1
c 3290 0 1 4 43 43 1
c 3291 0 1 4 44 43 1
c 3292 0 1 4 38 44 1
c 3293 0 1 4 39 44 1
c 3294 0 1 4 40 44 1
c 3295 0 1 4 41 44 1
c 3320 0 3 4 32 32 0
c 3360 0 6 1 39 55 0
c 3400 0 4 2 21 3 0
c 3430 0 5 0 17 63 0
c 3490 0 8 4 32 32 0
c 3510 0 10 4 2 0 0
c 3605 0 2 4 52 52 0
c 3606 0 2 4 53 52 0
c 3607 0 2 4 54 52 0
c 3608 0 2 4 55 52 1
c 3609 0 2 4 56 52 0
c 3610 0 2 4 57 52 0
c 3611 0 2 4 52 53 0
c 3612 0 2 4 53 53 1
c 3613 0 2 4 54 53 0
c 3614 0 2 4 55 53 0
c 3615 0 2 4 56 53 0
c 3616 0 2 4 57 53 1
c 3617 0 2 4 52 54 0
c 3618 0 2 4 53 54 0
c 3619 0 2 4 54 54 0
c 3620 0 2 4 55 54 1
c 3621 0 2 4 56 54 0
c 3622 0 2 4 57 54 0
c 3623 0 2 4 52 55 0
c 3624 0 2 4 53 55 1
c 3625 0 2 4 54 55 0
c 3626 0 2 4 55 55 0
c 3627 0 2 4 56 55 0
c 3628 0 2 4 57 55 1
c 3629 0 2 4 52 56 0
c 3630 0 2 4 53 56 0
c 3631 0 2 4 54 56 0
c 3632 0 2 4 55 56 1
c 3633 0 2 4 56 56 0
c 3634 0 2 4 57 56 0
c 3635 0 2 4 52 57 0
c 3636 0 2 4 53 57 1
c 3637 0 2 4 54 57 0
c 3638 0 2 4 55 57 0
c 3639 0 2 4 56 57 0
c 3640 0 2 4 57 57 1
c 3650 0 1 4 38 38 1
c 3651 0 1 4 39 38 1
c 3652 0 1 4 40 38 1
c 3653 0 1 4 41 38 1
c 3654 0 1 4 42 38 1
c 3655 0 1 4 43 38 1
c 3656 0 1 4 44 38 1
c 3657 0 1 4 38 39 1
c 3658 0 1 4 39 39 1
c 3659 0 1 4 40 39 1
c 3660 0 1 4 41 39 1
c 3661 0 1 4 42 39 1
c 3662 0 1 4 43 39 1
c 3663 0 1 4 44 39 1
c 3664 0 1 4 38 40 1
c 3665 0 1 4 39 40 1
c 3666 0 1 4 40 40 1
c 3667 0 1 4 41 40 1
c 3668 0 1 4 42 40 1
c 3669 0 1 4 43 40 1
c 3670 0 1 4 44 40 1
c 3671 0 1 4 38 41 1
c 3672 0 1 4 39 41 1
c 3673 0 1 4 40 41 1
c 3674 0 1 4 41 41 1
c 3675 0 1 4 42 41 1
c 3676 0 1 4 43 41 1
c 3677 0 1 4 44 41 1
c 3678 0 1 4 38 42 1
c 3679 0 1 4 39 42 1
c 3680 0 1 4 40 42 1
c 3681 0 1 4 41 42 1
c 3682 0 1 4 42 42 1
c 3683 0 1 4 43 42 1
c 3684 0 1 4 44 42 1
c 3685 0 1 4 38 43 1
c 3686 0 1 4 39 43 1
c 3687 0 1 4 40 43 1
c 3688 0 1 4 41 43 1
c 3689 0 1 4 42 43 1
c 3690 0 1 4 43 43 1
c 3691 0 1 4 44 43 1
c 3692 0 1 4 38 44 1
c 3693 0 1 4 39 44 1
c 3694 0 1 4 40 44 1
c 3695 0 1 4 41 44 1
c 3720 0 3 4 32 32 0
c 3760 0 6 1 56 10 0
c 3800 0 4 2 44 32 0
c 3830 0 5 0 48 36 0
c 3890 0 8 4 32 32 0
c 3910 0 10 4 0 0 0
c 4005 0 2 4 52 52 0
c 4006 0 2 4 53 52 0
c 4007 0 2 4 54 52 0
c 4008 0 2 4 55 52 1
c 4009 0 2 4 56 52 0
c 4010 0 2 4 57 52 0
c 4011 0 2 4 52 53 0
c 4012 0 2 4 53 53 1
c 4013 0 2 4 54 53 0
c 4014 0 2 4 55 53 0
c 4015 0 2 4 56 53 0
c 4016 0 2 4 57 53 1
c 4017 0 2 4 52 54 0
c 4018 0 2 4 53 54 0
c 4019 0 2 4 54 54 0
c 4020 0 2 4 55 54 1
c 4021 0 2 4 56 54 0
c 4022 0 2 4 57 54 0
c 4023 0 2 4 52 55 0
c 4024 0 2 4 53 55 1
c 4025 0 2 4 54 55 0
c 4026 0 2 4 55 55 0
c 4027 0 2 4 56 55 0
c 4028 0 2 4 57 55 1
c 4029 0 2 4 52 56 0
c 4030 0 2 4 53 56 0
c 4031 0 2 4 54 56 0
c 4032 0 2 4 55 56 1
c 4033 0 2 4 56 56 0
c 4034 0 2 4 57 56 0
c 4035 0 2 4 52 57 0
c 4036 0 2 4 53 57 1
c 4037 0 2 4 54 57 0
c 4038 0 2 4 55 57 0
c 4039 0 2 4 56 57 0
c 4040 0 2 4 57 57 1
c 4050 0 1 4 38 38 1
c 4051 0 1 4 39 38 1
c 4052 0 1 4 40 38 1
c 4053 0 1 4 41 38 1
c 4054 0 1 4 42 38 1
c 4055 0 1 4 43 38 1
c 4056 0 1 4 44 38 1
c 4057 0 1 4 38 39 1
c 4058 0 1 4 39 39 1
c 4059 0 1 4 40 39 1
c 4060 0 1 4 41 39 1
c 4061 0 1 4 42 39 1
c 4062 0 1 4 43 39 1
c 4063 0 1 4 44 39 1
c 4064 0 1 4 38 40 1
c 4065 0 1 4 39 40 1
c 4066 0 1 4 40 40 1
c 4067 0 1 4 41 40 1
c 4068 0 1 4 42 40 1
c 4069 0 1 4 43 40 1
c 4070 0 1 4 44 40 1
c 4071 0 1 4 38 41 1
c 4072 0 1 4 39 41 1
c 4073 0 1 4 40 41 1
c 4074 0 1 4 41 41 1
c 4075 0 1 4 42 41 1
c 4076 0 1 4 43 41 1
c 4077 0 1 4 44 41 1
c 4078 0 1 4 38 42 1
c 4079 0 1 4 39 42 1
c 4080 0 1 4 40 42 1
c 4081 0 1 4 41 42 1
c 4082 0 1 4 42 42 1
c 4083 0 1 4 43 42 1
c 4084 0 1 4 44 42 1
c 4085 0 1 4 38 43 1
c 4086 0 1 4 39 43 1
c 4087 0 1 4 40 43 1
c 4088 0 1 4 41 43 1
c 4089 0 1 4 42 43 1
c 4090 0 1 4 43 43 1
c 4091 0 1 4 44 43 1
c 4092 0 1 4 38 44 1
c 4093 0 1 4 39 44 1
c 4094 0 1 4 40 44 1
c 4095 0 1 4 41 44 1
c 4120 0 3 4 32 32 0
c 4160 0 6 2 9 29 0
c 4200 0 4 3 3 61 0
c 4230 0 5 1 15 9 0
c 4290 0 8 4 32 32 0
c 4310 0 10 4 0 0 0
c 4405 0 2 4 52 52 0
c 4406 0 2 4 53 52 0
c 4407 0 2 4 54 52 0
c 4408 0 2 4 55 52 1
c 4409 0 2 4 56 52 0
c 4410 0 2 4 57 52 0
c 4411 0 2 4 52 53 0
c 4412 0 2 4 53 53 1
c 4413 0 2 4 54 53 0
c 4414 0 2 4 55 53 0
c 4415 0 2 4 56 53 0
c 4416 0 2 4 57 53 1
c 4417 0 2 4 52 54 0
c 4418 0 2 4 53 54 0
c 4419 0 2 4 54 54 0
c 4420 0 2 4 55 54 1
c 4421 0 2 4 56 54 0
c 4422 0 2 4 57 54 0
c 4423 0 2 4 52 55 0
c 4424 0 2 4 53 55 1
c 4425 0 2 4 54 55 0
c 4426 0 2 4 55 55 0
c 4427 0 2 4 56 55 0
c 4428 0 2 4 57 55 1
c 4429 0 2 4 52 56 0
c 4430 0 2 4 53 56 0
c 4431 0 2 4 54 56 0
c 4432 0 2 4 55 56 1
c 4433 0 2 4 56 56 0
c 4434 0 2 4 57 56 0
c 4435 0 2 4 52 57 0
c 4436 0 2 4 53 57 1
c 4437 0 2 4 54 57 0
c 4438 0 2 4 55 57 0
c 4439 0 2 4 56 57 0
c 4440 0 2 4 57 57 1
c 4450 0 1 4 38 38 1
c 4451 0 1 4 39 38 1
c 4452 0 1 4 40 38 1
c 4453 0 1 4 41 38 1
c 4454 0 1 4 42 38 1
c 4455 0 1 4 43 38 1
c 4456 0 1 4 44 38 1
c 4457 0 1 4 38 39 1
c 4458 0 1 4 39 39 1
c 4459 0 1 4 40 39 1
c 4460 0 1 4 41 39 1
c 4461 0 1 4 42 39 1
c 4462 0 1 4 43 39 1
c 4463 0 1 4 44 39 1
c 4464 0 1 4 38 40 1
c 4465 0 1 4 39 40 1
c 4466 0 1 4 40 40 1
c 4467 0 1 4 41 40 1
c 4468 0 1 4 42 40 1
c 4469 0 1 4 43 40 1
c 4470 0 1 4 44 40 1
c 4471 0 1 4 38 41 1
c 4472 0 1 4 39 41 1
c 4473 0 1 4 40 41 1
c 4474 0 1 4 41 41 1
c 4475 0 1 4 42 41 1
c 4476 0 1 4 43 41 1
c 4477 0 1 4 44 41 1
c 4478 0 1 4 38 42 1
c 4479 0 1 4 39 42 1
c 4480 0 1 4 40 42 1
c 4481 0 1 4 41 42 1
c 4482 0 1 4 42 42 1
c 4483 0 1 4 43 42 1
c 4484 0 1 4 44 42 1
c 4485 0 1 4 38 43 1
c 4486 0 1 4 39 43 1
c 4487 0 1 4 40 43 1
c 4488 0 1 4 41 43 1
c 4489 0 1 4 42 43 1
c 4490 0 1 4 43 43 1
c 4491 0 1 4 44 43 1
c 4492 0 1 4 38 44 1
c 4493 0 1 4 39 44 1
c 4494 0 1 4 40 44 1
c 4495 0 1 4 41 44 1
c 4520 0 3 4 32 32 0
c 4560 0 6 2 26 48 0
c 4600 0 4 3 26 26 0
c 4630 0 5 1 46 46 0
c 4690 0 8 4 32 32 0
c 4710 0 10 4 0 0 0
c 4805 0 2 4 52 52 0
c 4806 0 2 4 53 52 0
c 4807 0 2 4 54 52 0
c 4808 0 2 4 55 52 1
c 4809 0 2 4 56 52 0
c 4810 0 2 4 57 52 0
c 4811 0 2 4 52 53 0
c 4812 0 2 4 53 53 1
c 4813 0 2 4 54 53 0
c 4814 0 2 4 55 53 0
c 4815 0 2 4 56 53 0
c 4816 0 2 4 57 53 1
c 4817 0 2 4 52 54 0
c 4818 0 2 4 53 54 0
c 4819 0 2 4 54 54 0
c 4820 0 2 4 55 54 1
c 4821 0 2 4 56 54 0
c 4822 0 2 4 57 54 0
c 4823 0 2 4 52 55 0
c 4824 0 2 4 53 55 1
c 4825 0 2 4 54 55 0
c 4826 0 2 4 55 55 0
c 4827 0 2 4 56 55 0
c 4828 0 2 4 57 55 1
c 4829 0 2 4 52 56 0
c 4830 0 2 4 53 56 0
c 4831 0 2 4 54 56 0
c 4832 0 2 4 55 56 1
c 4833 0 2 4 56 56 0
c 4834 0 2 4 57 56 0
c 4835 0 2 4 52 57 0
c 4836 0 2 4 53 57 1
c 4837 0 2 4 54 57 0
c 4838 0 2 4 55 57 0
c 4839 0 2 4 56 57 0
c 4840 0 2 4 57 57 1
c 4850 0 1 4 38 38 1
c 4851 0 1 4 39 38 1
c 4852 0 1 4 40 38 1
c 4853 0 1 4 41 38 1
c 4854 0 1 4 42 38 1
c 4855 0 1 4 43 38 1
c 4856 0 1 4 44 38 1
c 4857 0 1 4 38 39 1
c 4858 0 1 4 39 39 1
c 4859 0 1 4 40 39 1
c 4860 0 1 4 41 39 1
c 4861 0 1 4 42 39 1
c 4862 0 1 4 43 39 1
c 4863 0 1 4 44 39 1
c 4864 0 1 4 38 40 1
c 4865 0 1 4 39 40 1
c 4866 0 1 4 40 40 1
c 4867 0 1 4 41 40 1
c 4868 0 1 4 42 40 1
c 4869 0 1 4 43 40 1
c 4870 0 1 4 44 40 1
c 4871 0 1 4 38 41 1
c 4872 0 1 4 39 41 1
c 4873 0 1 4 40 41 1
c 4874 0 1 4 41 41 1
c 4875 0 1 4 42 41 1
c 4876 0 1 4 43 41 1
c 4877 0 1 4 44 41 1
c 4878 0 1 4 38 42 1
c 4879 0 1 4 39 42 1
c 4880 0 1 4 40 42 1
c 4881 0 1 4 41 42 1
c 4882 0 1 4 42 42 1
c 4883 0 1 4 43 42 1
c 4884 0 1 4 44 42 1
c 4885 0 1 4 38 43 1
c 4886 0 1 4 39 43 1
c 4887 0 1 4 40 43 1
c 4888 0 1 4 41 43 1
c 4889 0 1 4 42 43 1
c 4890 0 1 4 43 43 1
c 4891 0 1 4 44 43 1
c 4892 0 1 4 38 44 1
c 4893 0 1 4 39 44 1
c 4894 0 1 4 40 44 1
c 4895 0 1 4 41 44 1
c 4920 0 3 5 32 32 0
c 4960 0 6 3 43 3 0
c 5000 0 4 0 49 55 0
c 5030 0 5 2 13 19 0
c 5090 0 8 5 32 32 0
c 5110 0 10 4 0 0 0
c 5205 0 2 4 52 52 0
c 5206 0 2 4 53 52 0
c 5207 0 2 4 54 52 0
c 5208 0 2 4 55 52 1
c 5209 0 2 4 56 52 0
c 5210 0 2 4 57 52 0
c 5211 0 2 4 52 53 0
c 5212 0 2 4 53 53 1
c 5213 0 2 4 54 53 0
c 5214 0 2 4 55 53 0
c 5215 0 2 4 56 53 0
c 5216 0 2 4 57 53 1
c 5217 0 2 4 52 54 0
c 5218 0 2 4 53 54 0
c 5219 0 2 4 54 54 0
c 5220 0 2 4 55 54 1
c 5221 0 2 4 56 54 0
c 5222 0 2 4 57 54 0
c 5223 0 2 4 52 55 0
c 5224 0 2 4 53 55 1
c 5225 0 2 4 54 55 0
c 5226 0 2 4 55 55 0
c 5227 0 2 4 56 55 0
c 5228 0 2 4 57 55 1
c 5229 0 2 4 52 56 0
c 5230 0 2 4 53 56 0
c 5231 0 2 4 54 56 0
c 5232 0 2 4 55 56 1
c 5233 0 2 4 56 56 0
c 5234 0 2 4 57 56 0
c 5235 0 2 4 52 57 0
c 5236 0 2 4 53 57 1
c 5237 0 2 4 54 57 0
c 5238 0 2 4 55 57 0
c 5239 0 2 4 56 57 0
c 5240 0 2 4 57 57 1
c 5250 0 1 4 38 38 1
c 5251 0 1 4 39 38 1
c 5252 0 1 4 40 38 1
c 5253 0 1 4 41 38 1
c 5254 0 1 4 42 38 1
c 5255 0 1 4 43 38 1
c 5256 0 1 4 44 38 1
c 5257 0 1 4 38 39 1
c 5258 0 1 4 39 39 1
c 5259 0 1 4 40 39 1
c 5260 0 1 4 41 39 1
c 5261 0 1 4 42 39 1
c 5262 0 1 4 43 39 1
c 5263 0 1 4 44 39 1
c 5264 0 1 4 38 40 1
c 5265 0 1 4 39 40 1
c 5266 0 1 4 40 40 1
c 5267 0 1 4 41 40 1
c 5268 0 1 4 42 40 1
c 5269 0 1 4 43 40 1
c 5270 0 1 4 44 40 1
c 5271 0 1 4 38 41 1
c 5272 0 1 4 39 41 1
c 5273 0 1 4 40 41 1
c 5274 0 1 4 41 41 1
c 5275 0 1 4 42 41 1
c 5276 0 1 4 43 41 1
c 5277 0 1 4 44 41 1
c 5278 0 1 4 38 42 1
c 5279 0 1 4 39 42 1
c 5280 0 1 4 40 42 1
c 5281 0 1 4 41 42 1
c 5282 0 1 4 42 42 1
c 5283 0 1 4 43 42 1
c 5284 0 1 4 44 42 1
c 5285 0 1 4 38 43 1
c 5286 0 1 4 39 43 1
c 5287 0 1 4 40 43 1
c 5288 0 1 4 41 43 1
c 5289 0 1 4 42 43 1
c 5290 0 1 4 43 43 1
c 5291 0 1 4 44 43 1
c 5292 0 1 4 38 44 1
c 5293 0 1 4 39 44 1
c 5294 0 1 4 40 44 1
c 5295 0 1 4 41 44 1
c 5320 0 3 5 32 32 0
c 5360 0 6 3 60 22 0
c 5400 0 4 0 8 20 0
c 5430 0 5 2 44 56 0
c 5490 0 8 5 32 32 0
c 5510 0 10 4 0 0 0
c 5605 0 2 4 52 52 0
c 5606 0 2 4 53 52 0
c 5607 0 2 4 54 52 0
c 5608 0 2 4 55 52 1
c 5609 0 2 4 56 52 0
c 5610 0 2 4 57 52 0
c 5611 0 2 4 52 53 0
c 5612 0 2 4 53 53 1
c 5613 0 2 4 54 53 0
c 5614 0 2 4 55 53 0
c 5615 0 2 4 56 53 0
c 5616 0 2 4 57 53 1
c 5617 0 2 4 52 54 0
c 5618 0 2 4 53 54 0
c 5619 0 2 4 54 54 0
c 5620 0 2 4 55 54 1
c 5621 0 2 4 56 54 0
c 5622 0 2 4 57 54 0
c 5623 0 2 4 52 55 0
c 5624 0 2 4 53 55 1
c 5625 0 2 4 54 55 0
c 5626 0 2 4 55 55 0
c 5627 0 2 4 56 55 0
c 5628 0 2 4 57 55 1
c 5629 0 2 4 52 56 0
c 5630 0 2 4 53 56 0
c 5631 0 2 4 54 56 0
c 5632 0 2 4 55 56 1
c 5633 0 2 4 56 56 0
c 5634 0 2 4 57 56 0
c 5635 0 2 4 52 57 0
c 5636 0 2 4 53 57 1
c 5637 0 2 4 54 57 0
c 5638 0 2 4 55 57 0
c 5639 0 2 4 56 57 0
c 5640 0 2 4 57 57 1
c 5650 0 1 4 38 38 1
c 5651 0 1 4 39 38 1
c 5652 0 1 4 40 38 1
c 5653 0 1 4 41 38 1
c 5654 0 1 4 42 38 1
c 5655 0 1 4 43 38 1
c 5656 0 1 4 44 38 1
c 5657 0 1 4 38 39 1
c 5658 0 1 4 39 39 1
c 5659 0 1 4 40 39 1
c 5660 0 1 4 41 39 1
c 5661 0 1 4 42 39 1
c 5662 0 1 4 43 39 1
c 5663 0 1 4 44 39 1
c 5664 0 1 4 38 40 1
c 5665 0 1 4 39 40 1
c 5666 0 1 4 40 40 1
c 5667 0 1 4 41 40 1
c 5668 0 1 4 42 40 1
c 5669 0 1 4 43 40 1
c 5670 0 1 4 44 40 1
c 5671 0 1 4 38 41 1
c 5672 0 1 4 39 41 1
c 5673 0 1 4 40 41 1
c 5674 0 1 4 41 41 1
c 5675 0 1 4 42 41 1
c 5676 0 1 4 43 41 1
c 5677 0 1 4 44 41 1
c 5678 0 1 4 38 42 1
c 5679 0 1 4 39 42 1
c 5680 0 1 4 40 42 1
c 5681 0 1 4 41 42 1
c 5682 0 1 4 42 42 1
c 5683 0 1 4 43 42 1
c 5684 0 1 4 44 42 1
c 5685 0 1 4 38 43 1
c 5686 0 1 4 39 43 1
c 5687 0 1 4 40 43 1
c 5688 0 1 4 41 43 1
c 5689 0 1 4 42 43 1
c 5690 0 1 4 43 43 1
c 5691 0 1 4 44 43 1
c 5692 0 1 4 38 44 1
c 5693 0 1 4 39 44 1
c 5694 0 1 4 40 44 1
c 5695 0 1 4 41 44 1
c 5720 0 3 5 32 32 0
c 5760 0 6 0 13 41 0
c 5800 0 4 1 31 49 0
c 5830 0 5 3 11 29 0
c 5890 0 8 5 32 32 0
c 5910 0 10 4 0 0 0
c 6005 0 2 4 52 52 0
c 6006 0 2 4 53 52 0
c 6007 0 2 4 54 52 0
c 6008 0 2 4 55 52 1
c 6009 0 2 4 56 52 0
c 6010 0 2 4 57 52 0
c 6011 0 2 4 52 53 0
c 6012 0 2 4 53 53 1
c 6013 0 2 4 54 53 0
c 6014 0 2 4 55 53 0
c 6015 0 2 4 56 53 0
c 6016 0 2 4 57 53 1
c 6017 0 2 4 52 54 0
c 6018 0 2 4 53 54 0
c 6019 0 2 4 54 54 0
c 6020 0 2 4 55 54 1
c 6021 0 2 4 56 54 0
c 6022 0 2 4 57 54 0
c 6023 0 2 4 52 55 0
c 6024 0 2 4 53 55 1
c 6025 0 2 4 54 55 0
c 6026 0 2 4 55 55 0
c 6027 0 2 4 56 55 0
c 6028 0 2 4 57 55 1
c 6029 0 2 4 52 56 0
c 6030 0 2 4 53 56 0
c 6031 0 2 4 54 56 0
c 6032 0 2 4 55 56 1
c 6033 0 2 4 56 56 0
c 6034 0 2 4 57 56 0
c 6035 0 2 4 52 57 0
c 6036 0 2 4 53 57 1
c 6037 0 2 4 54 57 0
c 6038 0 2 4 55 57 0
c 6039 0 2 4 56 57 0
c 6040 0 2 4 57 57 1
c 6050 0 1 4 38 38 1
c 6051 0 1 4 39 38 1
c 6052 0 1 4 40 38 1
c 6053 0 1 4 41 38 1
c 6054 0 1 4 42 38 1
c 6055 0 1 4 43 38 1
c 6056 0 1 4 44 38 1
c 6057 0 1 4 38 39 1
c 6058 0 1 4 39 39 1
c 6059 0 1 4 40 39 1
c 6060 0 1 4 41 39 1
c 6061 0 1 4 42 39 1
c 6062 0 1 4 43 39 1
c 6063 0 1 4 44 39 1
c 6064 0 1 4 38 40 1
c 6065 0 1 4 39 40 1
c 6066 0 1 4 40 40 1
c 6067 0 1 4 41 40 1
c 6068 0 1 4 42 40 1
c 6069 0 1 4 43 40 1
c 6070 0 1 4 44 40 1
c 6071 0 1 4 38 41 1
c 6072 0 1 4 39 41 1
c 6073 0 1 4 40 41 1
c 6074 0 1 4 41 41 1
c 6075 0 1 4 42 41 1
c 6076 0 1 4 43 41 1
c 6077 0 1 4 44 41 1
c 6078 0 1 4 38 42 1
c 6079 0 1 4 39 42 1
c 6080 0 1 4 40 42 1
c 6081 0 1 4 41 42 1
c 6082 0 1 4 42 42 1
c 6083 0 1 4 43 42 1
c 6084 0 1 4 44 42 1
c 6085 0 1 4 38 43 1
c 6086 0 1 4 39 43 1
c 6087 0 1 4 40 43 1
c 6088 0 1 4 41 43 1
c 6089 0 1 4 42 43 1
c 6090 0 1 4 43 43 1
c 6091 0 1 4 44 43 1
c 6092 0 1 4 38 44 1
c 6093 0 1 4 39 44 1
c 6094 0 1 4 40 44 1
c 6095 0 1 4 41 44 1
c 6120 0 3 5 32 32 0
c 6160 0 6 0 30 60 0
c 6200 0 4 1 54 14 0
c 6230 0 5 3 42 2 0
c 6290 0 8 5 32 32 0
c 6310 0 10 4 0 0 0
c 6405 0 2 4 52 52 0
c 6406 0 2 4 53 52 0
c 6407 0 2 4 54 52 0
c 6408 0 2 4 55 52 1
c 6409 0 2 4 56 52 0
c 6410 0 2 4 57 52 0
c 6411 0 2 4 52 53 0
c 6412 0 2 4 53 53 1
c 6413 0 2 4 54 53 0
c 6414 0 2 4 55 53 0
c 6415 0 2 4 56 53 0
c 6416 0 2 4 57 53 1
c 6417 0 2 4 52 54 0
c 6418 0 2 4 53 54 0
c 6419 0 2 4 54 54 0
c 6420 0 2 4 55 54 1
c 6421 0 2 4 56 54 0
c 6422 0 2 4 57 54 0
c 6423 0 2 4 52 55 0
c 6424 0 2 4 53 55 1
c 6425 0 2 4 54 55 0
c 6426 0 2 4 55 55 0
c 6427 0 2 4 56 55 0
c 6428 0 2 4 57 55 1
c 6429 0 2 4 52 56 0
c 6430 0 2 4 53 56 0
c 6431 0 2 4 54 56 0
c 6432 0 2 4 55 56 1
c 6433 0 2 4 56 56 0
c 6434 0 2 4 57 56 0
c 6435 0 2 4 52 57 0
c 6436 0 2 4 53 57 1
c 6437 0 2 4 54 57 0
c 6438 0 2 4 55 57 0
c 6439 0 2 4 56 57 0
c 6440 0 2 4 57 57 1
c 6450 0 1 4 38 38 1
c 6451 0 1 4 39 38 1
c 6452 0 1 4 40 38 1
c 6453 0 1 4 41 38 1
c 6454 0 1 4 42 38 1
c 6455 0 1 4 43 38 1
c 6456 0 1 4 44 38 1
c 6457 0 1 4 38 39 1
c 6458 0 1 4 39 39 1
c 6459 0 1 4 40 39 1
c 6460 0 1 4 41 39 1
c 6461 0 1 4 42 39 1
c 6462 0 1 4 43 39 1
c 6463 0 1 4 44 39 1
c 6464 0 1 4 38 40 1
c 6465 0 1 4 39 40 1
c 6466 0 1 4 40 40 1
c 6467 0 1 4 41 40 1
c 6468 0 1 4 42 40 1
c 6469 0 1 4 43 40 1
c 6470 0 1 4 44 40 1
c 6471 0 1 4 38 41 1
c 6472 0 1 4 39 41 1
c 6473 0 1 4 40 41 1
c 6474 0 1 4 41 41 1
c 6475 0 1 4 42 41 1
c 6476 0 1 4 43 41 1
c 6477 0 1 4 44 41 1
c 6478 0 1 4 38 42 1
c 6479 0 1 4 39 42 1
c 6480 0 1 4 40 42 1
c 6481 0 1 4 41 42 1
c 6482 0 1 4 42 42 1
c 6483 0 1 4 43 42 1
c 6484 0 1 4 44 42 1
c 6485 0 1 4 38 43 1
c 6486 0 1 4 39 43 1
c 6487 0 1 4 40 43 1
c 6488 0 1 4 41 43 1
c 6489 0 1 4 42 43 1
c 6490 0 1 4 43 43 1
c 6491 0 1 4 44 43 1
c 6492 0 1 4 38 44 1
c 6493 0 1 4 39 44 1
c 6494 0 1 4 40 44 1
c 6495 0 1 4 41 44 1
c 6520 0 3 5 32 32 0
c 6560 0 6 1 47 15 0
c 6600 0 4 2 13 43 0
c 6630 0 5 0 9 39 0
c 6690 0 8 5 32 32 0
c 6710 0 10 4 1 0 0
c 6805 0 2 4 52 52 0
c 6806 0 2 4 53 52 0
c 6807 0 2 4 54 52 0
c 6808 0 2 4 55 52 1
c 6809 0 2 4 56 52 0
c 6810 0 2 4 57 52 0
c 6811 0 2 4 52 53 0
c 6812 0 2 4 53 53 1
c 6813 0 2 4 54 53 0
c 6814 0 2 4 55 53 0
c 6815 0 2 4 56 53 0
c 6816 0 2 4 57 53 1
c 6817 0 2 4 52 54 0
c 6818 0 2 4 53 54 0
c 6819 0 2 4 54 54 0
c 6820 0 2 4 55 54 1
c 6821 0 2 4 56 54 0
c 6822 0 2 4 57 54 0
c 6823 0 2 4 52 55 0
c 6824 0 2 4 53 55 1
c 6825 0 2 4 54 55 0
c 6826 0 2 4 55 55 0
c 6827 0 2 4 56 55 0
c 6828 0 2 4 57 55 1
c 6829 0 2 4 52 56 0
c 6830 0 2 4 53 56 0
c 6831 0 2 4 54 56 0
c 6832 0 2 4 55 56 1
c 6833 0 2 4 56 56 0
c 6834 0 2 4 57 56 0
c 6835 0 2 4 52 57 0
c 6836 0 2 4 53 57 1
c 6837 0 2 4 54 57 0
c 6838 0 2 4 55 57 0
c 6839 0 2 4 56 57 0
c 6840 0 2 4 57 57 1
c 6850 0 1 4 38 38 1
c 6851 0 1 4 39 38 1
c 6852 0 1 4 40 38 1
c 6853 0 1 4 41 38 1
c 6854 0 1 4 42 38 1
c 6855 0 1 4 43 38 1
c 6856 0 1 4 44 38 1
c 6857 0 1 4 38 39 1
c 6858 0 1 4 39 39 1
c 6859 0 1 4 40 39 1
c 6860 0 1 4 41 39 1
c 6861 0 1 4 42 39 1
c 6862 0 1 4 43 39 1
c 6863 0 1 4 44 39 1
c 6864 0 1 4 38 40 1
c 6865 0 1 4 39 40 1
c 6866 0 1 4 40 40 1
c 6867 0 1 4 41 40 1
c 6868 0 1 4 42 40 1
c 6869 0 1 4 43 40 1
c 6870 0 1 4 44 40 1
c 6871 0 1 4 38 41 1
c 6872 0 1 4 39 41 1
c 6873 0 1 4 40 41 1
c 6874 0 1 4 41 41 1
c 6875 0 1 4 42 41 1
c 6876 0 1 4 43 41 1
c 6877 0 1 4 44 41 1
c 6878 0 1 4 38 42 1
c 6879 0 1 4 39 42 1
c 6880 0 1 4 40 42 1
c 6881 0 1 4 41 42 1
c 6882 0 1 4 42 42 1
c 6883 0 1 4 43 42 1
c 6884 0 1 4 44 42 1
c 6885 0 1 4 38 43 1
c 6886 0 1 4 39 43 1
c 6887 0 1 4 40 43 1
c 6888 0 1 4 41 43 1
c 6889 0 1 4 42 43 1
c 6890 0 1 4 43 43 1
c 6891 0 1 4 44 43 1
c 6892 0 1 4 38 44 1
c 6893 0 1 4 39 44 1
c 6894 0 1 4 40 44 1
c 6895 0 1 4 41 44 1
c 6920 0 3 5 32 32 0
c 6960 0 6 1 0 34 0
c 7000 0 4 2 36 8 0
c 7030 0 5 0 40 12 0
c 7090 0 8 5 32 32 0
c 7110 0 10 4 0 0 0
c 7205 0 2 4 52 52 0
c 7206 0 2 4 53 52 0
c 7207 0 2 4 54 52 0
c 7208 0 2 4 55 52 1
c 7209 0 2 4 56 52 0
c 7210 0 2 4 57 52 0
c 7211 0 2 4 52 53 0
c 7212 0 2 4 53 53 1
c 7213 0 2 4 54 53 0
c 7214 0 2 4 55 53 0
c 7215 0 2 4 56 53 0
c 7216 0 2 4 57 53 1
c 7217 0 2 4 52 54 0
c 7218 0 2 4 53 54 0
c 7219 0 2 4 54 54 0
c 7220 0 2 4 55 54 1
c 7221 0 2 4 56 54 0
c 7222 0 2 4 57 54 0
c 7223 0 2 4 52 55 0
c 7224 0 2 4 53 55 1
c 7225 0 2 4 54 55 0
c 7226 0 2 4 55 55 0
c 7227 0 2 4 56 55 0
c 7228 0 2 4 57 55 1
c 7229 0 2 4 52 56 0
c 7230 0 2 4 53 56 0
c 7231 0 2 4 54 56 0
c 7232 0 2 4 55 56 1
c 7233 0 2 4 56 56 0
c 7234 0 2 4 57 56 0
c 7235 0 2 4 52 57 0
c 7236 0 2 4 53 57 1
c 7237 0 2 4 54 57 0
c 7238 0 2 4 55 57 0
c 7239 0 2 4 56 57 0
c 7240 0 2 4 57 57 1
c 7250 0 1 4 38 38 1
c 7251 0 1 4 39 38 1
c 7252 0 1 4 40 38 1
c 7253 0 1 4 41 38 1
c 7254 0 1 4 42 38 1
c 7255 0 1 4 43 38 1
c 7256 0 1 4 44 38 1
c 7257 0 1 4 38 39 1
c 7258 0 1 4 39 39 1
c 7259 0 1 4 40 39 1
c 7260 0 1 4 41 39 1
c 7261 0 1 4 42 39 1
c 7262 0 1 4 43 39 1
c 7263 0 1 4 44 39 1
c 7264 0 1 4 38 40 1
c 7265 0 1 4 39 40 1
c 7266 0 1 4 40 40 1
c 7267 0 1 4 41 40 1
c 7268 0 1 4 42 40 1
c 7269 0 1 4 43 40 1
c 7270 0 1 4 44 40 1
c 7271 0 1 4 38 41 1
c 7272 0 1 4 39 41 1
c 7273 0 1 4 40 41 1
c 7274 0 1 4 41 41 1
c 7275 0 1 4 42 41 1
c 7276 0 1 4 43 41 1
c 7277 0 1 4 44 41 1
c 7278 0 1 4 38 42 1
c 7279 0 1 4 39 42 1
c 7280 0 1 4 40 42 1
c 7281 0 1 4 41 42 1
c 7282 0 1 4 42 42 1
c 7283 0 1 4 43 42 1
c 7284 0 1 4 44 42 1
c 7285 0 1 4 38 43 1
c 7286 0 1 4 39 43 1
c 7287 0 1 4 40 43 1
c 7288 0 1 4 41 43 1
c 7289 0 1 4 42 43 1
c 7290 0 1 4 43 43 1
c 7291 0 1 4 44 43 1
c 7292 0 1 4 38 44 1
c 7293 0 1 4 39 44 1
c 7294 0 1 4 40 44 1
c 7295 0 1 4 41 44 1
c 7320 0 3 2 32 32 0
c 7360 0 6 2 17 53 0
c 7400 0 4 3 59 37 0
c 7430 0 5 1 7 49 0
c 7490 0 8 2 32 32 0
c 7510 0 10 4 0 0 0
c 7605 0 2 4 52 52 0
c 7606 0 2 4 53 52 0
c 7607 0 2 4 54 52 0
c 7608 0 2 4 55 52 1
c 7609 0 2 4 56 52 0
c 7610 0 2 4 57 52 0
c 7611 0 2 4 52 53 0
c 7612 0 2 4 53 53 1
c 7613 0 2 4 54 53 0
c 7614 0 2 4 55 53 0
c 7615 0 2 4 56 53 0
c 7616 0 2 4 57 53 1
c 7617 0 2 4 52 54 0
c 7618 0 2 4 53 54 0
c 7619 0 2 4 54 54 0
c 7620 0 2 4 55 54 1
c 7621 0 2 4 56 54 0
c 7622 0 2 4 57 54 0
c 7623 0 2 4 52 55 0
c 7624 0 2 4 53 55 1
c 7625 0 2 4 54 55 0
c 7626 0 2 4 55 55 0
c 7627 0 2 4 56 55 0
c 7628 0 2 4 57 55 1
c 7629 0 2 4 52 56 0
c 7630 0 2 4 53 56 0
c 7631 0 2 4 54 56 0
c 7632 0 2 4 55 56 1
c 7633 0 2 4 56 56 0
c 7634 0 2 4 57 56 0
c 7635 0 2 4 52 57 0
c 7636 0 2 4 53 57 1
c 7637 0 2 4 54 57 0
c 7638 0 2 4 55 57 0
c 7639 0 2 4 56 57 0
c 7640 0 2 4 57 57 1
c 7650 0 1 4 38 38 1
c 7651 0 1 4 39 38 1
c 7652 0 1 4 40 38 1
c 7653 0 1 4 41 38 1
c 7654 0 1 4 42 38 1
c 7655 0 1 4 43 38 1
c 7656 0 1 4 44 38 1
c 7657 0 1 4 38 39 1
c 7658 0 1 4 39 39 1
c 7659 0 1 4 40 39 1
c 7660 0 1 4 41 39 1
c 7661 0 1 4 42 39 1
c 7662 0 1 4 43 39 1
c 7663 0 1 4 44 39 1
c 7664 0 1 4 38 40 1
c 7665 0 1 4 39 40 1
c 7666 0 1 4 40 40 1
c 7667 0 1 4 41 40 1
c 7668 0 1 4 42 40 1
c 7669 0 1 4 43 40 1
c 7670 0 1 4 44 40 1
c 7671 0 1 4 38 41 1
c 7672 0 1 4 39 41 1
c 7673 0 1 4 40 41 1
c 7674 0 1 4 41 41 1
c 7675 0 1 4 42 41 1
c 7676 0 1 4 43 41 1
c 7677 0 1 4 44 41 1
c 7678 0 1 4 38 42 1
c 7679 0 1 4 39 42 1
c 7680 0 1 4 40 42 1
c 7681 0 1 4 41 42 1
c 7682 0 1 4 42 42 1
c 7683 0 1 4 43 42 1
c 7684 0 1 4 44 42 1
c 7685 0 1 4 38 43 1
c 7686 0 1 4 39 43 1
c 7687 0 1 4 40 43 1
c 7688 0 1 4 41 43 1
c 7689 0 1 4 42 43 1
c 7690 0 1 4 43 43 1
c 7691 0 1 4 44 43 1
c 7692 0 1 4 38 44 1
c 7693 0 1 4 39 44 1
c 7694 0 1 4 40 44 1
c 7695 0 1 4 41 44 1
c 7720 0 3 2 32 32 0
c 7760 0 6 2 34 8 0
c 7800 0 4 3 18 2 0
c 7830 0 5 1 38 22 0
c 7890 0 8 2 32 32 0
c 7910 0 10 4 0 0 0
c 8005 0 2 4 52 52 0
c 8006 0 2 4 53 52 0
c 8007 0 2 4 54 52 0
c 8008 0 2 4 55 52 1
c 8009 0 2 4 56 52 0
c 8010 0 2 4 57 52 0
c 8011 0 2 4 52 53 0
c 8012 0 2 4 53 53 1
c 8013 0 2 4 54 53 0
c 8014 0 2 4 55 53 0
c 8015 0 2 4 56 53 0
c 8016 0 2 4 57 53 1
c 8017 0 2 4 52 54 0
c 8018 0 2 4 53 54 0
c 8019 0 2 4 54 54 0
c 8020 0 2 4 55 54 1
c 8021 0 2 4 56 54 0
c 8022 0 2 4 57 54 0
c 8023 0 2 4 52 55 0
c 8024 0 2 4 53 55 1
c 8025 0 2 4 54 55 0
c 8026 0 2 4 55 55 0
c 8027 0 2 4 56 55 0
c 8028 0 2 4 57 55 1
c 8029 0 2 4 52 56 0
c 8030 0 2 4 53 56 0
c 8031 0 2 4 54 56 0
c 8032 0 2 4 55 56 1
c 8033 0 2 4 56 56 0
c 8034 0 2 4 57 56 0
c 8035 0 2 4 52 57 0
c 8036 0 2 4 53 57 1
c 8037 0 2 4 54 57 0
c 8038 0 2 4 55 57 0
c 8039 0 2 4 56 57 0
c 8040 0 2 4 57 57 1
c 8050 0 1 4 38 38 1
c 8051 0 1 4 39 38 1
c 8052 0 1 4 40 38 1
c 8053 0 1 4 41 38 1
c 8054 0 1 4 42 38 1
c 8055 0 1 4 43 38 1
c 8056 0 1 4 44 38 1
c 8057 0 1 4 38 39 1
c 8058 0 1 4 39 39 1
c 8059 0 1 4 40 39 1
c 8060 0 1 4 41 39 1
c 8061 0 1 4 42 39 1
c 8062 0 1 4 43 39 1
c 8063 0 1 4 44 39 1
c 8064 0 1 4 38 40 1
c 8065 0 1 4 39 40 1
c 8066 0 1 4 40 40 1
c 8067 0 1 4 41 40 1
c 8068 0 1 4 42 40 1
c 8069 0 1 4 43 40 1
c 8070 0 1 4 44 40 1
c 8071 0 1 4 38 41 1
c 8072 0 1 4 39 41 1
c 8073 0 1 4 40 41 1
c 8074 0 1 4 41 41 1
c 8075 0 1 4 42 41 1
c 8076 0 1 4 43 41 1
c 8077 0 1 4 44 41 1
c 8078 0 1 4 38 42 1
c 8079 0 1 4 39 42 1
c 8080 0 1 4 40 42 1
c 8081 0 1 4 41 42 1
c 8082 0 1 4 42 42 1
c 8083 0 1 4 43 42 1
c 8084 0 1 4 44 42 1
c 8085 0 1 4 38 43 1
c 8086 0 1 4 39 43 1
c 8087 0 1 4 40 43 1
c 8088 0 1 4 41 43 1
c 8089 0 1 4 42 43 1
c 8090 0 1 4 43 43 1
c 8091 0 1 4 44 43 1
c 8092 0 1 4 38 44 1
c 8093 0 1 4 39 44 1
c 8094 0 1 4 40 44 1
c 8095 0 1 4 41 44 1
c 8120 0 3 2 32 32 0
c 8160 0 6 3 51 27 0
c 8200 0 4 0 41 31 0
c 8230 0 5 2 5 59 0
c 8290 0 8 2 32 32 0
c 8310 0 10 4 0 0 0
c 8405 0 2 4 52 52 0
c 8406 0 2 4 53 52 0
c 8407 0 2 4 54 52 0
c 8408 0 2 4 55 52 1
c 8409 0 2 4 56 52 0
c 8410 0 2 4 57 52 0
c 8411 0 2 4 52 53 0
c 8412 0 2 4 53 53 1
c 8413 0 2 4 54 53 0
c 8414 0 2 4 55 53 0
c 8415 0 2 4 56 53 0
c 8416 0 2 4 57 53 1
c 8417 0 2 4 52 54 0
c 8418 0 2 4 53 54 0
c 8419 0 2 4 54 54 0
c 8420 0 2 4 55 54 1
c 8421 0 2 4 56 54 0
c 8422 0 2 4 57 54 0
c 8423 0 2 4 52 55 0
c 8424 0 2 4 53 55 1
c 8425 0 2 4 54 55 0
c 8426 0 2 4 55 55 0
c 8427 0 2 4 56 55 0
c 8428 0 2 4 57 55 1
c 8429 0 2 4 52 56 0
c 8430 0 2 4 53 56 0
c 8431 0 2 4 54 56 0
c 8432 0 2 4 55 56 1
c 8433 0 2 4 56 56 0
c 8434 0 2 4 57 56 0
c 8435 0 2 4 52 57 0
c 8436 0 2 4 53 57 1
c 8437 0 2 4 54 57 0
c 8438 0 2 4 55 57 0
c 8439 0 2 4 56 57 0
c 8440 0 2 4 57 57 1
c 8450 0 1 4 38 38 1
c 8451 0 1 4 39 38 1
c 8452 0 1 4 40 38 1
c 8453 0 1 4 41 38 1
c 8454 0 1 4 42 38 1
c 8455 0 1 4 43 38 1
c 8456 0 1 4 44 38 1
c 8457 0 1 4 38 39 1
c 8458 0 1 4 39 39 1
c 8459 0 1 4 40 39 1
c 8460 0 1 4 41 39 1
c 8461 0 1 4 42 39 1
c 8462 0 1 4 43 39 1
c 8463 0 1 4 44 39 1
c 8464 0 1 4 38 40 1
c 8465 0 1 4 39 40 1
c 8466 0 1 4 40 40 1
c 8467 0 1 4 41 40 1
c 8468 0 1 4 42 40 1
c 8469 0 1 4 43 40 1
c 8470 0 1 4 44 40 1
c 8471 0 1 4 38 41 1
c 8472 0 1 4 39 41 1
c 8473 0 1 4 40 41 1
c 8474 0 1 4 41 41 1
c 8475 0 1 4 42 41 1
c 8476 0 1 4 43 41 1
c 8477 0 1 4 44 41 1
c 8478 0 1 4 38 42 1
c 8479 0 1 4 39 42 1
c 8480 0 1 4 40 42 1
c 8481 0 1 4 41 42 1
c 8482 0 1 4 42 42 1
c 8483 0 1 4 43 42 1
c 8484 0 1 4 44 42 1
c 8485 0 1 4 38 43 1
c 8486 0 1 4 39 43 1
c 8487 0 1 4 40 43 1
c 8488 0 1 4 41 43 1
c 8489 0 1 4 42 43 1
c 8490 0 1 4 43 43 1
c 8491 0 1 4 44 43 1
c 8492 0 1 4 38 44 1
c 8493 0 1 4 39 44 1
c 8494 0 1 4 40 44 1
c 8495 0 1 4 41 44 1
c 8520 0 3 2 32 32 0
c 8560 0 6 3 4 46 0
c 8600 0 4 0 0 60 0
c 8630 0 5 2 36 32 0
c 8690 0 8 2 32 32 0
c 8710 0 10 4 0 0 0
c 8805 0 2 4 52 52 0
c 8806 0 2 4 53 52 0
c 8807 0 2 4 54 52 0
c 8808 0 2 4 55 52 1
c 8809 0 2 4 56 52 0
c 8810 0 2 4 57 52 0
c 8811 0 2 4 52 53 0
c 8812 0 2 4 53 53 1
c 8813 0 2 4 54 53 0
c 8814 0 2 4 55 53 0
c 8815 0 2 4 56 53 0
c 8816 0 2 4 57 53 1
c 8817 0 2 4 52 54 0
c 8818 0 2 4 53 54 0
c 8819 0 2 4 54 54 0
c 8820 0 2 4 55 54 1
c 8821 0 2 4 56 54 0
c 8822 0 2 4 57 54 0
c 8823 0 2 4 52 55 0
c 8824 0 2 4 53 55 1
c 8825 0 2 4 54 55 0
c 8826 0 2 4 55 55 0
c 8827 0 2 4 56 55 0
c 8828 0 2 4 57 55 1
c 8829 0 2 4 52 56 0
c 8830 0 2 4 53 56 0
c 8831 0 2 4 54 56 0
c 8832 0 2 4 55 56 1
c 8833 0 2 4 56 56 0
c 8834 0 2 4 57 56 0
c 8835 0 2 4 52 57 0
c 8836 0 2 4 53 57 1
c 8837 0 2 4 54 57 0
c 8838 0 2 4 55 57 0
c 8839 0 2 4 56 57 0
c 8840 0 2 4 57 57 1
c 8850 0 1 4 38 38 1
c 8851 0 1 4 39 38 1
c 8852 0 1 4 40 38 1
c 8853 0 1 4 41 38 1
c 8854 0 1 4 42 38 1
c 8855 0 1 4 43 38 1
c 8856 0 1 4 44 38 1
c 8857 0 1 4 38 39 1
c 8858 0 1 4 39 39 1
c 8859 0 1 4 40 39 1
c 8860 0 1 4 41 39 1
c 8861 0 1 4 42 39 1
c 8862 0 1 4 43 39 1
c 8863 0 1 4 44 39 1
c 8864 0 1 4 38 40 1
c 8865 0 1 4 39 40 1
c 8866 0 1 4 40 40 1
c 8867 0 1 4 41 40 1
c 8868 0 1 4 42 40 1
c 8869 0 1 4 43 40 1
c 8870 0 1 4 44 40 1
c 8871 0 1 4 38 41 1
c 8872 0 1 4 39 41 1
c 8873 0 1 4 40 41 1
c 8874 0 1 4 41 41 1
c 8875 0 1 4 42 41 1
c 8876 0 1 4 43 41 1
c 8877 0 1 4 44 41 1
c 8878 0 1 4 38 42 1
c 8879 0 1 4 39 42 1
c 8880 0 1 4 40 42 1
c 8881 0 1 4 41 42 1
c 8882 0 1 4 42 42 1
c 8883 0 1 4 43 42 1
c 8884 0 1 4 44 42 1
c 8885 0 1 4 38 43 1
c 8886 0 1 4 39 43 1
c 8887 0 1 4 40 43 1
c 8888 0 1 4 41 43 1
c 8889 0 1 4 42 43 1
c 8890 0 1 4 43 43 1
c 8891 0 1 4 44 43 1
c 8892 0 1 4 38 44 1
c 8893 0 1 4 39 44 1
c 8894 0 1 4 40 44 1
c 8895 0 1 4 41 44 1
c 8920 0 3 2 32 32 0
c 8960 0 6 0 21 1 0
c 9000 0 4 1 23 25 0
c 9030 0 5 3 3 5 0
c 9090 0 8 2 32 32 0
c 9110 0 10 4 0 0 0
c 9205 0 2 4 52 52 0
c 9206 0 2 4 53 52 0
c 9207 0 2 4 54 52 0
c 9208 0 2 4 55 52 1
c 9209 0 2 4 56 52 0
c 9210 0 2 4 57 52 0
c 9211 0 2 4 52 53 0
c 9212 0 2 4 53 53 1
c 9213 0 2 4 54 53 0
c 9214 0 2 4 55 53 0
c 9215 0 2 4 56 53 0
c 9216 0 2 4 57 53 1
c 9217 0 2 4 52 54 0
c 9218 0 2 4 53 54 0
c 9219 0 2 4 54 54 0
c 9220 0 2 4 55 54 1
c 9221 0 2 4 56 54 0
c 9222 0 2 4 57 54 0
c 9223 0 2 4 52 55 0
c 9224 0 2 4 53 55 1
c 9225 0 2 4 54 55 0
c 9226 0 2 4 55 55 0
c 9227 0 2 4 56 55 0
c 9228 0 2 4 57 55 1
c 9229 0 2 4 52 56 0
c 9230 0 2 4 53 56 0
c 9231 0 2 4 54 56 0
c 9232 0 2 4 55 56 1
c 9233 0 2 4 56 56 0
c 9234 0 2 4 57 56 0
c 9235 0 2 4 52 57 0
c 9236 0 2 4 53 57 1
c 9237 0 2 4 54 57 0
c 9238 0 2 4 55 57 0
c 9239 0 2 4 56 57 0
c 9240 0 2 4 57 57 1
c 9250 0 1 4 38 38 1
c 9251 0 1 4 39 38 1
c 9252 0 1 4 40 38 1
c 9253 0 1 4 41 38 1
c 9254 0 1 4 42 38 1
c 9255 0 1 4 43 38 1
c 9256 0 1 4 44 38 1
c 9257 0 1 4 38 39 1
c 9258 0 1 4 39 39 1
c 9259 0 1 4 40 39 1
c 9260 0 1 4 41 39 1
c 9261 0 1 4 42 39 1
c 9262 0 1 4 43 39 1
c 9263 0 1 4 44 39 1
c 9264 0 1 4 38 40 1
c 9265 0 1 4 39 40 1
c 9266 0 1 4 40 40 1
c 9267 0 1 4 41 40 1
c 9268 0 1 4 42 40 1
c 9269 0 1 4 43 40 1
c 9270 0 1 4 44 40 1
c 9271 0 1 4 38 41 1
c 9272 0 1 4 39 41 1
c 9273 0 1 4 40 41 1
c 9274 0 1 4 41 41 1
c 9275 0 1 4 42 41 1
c 9276 0 1 4 43 41 1
c 9277 0 1 4 44 41 1
c 9278 0 1 4 38 42 1
c 9279 0 1 4 39 42 1
c 9280 0 1 4 40 42 1
c 9281 0 1 4 41 42 1
c 9282 0 1 4 42 42 1
c 9283 0 1 4 43 42 1
c 9284 0 1 4 44 42 1
c 9285 0 1 4 38 43 1
c 9286 0 1 4 39 43 1
c 9287 0 1 4 40 43 1
c 9288 0 1 4 41 43 1
c 9289 0 1 4 42 43 1
c 9290 0 1 4 43 43 1
c 9291 0 1 4 44 43 1
c 9292 0 1 4 38 44 1
c 9293 0 1 4 39 44 1
c 9294 0 1 4 40 44 1
c 9295 0 1 4 41 44 1
c 9320 0 3 2 32 32 0
c 9360 0 6 0 38 20 0
c 9400 0 4 1 46 54 0
c 9430 0 5 3 34 42 0
c 9490 0 8 2 32 32 0
c 9510 0 10 4 0 0 0
c 9605 0 2 4 52 52 0
c 9606 0 2 4 53 52 0
c 9607 0 2 4 54 52 0
c 9608 0 2 4 55 52 1
c 9609 0 2 4 56 52 0
c 9610 0 2 4 57 52 0
c 9611 0 2 4 52 53 0
c 9612 0 2 4 53 53 1
c 9613 0 2 4 54 53 0
c 9614 0 2 4 55 53 0
c 9615 0 2 4 56 53 0
c 9616 0 2 4 57 53 1
c 9617 0 2 4 52 54 0
c 9618 0 2 4 53 54 0
c 9619 0 2 4 54 54 0
c 9620 0 2 4 55 54 1
c 9621 0 2 4 56 54 0
c 9622 0 2 4 57 54 0
c 9623 0 2 4 52 55 0
c 9624 0 2 4 53 55 1
c 9625 0 2 4 54 55 0
c 9626 0 2 4 55 55 0
c 9627 0 2 4 56 55 0
c 9628 0 2 4 57 55 1
c 9629 0 2 4 52 56 0
c 9630 0 2 4 53 56 0
c 9631 0 2 4 54 56 0
c 9632 0 2 4 55 56 1
c 9633 0 2 4 56 56 0
c 9634 0 2 4 57 56 0
c 9635 0 2 4 52 57 0
c 9636 0 2 4 53 57 1
c 9637 0 2 4 54 57 0
c 9638 0 2 4 55 57 0
c 9639 0 2 4 56 57 0
c 9640 0 2 4 57 57 1
c 9650 0 1 4 38 38 1
c 9651 0 1 4 39 38 1
c 9652 0 1 4 40 38 1
c 9653 0 1 4 41 38 1
c 9654 0 1 4 42 38 1
c 9655 0 1 4 43 38 1
c 9656 0 1 4 44 38 1
c 9657 0 1 4 38 39 1
c 9658 0 1 4 39 39 1
c 9659 0 1 4 40 39 1
c 9660 0 1 4 41 39 1
c 9661 0 1 4 42 39 1
c 9662 0 1 4 43 39 1
c 9663 0 1 4 44 39 1
c 9664 0 1 4 38 40 1
c 9665 0 1 4 39 40 1
c 9666 0 1 4 40 40 1
c 9667 0 1 4 41 40 1
c 9668 0 1 4 42 40 1
c 9669 0 1 4 43 40 1
c 9670 0 1 4 44 40 1
c 9671 0 1 4 38 41 1
c 9672 0 1 4 39 41 1
c 9673 0 1 4 40 41 1
c 9674 0 1 4 41 41 1
c 9675 0 1 4 42 41 1
c 9676 0 1 4 43 41 1
c 9677 0 1 4 44 41 1
c 9678 0 1 4 38 42 1
c 9679 0 1 4 39 42 1
c 9680 0 1 4 40 42 1
c 9681 0 1 4 41 42 1
c 9682 0 1 4 42 42 1
c 9683 0 1 4 43 42 1
c 9684 0 1 4 44 42 1
c 9685 0 1 4 38 43 1
c 9686 0 1 4 39 43 1
c 9687 0 1 4 40 43 1
c 9688 0 1 4 41 43 1
c 9689 0 1 4 42 43 1
c 9690 0 1 4 43 43 1
c 9691 0 1 4 44 43 1
c 9692 0 1 4 38 44 1
c 9693 0 1 4 39 44 1
c 9694 0 1 4 40 44 1
c 9695 0 1 4 41 44 1
c 9720 0 3 4 32 32 0
c 9760 0 6 1 55 39 0
c 9800 0 4 2 5 19 0
c 9830 0 5 0 1 15 0
c 9890 0 8 4 32 32 0
c 9910 0 10 4 2 0 0
c 10005 0 2 4 52 52 0
c 10006 0 2 4 53 52 0
c 10007 0 2 4 54 52 0
c 10008 0 2 4 55 52 1
c 10009 0 2 4 56 52 0
c 10010 0 2 4 57 52 0
c 10011 0 2 4 52 53 0
c 10012 0 2 4 53 53 1
c 10013 0 2 4 54 53 0
c 10014 0 2 4 55 53 0
c 10015 0 2 4 56 53 0
c 10016 0 2 4 57 53 1
c 10017 0 2 4 52 54 0
c 10018 0 2 4 53 54 0
c 10019 0 2 4 54 54 0
c 10020 0 2 4 55 54 1
c 10021 0 2 4 56 54 0
c 10022 0 2 4 57 54 0
c 10023 0 2 4 52 55 0
c 10024 0 2 4 53 55 1
c 10025 0 2 4 54 55 0
c 10026 0 2 4 55 55 0
c 10027 0 2 4 56 55 0
c 10028 0 2 4 57 55 1
c 10029 0 2 4 52 56 0
c 10030 0 2 4 53 56 0
c 10031 0 2 4 54 56 0
c 10032 0 2 4 55 56 1
c 10033 0 2 4 56 56 0
c 10034 0 2 4 57 56 0
c 10035 0 2 4 52 57 0
c 10036 0 2 4 53 57 1
c 10037 0 2 4 54 57 0
c 10038 0 2 4 55 57 0
c 10039 0 2 4 56 57 0
c 10040 0 2 4 57 57 1
c 10050 0 1 4 38 38 1
c 10051 0 1 4 39 38 1
c 10052 0 1 4 40 38 1
c 10053 0 1 4 41 38 1
c 10054 0 1 4 42 38 1
c 10055 0 1 4 43 38 1
c 10056 0 1 4 44 38 1
c 10057 0 1 4 38 39 1
c 10058 0 1 4 39 39 1
c 10059 0 1 4 40 39 1
c 10060 0 1 4 41 39 1
c 10061 0 1 4 42 39 1
c 10062 0 1 4 43 39 1
c 10063 0 1 4 44 39 1
c 10064 0 1 4 38 40 1
c 10065 0 1 4 39 40 1
c 10066 0 1 4 40 40 1
c 10067 0 1 4 41 40 1
c 10068 0 1 4 42 40 1
c 10069 0 1 4 43 40 1
c 10070 0 1 4 44 40 1
c 10071 0 1 4 38 41 1
c 10072 0 1 4 39 41 1
c 10073 0 1 4 40 41 1
c 10074 0 1 4 41 41 1
c 10075 0 1 4 42 41 1
c 10076 0 1 4 43 41 1
c 10077 0 1 4 44 41 1
c 10078 0 1 4 38 42 1
c 10079 0 1 4 39 42 1
c 10080 0 1 4 40 42 1
c 10081 0 1 4 41 42 1
c 10082 0 1 4 42 42 1
c 10083 0 1 4 43 42 1
c 10084 0 1 4 44 42 1
c 10085 0 1 4 38 43 1
c 10086 0 1 4 39 43 1
c 10087 0 1 4 40 43 1
c 10088 0 1 4 41 43 1
c 10089 0 1 4 42 43 1
c 10090 0 1 4 43 43 1
c 10091 0 1 4 44 43 1
c 10092 0 1 4 38 44 1
c 10093 0 1 4 39 44 1
c 10094 0 1 4 40 44 1
c 10095 0 1 4 41 44 1
c 10120 0 3 4 32 32 0
c 10160 0 6 1 8 58 0
c 10200 0 4 2 28 48 0
c 10230 0 5 0 32 52 0
c 10290 0 8 4 32 32 0
c 10310 0 10 4 0 0 0
c 10405 0 2 4 52 52 0
c 10406 0 2 4 53 52 0
c 10407 0 2 4 54 52 0
c 10408 0 2 4 55 52 1
c 10409 0 2 4 56 52 0
c 10410 0 2 4 57 52 0
c 10411 0 2 4 52 53 0
c 10412 0 2 4 53 53 1
c 10413 0 2 4 54 53 0
c 10414 0 2 4 55 53 0
c 10415 0 2 4 56 53 0
c 10416 0 2 4 57 53 1
c 10417 0 2 4 52 54 0
c 10418 0 2 4 53 54 0
c 10419 0 2 4 54 54 0
c 10420 0 2 4 55 54 1
c 10421 0 2 4 56 54 0
c 10422 0 2 4 57 54 0
c 10423 0 2 4 52 55 0
c 10424 0 2 4 53 55 1
c 10425 0 2 4 54 55 0
c 10426 0 2 4 55 55 0
c 10427 0 2 4 56 55 0
c 10428 0 2 4 57 55 1
c 10429 0 2 4 52 56 0
c 10430 0 2 4 53 56 0
c 10431 0 2 4 54 56 0
c 10432 0 2 4 55 56 1
c 10433 0 2 4 56 56 0
c 10434 0 2 4 57 56 0
c 10435 0 2 4 52 57 0
c 10436 0 2 4 53 57 1
c 10437 0 2 4 54 57 0
c 10438 0 2 4 55 57 0
c 10439 0 2 4 56 57 0
c 10440 0 2 4 57 57 1
c 10450 0 1 4 38 38 1
c 10451 0 1 4 39 38 1
c 10452 0 1 4 40 38 1
c 10453 0 1 4 41 38 1
c 10454 0 1 4 42 38 1
c 10455 0 1 4 43 38 1
c 10456 0 1 4 44 38 1
c 10457 0 1 4 38 39 1
c 10458 0 1 4 39 39 1
c 10459 0 1 4 40 39 1
c 10460 0 1 4 41 39 1
c 10461 0 1 4 42 39 1
c 10462 0 1 4 43 39 1
c 10463 0 1 4 44 39 1
c 10464 0 1 4 38 40 1
c 10465 0 1 4 39 40 1
c 10466 0 1 4 40 40 1
c 10467 0 1 4 41 40 1
c 10468 0 1 4 42 40 1
c 10469 0 1 4 43 40 1
c 10470 0 1 4 44 40 1
c 10471 0 1 4 38 41 1
c 10472 0 1 4 39 41 1
c 10473 0 1 4 40 41 1
c 10474 0 1 4 41 41 1
c 10475 0 1 4 42 41 1
c 10476 0 1 4 43 41 1
c 10477 0 1 4 44 41 1
c 10478 0 1 4 38 42 1
c 10479 0 1 4 39 42 1
c 10480 0 1 4 40 42 1
c 10481 0 1 4 41 42 1
c 10482 0 1 4 42 42 1
c 10483 0 1 4 43 42 1
c 10484 0 1 4 44 42 1
c 10485 0 1 4 38 43 1
c 10486 0 1 4 39 43 1
c 10487 0 1 4 40 43 1
c 10488 0 1 4 41 43 1
c 10489 0 1 4 42 43 1
c 10490 0 1 4 43 43 1
c 10491 0 1 4 44 43 1
c 10492 0 1 4 38 44 1
c 10493 0 1 4 39 44 1
c 10494 0 1 4 40 44 1
c 10495 0 1 4 41 44 1
c 10520 0 3 4 32 32 0
c 10560 0 6 2 25 13 0
c 10600 0 4 3 51 13 0
c 10630 0 5 1 63 25 0
c 10690 0 8 4 32 32 0
c 10710 0 10 4 0 0 0
c 10805 0 2 4 52 52 0
c 10806 0 2 4 53 52 0
c 10807 0 2 4 54 52 0
c 10808 0 2 4 55 52 1
c 10809 0 2 4 56 52 0
c 10810 0 2 4 57 52 0
c 10811 0 2 4 52 53 0
c 10812 0 2 4 53 53 1
c 10813 0 2 4 54 53 0
c 10814 0 2 4 55 53 0
c 10815 0 2 4 56 53 0
c 10816 0 2 4 57 53 1
c 10817 0 2 4 52 54 0
c 10818 0 2 4 53 54 0
c 10819 0 2 4 54 54 0
c 10820 0 2 4 55 54 1
c 10821 0 2 4 56 54 0
c 10822 0 2 4 57 54 0
c 10823 0 2 4 52 55 0
c 10824 0 2 4 53 55 1
c 10825 0 2 4 54 55 0
c 10826 0 2 4 55 55 0
c 10827 0 2 4 56 55 0
c 10828 0 2 4 57 55 1
c 10829 0 2 4 52 56 0
c 10830 0 2 4 53 56 0
c 10831 0 2 4 54 56 0
c 10832 0 2 4 55 56 1
c 10833 0 2 4 56 56 0
c 10834 0 2 4 57 56 0
c 10835 0 2 4 52 57 0
c 10836 0 2 4 53 57 1
c 10837 0 2 4 54 57 0
c 10838 0 2 4 55 57 0
c 10839 0 2 4 56 57 0
c 10840 0 2 4 57 57 1
c 10850 0 1 4 38 38 1
c 10851 0 1 4 39 38 1
c 10852 0 1 4 40 38 1
c 10853 0 1 4 41 38 1
c 10854 0 1 4 42 38 1
c 10855 0 1 4 43 38 1
c 10856 0 1 4 44 38 1
c 10857 0 1 4 38 39 1
c 10858 0 1 4 39 39 1
c 10859 0 1 4 40 39 1
c 10860 0 1 4 41 39 1
c 10861 0 1 4 42 39 1
c 10862 0 1 4 43 39 1
c 10863 0 1 4 44 39 1
c 10864 0 1 4 38 40 1
c 10865 0 1 4 39 40 1
c 10866 0 1 4 40 40 1
c 10867 0 1 4 41 40 1
c 10868 0 1 4 42 40 1
c 10869 0 1 4 43 40 1
c 10870 0 1 4 44 40 1
c 10871 0 1 4 38 41 1
c 10872 0 1 4 39 41 1
c 10873 0 1 4 40 41 1
c 10874 0 1 4 41 41 1
c 10875 0 1 4 42 41 1
c 10876 0 1 4 43 41 1
c 10877 0 1 4 44 41 1
c 10878 0 1 4 38 42 1
c 10879 0 1 4 39 42 1
c 10880 0 1 4 40 42 1
c 10881 0 1 4 41 42 1
c 10882 0 1 4 42 42 1
c 10883 0 1 4 43 42 1
c 10884 0 1 4 44 42 1
c 10885 0 1 4 38 43 1
c 10886 0 1 4 39 43 1
c 10887 0 1 4 40 43 1
c 10888 0 1 4 41 43 1
c 10889 0 1 4 42 43 1
c 10890 0 1 4 43 43 1
c 10891 0 1 4 44 43 1
c 10892 0 1 4 38 44 1
c 10893 0 1 4 39 44 1
c 10894 0 1 4 40 44 1
c 10895 0 1 4 41 44 1
c 10920 0 3 4 32 32 0
c 10960 0 6 2 42 32 0
c 11000 0 4 3 10 42 0
c 11030 0 5 1 30 62 0
c 11090 0 8 4 32 32 0
c 11110 0 10 4 0 0 0
c 11205 0 2 4 52 52 0
c 11206 0 2 4 53 52 0
c 11207 0 2 4 54 52 0
c 11208 0 2 4 55 52 1
c 11209 0 2 4 56 52 0
c 11210 0 2 4 57 52 0
c 11211 0 2 4 52 53 0
c 11212 0 2 4 53 53 1
c 11213 0 2 4 54 53 0
c 11214 0 2 4 55 53 0
c 11215 0 2 4 56 53 0
c 11216 0 2 4 57 53 1
c 11217 0 2 4 52 54 0
c 11218 0 2 4 53 54 0
c 11219 0 2 4 54 54 0
c 11220 0 2 4 55 54 1
c 11221 0 2 4 56 54 0
c 11222 0 2 4 57 54 0
c 11223 0 2 4 52 55 0
c 11224 0 2 4 53 55 1
c 11225 0 2 4 54 55 0
c 11226 0 2 4 55 55 0
c 11227 0 2 4 56 55 0
c 11228 0 2 4 57 55 1
c 11229 0 2 4 52 56 0
c 11230 0 2 4 53 56 0
c 11231 0 2 4 54 56 0
c 11232 0 2 4 55 56 1
c 11233 0 2 4 56 56 0
c 11234 0 2 4 57 56 0
c 11235 0 2 4 52 57 0
c 11236 0 2 4 53 57 1
c 11237 0 2 4 54 57 0
c 11238 0 2 4 55 57 0
c 11239 0 2 4 56 57 0
c 11240 0 2 4 57 57 1
c 11250 0 1 4 38 38 1
c 11251 0 1 4 39 38 1
c 11252 0 1 4 40 38 1
c 11253 0 1 4 41 38 1
c 11254 0 1 4 42 38 1
c 11255 0 1 4 43 38 1
c 11256 0 1 4 44 38 1
c 11257 0 1 4 38 39 1
c 11258 0 1 4 39 39 1
c 11259 0 1 4 40 39 1
c 11260 0 1 4 41 39 1
c 11261 0 1 4 42 39 1
c 11262 0 1 4 43 39 1
c 11263 0 1 4 44 39 1
c 11264 0 1 4 38 40 1
c 11265 0 1 4 39 40 1
c 11266 0 1 4 40 40 1
c 11267 0 1 4 41 40 1
c 11268 0 1 4 42 40 1
c 11269 0 1 4 43 40 1
c 11270 0 1 4 44 40 1
c 11271 0 1 4 38 41 1
c 11272 0 1 4 39 41 1
c 11273 0 1 4 40 41 1
c 11274 0 1 4 41 41 1
c 11275 0 1 4 42 41 1
c 11276 0 1 4 43 41 1
c 11277 0 1 4 44 41 1
c 11278 0 1 4 38 42 1
c 11279 0 1 4 39 42 1
c 11280 0 1 4 40 42 1
c 11281 0 1 4 41 42 1
c 11282 0 1 4 42 42 1
c 11283 0 1 4 43 42 1
c 11284 0 1 4 44 42 1
c 11285 0 1 4 38 43 1
c 11286 0 1 4 39 43 1
c 11287 0 1 4 40 43 1
c 11288 0 1 4 41 43 1
c 11289 0 1 4 42 43 1
c 11290 0 1 4 43 43 1
c 11291 0 1 4 44 43 1
c 11292 0 1 4 38 44 1
c 11293 0 1 4 39 44 1
c 11294 0 1 4 40 44 1
c 11295 0 1 4 41 44 1
c 11320 0 3 4 32 32 0
c 11360 0 6 3 59 51 0
c 11400 0 4 0 33 7 0
c 11430 0 5 2 61 35 0
c 11490 0 8 4 32 32 0
c 11510 0 10 4 0 0 0
c 11605 0 2 4 52 52 0
c 11606 0 2 4 53 52 0
c 11607 0 2 4 54 52 0
c 11608 0 2 4 55 52 1
c 11609 0 2 4 56 52 0
c 11610 0 2 4 57 52 0
c 11611 0 2 4 52 53 0
c 11612 0 2 4 53 53 1
c 11613 0 2 4 54 53 0
c 11614 0 2 4 55 53 0
c 11615 0 2 4 56 53 0
c 11616 0 2 4 57 53 1
c 11617 0 2 4 52 54 0
c 11618 0 2 4 53 54 0
c 11619 0 2 4 54 54 0
c 11620 0 2 4 55 54 1
c 11621 0 2 4 56 54 0
c 11622 0 2 4 57 54 0
c 11623 0 2 4 52 55 0
c 11624 0 2 4 53 55 1
c 11625 0 2 4 54 55 0
c 11626 0 2 4 55 55 0
c 11627 0 2 4 56 55 0
c 11628 0 2 4 57 55 1
c 11629 0 2 4 52 56 0
c 11630 0 2 4 53 56 0
c 11631 0 2 4 54 56 0
c 11632 0 2 4 55 56 1
c 11633 0 2 4 56 56 0
c 11634 0 2 4 57 56 0
c 11635 0 2 4 52 57 0
c 11636 0 2 4 53 57 1
c 11637 0 2 4 54 57 0
c 11638 0 2 4 55 57 0
c 11639 0 2 4 56 57 0
c 11640 0 2 4 57 57 1
c 11650 0 1 4 38 38 1
c 11651 0 1 4 39 38 1
c 11652 0 1 4 40 38 1
c 11653 0 1 4 41 38 1
c 11654 0 1 4 42 38 1
c 11655 0 1 4 43 38 1
c 11656 0 1 4 44 38 1
c 11657 0 1 4 38 39 1
c 11658 0 1 4 39 39 1
c 11659 0 1 4 40 39 1
c 11660 0 1 4 41 39 1
c 11661 0 1 4 42 39 1
c 11662 0 1 4 43 39 1
c 11663 0 1 4 44 39 1
c 11664 0 1 4 38 40 1
c 11665 0 1 4 39 40 1
c 11666 0 1 4 40 40 1
c 11667 0 1 4 41 40 1
c 11668 0 1 4 42 40 1
c 11669 0 1 4 43 40 1
c 11670 0 1 4 44 40 1
c 11671 0 1 4 38 41 1
c 11672 0 1 4 39 41 1
c 11673 0 1 4 40 41 1
c 11674 0 1 4 41 41 1
c 11675 0 1 4 42 41 1
c 11676 0 1 4 43 41 1
c 11677 0 1 4 44 41 1
c 11678 0 1 4 38 42 1
c 11679 0 1 4 39 42 1
c 11680 0 1 4 40 42 1
c 11681 0 1 4 41 42 1
c 11682 0 1 4 42 42 1
c 11683 0 1 4 43 42 1
c 11684 0 1 4 44 42 1
c 11685 0 1 4 38 43 1
c 11686 0 1 4 39 43 1
c 11687 0 1 4 40 43 1
c 11688 0 1 4 41 43 1
c 11689 0 1 4 42 43 1
c 11690 0 1 4 43 43 1
c 11691 0 1 4 44 43 1
c 11692 0 1 4 38 44 1
c 11693 0 1 4 39 44 1
c 11694 0 1 4 40 44 1
c 11695 0 1 4 41 44 1
c 11720 0 3 4 32 32 0
c 11760 0 6 3 12 6 0
c 11800 0 4 0 56 36 0
c 11830 0 5 2 28 8 0
c 11890 0 8 4 32 32 0
c 11910 0 10 4 0 0 0
c 12005 0 2 4 52 52 0
c 12006 0 2 4 53 52 0
c 12007 0 2 4 54 52 0
c 12008 0 2 4 55 52 1
c 12009 0 2 4 56 52 0
c 12010 0 2 4 57 52 0
c 12011 0 2 4 52 53 0
c 12012 0 2 4 53 53 1
c 12013 0 2 4 54 53 0
c 12014 0 2 4 55 53 0
c 12015 0 2 4 56 53 0
c 12016 0 2 4 57 53 1
c 12017 0 2 4 52 54 0
c 12018 0 2 4 53 54 0
c 12019 0 2 4 54 54 0
c 12020 0 2 4 55 54 1
c 12021 0 2 4 56 54 0
c 12022 0 2 4 57 54 0
c 12023 0 2 4 52 55 0
c 12024 0 2 4 53 55 1
c 12025 0 2 4 54 55 0
c 12026 0 2 4 55 55 0
c 12027 0 2 4 56 55 0
c 12028 0 2 4 57 55 1
c 12029 0 2 4 52 56 0
c 12030 0 2 4 53 56 0
c 12031 0 2 4 54 56 0
c 12032 0 2 4 55 56 1
c 12033 0 2 4 56 56 0
c 12034 0 2 4 57 56 0
c 12035 0 2 4 52 57 0
c 12036 0 2 4 53 57 1
c 12037 0 2 4 54 57 0
c 12038 0 2 4 55 57 0
c 12039 0 2 4 56 57 0
c 12040 0 2 4 57 57 1
c 12050 0 1 4 38 38 1
c 12051 0 1 4 39 38 1
c 12052 0 1 4 40 38 1
c 12053 0 1 4 41 38 1
c 12054 0 1 4 42 38 1
c 12055 0 1 4 43 38 1
c 12056 0 1 4 44 38 1
c 12057 0 1 4 38 39 1
c 12058 0 1 4 39 39 1
c 12059 0 1 4 40 39 1
c 12060 0 1 4 41 39 1
c 12061 0 1 4 42 39 1
c 12062 0 1 4 43 39 1
c 12063 0 1 4 44 39 1
c 12064 0 1 4 38 40 1
c 12065 0 1 4 39 40 1
c 12066 0 1 4 40 40 1
c 12067 0 1 4 41 40 1
c 12068 0 1 4 42 40 1
c 12069 0 1 4 43 40 1
c 12070 0 1 4 44 40 1
c 12071 0 1 4 38 41 1
c 12072 0 1 4 39 41 1
c 12073 0 1 4 40 41 1
c 12074 0 1 4 41 41 1
c 12075 0 1 4 42 41 1
c 12076 0 1 4 43 41 1
c 12077 0 1 4 44 41 1
c 12078 0 1 4 38 42 1
c 12079 0 1 4 39 42 1
c 12080 0 1 4 40 42 1
c 12081 0 1 4 41 42 1
c 12082 0 1 4 42 42 1
c 12083 0 1 4 43 42 1
c 12084 0 1 4 44 42 1
c 12085 0 1 4 38 43 1
c 12086 0 1 4 39 43 1
c 12087 0 1 4 40 43 1
c 12088 0 1 4 41 43 1
c 12089 0 1 4 42 43 1
c 12090 0 1 4 43 43 1
c 12091 0 1 4 44 43 1
c 12092 0 1 4 38 44 1
c 12093 0 1 4 39 44 1
c 12094 0 1 4 40 44 1
c 12095 0 1 4 41 44 1
c 12120 0 3 5 32 32 0
c 12160 0 6 0 29 25 0
c 12200 0 4 1 15 1 0
c 12230 0 5 3 59 45 0
c 12290 0 8 5 32 32 0
c 12310 0 10 4 0 0 0
c 12405 0 2 4 52 52 0
c 12406 0 2 4 53 52 0
c 12407 0 2 4 54 52 0
c 12408 0 2 4 55 52 1
c 12409 0 2 4 56 52 0
c 12410 0 2 4 57 52 0
c 12411 0 2 4 52 53 0
c 12412 0 2 4 53 53 1
c 12413 0 2 4 54 53 0
c 12414 0 2 4 55 53 0
c 12415 0 2 4 56 53 0
c 12416 0 2 4 57 53 1
c 12417 0 2 4 52 54 0
c 12418 0 2 4 53 54 0
c 12419 0 2 4 54 54 0
c 12420 0 2 4 55 54 1
c 12421 0 2 4 56 54 0
c 12422 0 2 4 57 54 0
c 12423 0 2 4 52 55 0
c 12424 0 2 4 53 55 1
c 12425 0 2 4 54 55 0
c 12426 0 2 4 55 55 0
c 12427 0 2 4 56 55 0
c 12428 0 2 4 57 55 1
c 12429 0 2 4 52 56 0
c 12430 0 2 4 53 56 0
c 12431 0 2 4 54 56 0
c 12432 0 2 4 55 56 1
c 12433 0 2 4 56 56 0
c 12434 0 2 4 57 56 0
c 12435 0 2 4 52 57 0
c 12436 0 2 4 53 57 1
c 12437 0 2 4 54 57 0
c 12438 0 2 4 55 57 0
c 12439 0 2 4 56 57 0
c 12440 0 2 4 57 57 1
c 12450 0 1 4 38 38 1
c 12451 0 1 4 39 38 1
c 12452 0 1 4 40 38 1
c 12453 0 1 4 41 38 1
c 12454 0 1 4 42 38 1
c 12455 0 1 4 43 38 1
c 12456 0 1 4 44 38 1
c 12457 0 1 4 38 39 1
c 12458 0 1 4 39 39 1
c 12459 0 1 4 40 39 1
c 12460 0 1 4 41 39 1
c 12461 0 1 4 42 39 1
c 12462 0 1 4 43 39 1
c 12463 0 1 4 44 39 1
c 12464 0 1 4 38 40 1
c 12465 0 1 4 39 40 1
c 12466 0 1 4 40 40 1
c 12467 0 1 4 41 40 1
c 12468 0 1 4 42 40 1
c 12469 0 1 4 43 40 1
c 12470 0 1 4 44 40 1
c 12471 0 1 4 38 41 1
c 12472 0 1 4 39 41 1
c 12473 0 1 4 40 41 1
c 12474 0 1 4 41 41 1
c 12475 0 1 4 42 41 1
c 12476 0 1 4 43 41 1
c 12477 0 1 4 44 41 1
c 12478 0 1 4 38 42 1
c 12479 0 1 4 39 42 1
c 12480 0 1 4 40 42 1
c 12481 0 1 4 41 42 1
c 12482 0 1 4 42 42 1
c 12483 0 1 4 43 42 1
c 12484 0 1 4 44 42 1
c 12485 0 1 4 38 43 1
c 12486 0 1 4 39 43 1
c 12487 0 1 4 40 43 1
c 12488 0 1 4 41 43 1
c 12489 0 1 4 42 43 1
c 12490 0 1 4 43 43 1
c 12491 0 1 4 44 43 1
c 12492 0 1 4 38 44 1
c 12493 0 1 4 39 44 1
c 12494 0 1 4 40 44 1
c 12495 0 1 4 41 44 1
c 12520 0 3 5 32 32 0
c 12560 0 6 0 46 44 0
c 12600 0 4 1 38 30 0
c 12630 0 5 3 26 18 0
c 12690 0 8 5 32 32 0
c 12710 0 10 4 0 0 0
c 12805 0 2 4 52 52 0
c 12806 0 2 4 53 52 0
c 12807 0 2 4 54 52 0
c 12808 0 2 4 55 52 1
c 12809 0 2 4 56 52 0
c 12810 0 2 4 57 52 0
c 12811 0 2 4 52 53 0
c 12812 0 2 4 53 53 1
c 12813 0 2 4 54 53 0
c 12814 0 2 4 55 53 0
c 12815 0 2 4 56 53 0
c 12816 0 2 4 57 53 1
c 12817 0 2 4 52 54 0
c 12818 0 2 4 53 54 0
c 12819 0 2 4 54 54 0
c 12820 0 2 4 55 54 1
c 12821 0 2 4 56 54 0
c 12822 0 2 4 57 54 0
c 12823 0 2 4 52 55 0
c 12824 0 2 4 53 55 1
c 12825 0 2 4 54 55 0
c 12826 0 2 4 55 55 0
c 12827 0 2 4 56 55 0
c 12828 0 2 4 57 55 1
c 12829 0 2 4 52 56 0
c 12830 0 2 4 53 56 0
c 12831 0 2 4 54 56 0
c 12832 0 2 4 55 56 1
c 12833 0 2 4 56 56 0
c 12834 0 2 4 57 56 0
c 12835 0 2 4 52 57 0
c 12836 0 2 4 53 57 1
c 12837 0 2 4 54 57 0
c 12838 0 2 4 55 57 0
c 12839 0 2 4 56 57 0
c 12840 0 2 4 57 57 1
c 12850 0 1 4 38 38 1
c 12851 0 1 4 39 38 1
c 12852 0 1 4 40 38 1
c 12853 0 1 4 41 38 1
c 12854 0 1 4 42 38 1
c 12855 0 1 4 43 38 1
c 12856 0 1 4 44 38 1
c 12857 0 1 4 38 39 1
c 12858 0 1 4 39 39 1
c 12859 0 1 4 40 39 1
c 12860 0 1 4 41 39 1
c 12861 0 1 4 42 39 1
c 12862 0 1 4 43 39 1
c 12863 0 1 4 44 39 1
c 12864 0 1 4 38 40 1
c 12865 0 1 4 39 40 1
c 12866 0 1 4 40 40 1
c 12867 0 1 4 41 40 1
c 12868 0 1 4 42 40 1
c 12869 0 1 4 43 40 1
c 12870 0 1 4 44 40 1
c 12871 0 1 4 38 41 1
c 12872 0 1 4 39 41 1
c 12873 0 1 4 40 41 1
c 12874 0 1 4 41 41 1
c 12875 0 1 4 42 41 1
c 12876 0 1 4 43 41 1
c 12877 0 1 4 44 41 1
c 12878 0 1 4 38 42 1
c 12879 0 1 4 39 42 1
c 12880 0 1 4 40 42 1
c 12881 0 1 4 41 42 1
c 12882 0 1 4 42 42 1
c 12883 0 1 4 43 42 1
c 12884 0 1 4 44 42 1
c 12885 0 1 4 38 43 1
c 12886 0 1 4 39 43 1
c 12887 0 1 4 40 43 1
c 12888 0 1 4 41 43 1
c 12889 0 1 4 42 43 1
c 12890 0 1 4 43 43 1
c 12891 0 1 4 44 43 1
c 12892 0 1 4 38 44 1
c 12893 0 1 4 39 44 1
c 12894 0 1 4 40 44 1
c 12895 0 1 4 41 44 1
c 12920 0 3 5 32 32 0
c 12960 0 6 1 63 63 0
c 13000 0 4 2 61 59 0
c 13030 0 5 0 57 55 0
c 13090 0 8 5 32 32 0
c 13110 0 10 4 1 0 0
c 13205 0 2 4 52 52 0
c 13206 0 2 4 53 52 0
c 13207 0 2 4 54 52 0
c 13208 0 2 4 55 52 1
c 13209 0 2 4 56 52 0
c 13210 0 2 4 57 52 0
c 13211 0 2 4 52 53 0
c 13212 0 2 4 53 53 1
c 13213 0 2 4 54 53 0
c 13214 0 2 4 55 53 0
c 13215 0 2 4 56 53 0
c 13216 0 2 4 57 53 1
c 13217 0 2 4 52 54 0
c 13218 0 2 4 53 54 0
c 13219 0 2 4 54 54 0
c 13220 0 2 4 55 54 1
c 13221 0 2 4 56 54 0
c 13222 0 2 4 57 54 0
c 13223 0 2 4 52 55 0
c 13224 0 2 4 53 55 1
c 13225 0 2 4 54 55 0
c 13226 0 2 4 55 55 0
c 13227 0 2 4 56 55 0
c 13228 0 2 4 57 55 1
c 13229 0 2 4 52 56 0
c 13230 0 2 4 53 56 0
c 13231 0 2 4 54 56 0
c 13232 0 2 4 55 56 1
c 13233 0 2 4 56 56 0
c 13234 0 2 4 57 56 0
c 13235 0 2 4 52 57 0
c 13236 0 2 4 53 57 1
c 13237 0 2 4 54 57 0
c 13238 0 2 4 55 57 0
c 13239 0 2 4 56 57 0
c 13240 0 2 4 57 57 1
c 13250 0 1 4 38 38 1
c 13251 0 1 4 39 38 1
c 13252 0 1 4 40 38 1
c 13253 0 1 4 41 38 1
c 13254 0 1 4 42 38 1
c 13255 0 1 4 43 38 1
c 13256 0 1 4 44 38 1
c 13257 0 1 4 38 39 1
c 13258 0 1 4 39 39 1
c 13259 0 1 4 40 39 1
c 13260 0 1 4 41 39 1
c 13261 0 1 4 42 39 1
c 13262 0 1 4 43 39 1
c 13263 0 1 4 44 39 1
c 13264 0 1 4 38 40 1
c 13265 0 1 4 39 40 1
c 13266 0 1 4 40 40 1
c 13267 0 1 4 41 40 1
c 13268 0 1 4 42 40 1
c 13269 0 1 4 43 40 1
c 13270 0 1 4 44 40 1
c 13271 0 1 4 38 41 1
c 13272 0 1 4 39 41 1
c 13273 0 1 4 40 41 1
c 13274 0 1 4 41 41 1
c 13275 0 1 4 42 41 1
c 13276 0 1 4 43 41 1
c 13277 0 1 4 44 41 1
c 13278 0 1 4 38 42 1
c 13279 0 1 4 39 42 1
c 13280 0 1 4 40 42 1
c 13281 0 1 4 41 42 1
c 13282 0 1 4 42 42 1
c 13283 0 1 4 43 42 1
c 13284 0 1 4 44 42 1
c 13285 0 1 4 38 43 1
c 13286 0 1 4 39 43 1
c 13287 0 1 4 40 43 1
c 13288 0 1 4 41 43 1
c 13289 0 1 4 42 43 1
c 13290 0 1 4 43 43 1
c 13291 0 1 4 44 43 1
c 13292 0 1 4 38 44 1
c 13293 0 1 4 39 44 1
c 13294 0 1 4 40 44 1
c 13295 0 1 4 41 44 1
c 13320 0 3 5 32 32 0
c 13360 0 6 1 16 18 0
c 13400 0 4 2 20 24 0
c 13430 0 5 0 24 28 0
c 13490 0 8 5 32 32 0
c 13510 0 10 4 0 0 0
c 13605 0 2 4 52 52 0
c 13606 0 2 4 53 52 0
c 13607 0 2 4 54 52 0
c 13608 0 2 4 55 52 1
c 13609 0 2 4 56 52 0
c 13610 0 2 4 57 52 0
c 13611 0 2 4 52 53 0
c 13612 0 2 4 53 53 1
c 13613 0 2 4 54 53 0
c 13614 0 2 4 55 53 0
c 13615 0 2 4 56 53 0
c 13616 0 2 4 57 53 1
c 13617 0 2 4 52 54 0
c 13618 0 2 4 53 54 0
c 13619 0 2 4 54 54 0
c 13620 0 2 4 55 54 1
c 13621 0 2 4 56 54 0
c 13622 0 2 4 57 54 0
c 13623 0 2 4 52 55 0
c 13624 0 2 4 53 55 1
c 13625 0 2 4 54 55 0
c 13626 0 2 4 55 55 0
c 13627 0 2 4 56 55 0
c 13628 0 2 4 57 55 1
c 13629 0 2 4 52 56 0
c 13630 0 2 4 53 56 0
c 13631 0 2 4 54 56 0
c 13632 0 2 4 55 56 1
c 13633 0 2 4 56 56 0
c 13634 0 2 4 57 56 0
c 13635 0 2 4 52 57 0
c 13636 0 2 4 53 57 1
c 13637 0 2 4 54 57 0
c 13638 0 2 4 55 57 0
c 13639 0 2 4 56 57 0
c 13640 0 2 4 57 57 1
c 13650 0 1 4 38 38 1
c 13651 0 1 4 39 38 1
c 13652 0 1 4 40 38 1
c 13653 0 1 4 41 38 1
c 13654 0 1 4 42 38 1
c 13655 0 1 4 43 38 1
c 13656 0 1 4 44 38 1
c 13657 0 1 4 38 39 1
c 13658 0 1 4 39 39 1
c 13659 0 1 4 40 39 1
c 13660 0 1 4 41 39 1
c 13661 0 1 4 42 39 1
c 13662 0 1 4 43 39 1
c 13663 0 1 4 44 39 1
c 13664 0 1 4 38 40 1
c 13665 0 1 4 39 40 1
c 13666 0 1 4 40 40 1
c 13667 0 1 4 41 40 1
c 13668 0 1 4 42 40 1
c 13669 0 1 4 43 40 1
c 13670 0 1 4 44 40 1
c 13671 0 1 4 38 41 1
c 13672 0 1 4 39 41 1
c 13673 0 1 4 40 41 1
c 13674 0 1 4 41 41 1
c 13675 0 1 4 42 41 1
c 13676 0 1 4 43 41 1
c 13677 0 1 4 44 41 1
c 13678 0 1 4 38 42 1
c 13679 0 1 4 39 42 1
c 13680 0 1 4 40 42 1
c 13681 0 1 4 41 42 1
c 13682 0 1 4 42 42 1
c 13683 0 1 4 43 42 1
c 13684 0 1 4 44 42 1
c 13685 0 1 4 38 43 1
c 13686 0 1 4 39 43 1
c 13687 0 1 4 40 43 1
c 13688 0 1 4 41 43 1
c 13689 0 1 4 42 43 1
c 13690 0 1 4 43 43 1
c 13691 0 1 4 44 43 1
c 13692 0 1 4 38 44 1
c 13693 0 1 4 39 44 1
c 13694 0 1 4 40 44 1
c 13695 0 1 4 41 44 1
c 13720 0 3 5 32 32 0
c 13760 0 6 2 33 37 0
c 13800 0 4 3 43 53 0
c 13830 0 5 1 55 1 0
c 13890 0 8 5 32 32 0
c 13910 0 10 4 0 0 0
c 14005 0 2 4 52 52 0
c 14006 0 2 4 53 52 0
c 14007 0 2 4 54 52 0
c 14008 0 2 4 55 52 1
c 14009 0 2 4 56 52 0
c 14010 0 2 4 57 52 0
c 14011 0 2 4 52 53 0
c 14012 0 2 4 53 53 1
c 14013 0 2 4 54 53 0
c 14014 0 2 4 55 53 0
c 14015 0 2 4 56 53 0
c 14016 0 2 4 57 53 1
c 14017 0 2 4 52 54 0
c 14018 0 2 4 53 54 0
c 14019 0 2 4 54 54 0
c 14020 0 2 4 55 54 1
c 14021 0 2 4 56 54 0
c 14022 0 2 4 57 54 0
c 14023 0 2 4 52 55 0
c 14024 0 2 4 53 55 1
c 14025 0 2 4 54 55 0
c 14026 0 2 4 55 55 0
c 14027 0 2 4 56 55 0
c 14028 0 2 4 57 55 1
c 14029 0 2 4 52 56 0
c 14030 0 2 4 53 56 0
c 14031 0 2 4 54 56 0
c 14032 0 2 4 55 56 1
c 14033 0 2 4 56 56 0
c 14034 0 2 4 57 56 0
c 14035 0 2 4 52 57 0
c 14036 0 2 4 53 57 1
c 14037 0 2 4 54 57 0
c 14038 0 2 4 55 57 0
c 14039 0 2 4 56 57 0
c 14040 0 2 4 57 57 1
c 14050 0 1 4 38 38 1
c 14051 0 1 4 39 38 1
c 14052 0 1 4 40 38 1
c 14053 0 1 4 41 38 1
c 14054 0 1 4 42 38 1
c 14055 0 1 4 43 38 1
c 14056 0 1 4 44 38 1
c 14057 0 1 4 38 39 1
c 14058 0 1 4 39 39 1
c 14059 0 1 4 40 39 1
c 14060 0 1 4 41 39 1
c 14061 0 1 4 42 39 1
c 14062 0 1 4 43 39 1
c 14063 0 1 4 44 39 1
c 14064 0 1 4 38 40 1
c 14065 0 1 4 39 40 1
c 14066 0 1 4 40 40 1
c 14067 0 1 4 41 40 1
c 14068 0 1 4 42 40 1
c 14069 0 1 4 43 40 1
c 14070 0 1 4 44 40 1
c 14071 0 1 4 38 41 1
c 14072 0 1 4 39 41 1
c 14073 0 1 4 40 41 1
c 14074 0 1 4 41 41 1
c 14075 0 1 4 42 41 1
c 14076 0 1 4 43 41 1
c 14077 0 1 4 44 41 1
c 14078 0 1 4 38 42 1
c 14079 0 1 4 39 42 1
c 14080 0 1 4 40 42 1
c 14081 0 1 4 41 42 1
c 14082 0 1 4 42 42 1
c 14083 0 1 4 43 42 1
c 14084 0 1 4 44 42 1
c 14085 0 1 4 38 43 1
c 14086 0 1 4 39 43 1
c 14087 0 1 4 40 43 1
c 14088 0 1 4 41 43 1
c 14089 0 1 4 42 43 1
c 14090 0 1 4 43 43 1
c 14091 0 1 4 44 43 1
c 14092 0 1 4 38 44 1
c 14093 0 1 4 39 44 1
c 14094 0 1 4 40 44 1
c 14095 0 1 4 41 44 1
c 14120 0 3 5 32 32 0
c 14160 0 6 2 50 56 0
c 14200 0 4 3 2 18 0
c 14230 0 5 1 22 38 0
c 14290 0 8 5 32 32 0
c 14310 0 10 4 0 0 0
c 14405 0 2 4 52 52 0
c 14406 0 2 4 53 52 0
c 14407 0 2 4 54 52 0
c 14408 0 2 4 55 52 1
c 14409 0 2 4 56 52 0
c 14410 0 2 4 57 52 0
c 14411 0 2 4 52 53 0
c 14412 0 2 4 53 53 1
c 14413 0 2 4 54 53 0
c 14414 0 2 4 55 53 0
c 14415 0 2 4 56 53 0
c 14416 0 2 4 57 53 1
c 14417 0 2 4 52 54 0
c 14418 0 2 4 53 54 0
c 14419 0 2 4 54 54 0
c 14420 0 2 4 55 54 1
c 14421 0 2 4 56 54 0
c 14422 0 2 4 57 54 0
c 14423 0 2 4 52 55 0
c 14424 0 2 4 53 55 1
c 14425 0 2 4 54 55 0
c 14426 0 2 4 55 55 0
c 14427 0 2 4 56 55 0
c 14428 0 2 4 57 55 1
c 14429 0 2 4 52 56 0
c 14430 0 2 4 53 56 0
c 14431 0 2 4 54 56 0
c 14432 0 2 4 55 56 1
c 14433 0 2 4 56 56 0
c 14434 0 2 4 57 56 0
c 14435 0 2 4 52 57 0
c 14436 0 2 4 53 57 1
c 14437 0 2 4 54 57 0
c 14438 0 2 4 55 57 0
c 14439 0 2 4 56 57 0
c 14440 0 2 4 57 57 1
c 14450 0 1 4 38 38 1
c 14451 0 1 4 39 38 1
c 14452 0 1 4 40 38 1
c 14453 0 1 4 41 38 1
c 14454 0 1 4 42 38 1
c 14455 0 1 4 43 38 1
c 14456 0 1 4 44 38 1
c 14457 0 1 4 38 39 1
c 14458 0 1 4 39 39 1
c 14459 0 1 4 40 39 1
c 14460 0 1 4 41 39 1
c 14461 0 1 4 42 39 1
c 14462 0 1 4 43 39 1
c 14463 0 1 4 44 39 1
c 14464 0 1 4 38 40 1
c 14465 0 1 4 39 40 1
c 14466 0 1 4 40 40 1
c 14467 0 1 4 41 40 1
c 14468 0 1 4 42 40 1
c 14469 0 1 4 43 40 1
c 14470 0 1 4 44 40 1
c 14471 0 1 4 38 41 1
c 14472 0 1 4 39 41 1
c 14473 0 1 4 40 41 1
c 14474 0 1 4 41 41 1
c 14475 0 1 4 42 41 1
c 14476 0 1 4 43 41 1
c 14477 0 1 4 44 41 1
c 14478 0 1 4 38 42 1
c 14479 0 1 4 39 42 1
c 14480 0 1 4 40 42 1
c 14481 0 1 4 41 42 1
c 14482 0 1 4 42 42 1
c 14483 0 1 4 43 42 1
c 14484 0 1 4 44 42 1
c 14485 0 1 4 38 43 1
c 14486 0 1 4 39 43 1
c 14487 0 1 4 40 43 1
c 14488 0 1 4 41 43 1
c 14489 0 1 4 42 43 1
c 14490 0 1 4 43 43 1
c 14491 0 1 4 44 43 1
c 14492 0 1 4 38 44 1
c 14493 0 1 4 39 44 1
c 14494 0 1 4 40 44 1
c 14495 0 1 4 41 44 1
c 14520 0 3 2 32 32 0
c 14560 0 6 3 3 11 0
c 14600 0 4 0 25 47 0
c 14630 0 5 2 53 11 0
c 14690 0 8 2 32 32 0
c 14710 0 10 4 0 0 0
c 14805 0 2 4 52 52 0
c 14806 0 2 4 53 52 0
c 14807 0 2 4 54 52 0
c 14808 0 2 4 55 52 1
c 14809 0 2 4 56 52 0
c 14810 0 2 4 57 52 0
c 14811 0 2 4 52 53 0
c 14812 0 2 4 53 53 1
c 14813 0 2 4 54 53 0
c 14814 0 2 4 55 53 0
c 14815 0 2 4 56 53 0
c 14816 0 2 4 57 53 1
c 14817 0 2 4 52 54 0
c 14818 0 2 4 53 54 0
c 14819 0 2 4 54 54 0
c 14820 0 2 4 55 54 1
c 14821 0 2 4 56 54 0
c 14822 0 2 4 57 54 0
c 14823 0 2 4 52 55 0
c 14824 0 2 4 53 55 1
c 14825 0 2 4 54 55 0
c 14826 0 2 4 55 55 0
c 14827 0 2 4 56 55 0
c 14828 0 2 4 57 55 1
c 14829 0 2 4 52 56 0
c 14830 0 2 4 53 56 0
c 14831 0 2 4 54 56 0
c 14832 0 2 4 55 56 1
c 14833 0 2 4 56 56 0
c 14834 0 2 4 57 56 0
c 14835 0 2 4 52 57 0
c 14836 0 2 4 53 57 1
c 14837 0 2 4 54 57 0
c 14838 0 2 4 55 57 0
c 14839 0 2 4 56 57 0
c 14840 0 2 4 57 57 1
c 14850 0 1 4 38 38 1
c 14851 0 1 4 39 38 1
c 14852 0 1 4 40 38 1
c 14853 0 1 4 41 38 1
c 14854 0 1 4 42 38 1
c 14855 0 1 4 43 38 1
c 14856 0 1 4 44 38 1
c 14857 0 1 4 38 39 1
c 14858 0 1 4 39 39 1
c 14859 0 1 4 40 39 1
c 14860 0 1 4 41 39 1
c 14861 0 1 4 42 39 1
c 14862 0 1 4 43 39 1
c 14863 0 1 4 44 39 1
c 14864 0 1 4 38 40 1
c 14865 0 1 4 39 40 1
c 14866 0 1 4 40 40 1
c 14867 0 1 4 41 40 1
c 14868 0 1 4 42 40 1
c 14869 0 1 4 43 40 1
c 14870 0 1 4 44 40 1
c 14871 0 1 4 38 41 1
c 14872 0 1 4 39 41 1
c 14873 0 1 4 40 41 1
c 14874 0 1 4 41 41 1
c 14875 0 1 4 42 41 1
c 14876 0 1 4 43 41 1
c 14877 0 1 4 44 41 1
c 14878 0 1 4 38 42 1
c 14879 0 1 4 39 42 1
c 14880 0 1 4 40 42 1
c 14881 0 1 4 41 42 1
c 14882 0 1 4 42 42 1
c 14883 0 1 4 43 42 1
c 14884 0 1 4 44 42 1
c 14885 0 1 4 38 43 1
c 14886 0 1 4 39 43 1
c 14887 0 1 4 40 43 1
c 14888 0 1 4 41 43 1
c 14889 0 1 4 42 43 1
c 14890 0 1 4 43 43 1
c 14891 0 1 4 44 43 1
c 14892 0 1 4 38 44 1
c 14893 0 1 4 39 44 1
c 14894 0 1 4 40 44 1
c 14895 0 1 4 41 44 1
c 14920 0 3 2 32 32 0
c 14960 0 6 3 20 30 0
c 15000 0 4 0 48 12 0
c 15030 0 5 2 20 48 0
c 15090 0 8 2 32 32 0
c 15110 0 10 4 0 0 0
c 15205 0 2 4 52 52 0
c 15206 0 2 4 53 52 0
c 15207 0 2 4 54 52 0
c 15208 0 2 4 55 52 1
c 15209 0 2 4 56 52 0
c 15210 0 2 4 57 52 0
c 15211 0 2 4 52 53 0
c 15212 0 2 4 53 53 1
c 15213 0 2 4 54 53 0
c 15214 0 2 4 55 53 0
c 15215 0 2 4 56 53 0
c 15216 0 2 4 57 53 1
c 15217 0 2 4 52 54 0
c 15218 0 2 4 53 54 0
c 15219 0 2 4 54 54 0
c 15220 0 2 4 55 54 1
c 15221 0 2 4 56 54 0
c 15222 0 2 4 57 54 0
c 15223 0 2 4 52 55 0
c 15224 0 2 4 53 55 1
c 15225 0 2 4 54 55 0
c 15226 0 2 4 55 55 0
c 15227 0 2 4 56 55 0
c 15228 0 2 4 57 55 1
c 15229 0 2 4 52 56 0
c 15230 0 2 4 53 56 0
c 15231 0 2 4 54 56 0
c 15232 0 2 4 55 56 1
c 15233 0 2 4 56 56 0
c 15234 0 2 4 57 56 0
c 15235 0 2 4 52 57 0
c 15236 0 2 4 53 57 1
c 15237 0 2 4 54 57 0
c 15238 0 2 4 55 57 0
c 15239 0 2 4 56 57 0
c 15240 0 2 4 57 57 1
c 15250 0 1 4 38 38 1
c 15251 0 1 4 39 38 1
c 15252 0 1 4 40 38 1
c 15253 0 1 4 41 38 1
c 15254 0 1 4 42 38 1
c 15255 0 1 4 43 38 1
c 15256 0 1 4 44 38 1
c 15257 0 1 4 38 39 1
c 15258 0 1 4 39 39 1
c 15259 0 1 4 40 39 1
c 15260 0 1 4 41 39 1
c 15261 0 1 4 42 39 1
c 15262 0 1 4 43 39 1
c 15263 0 1 4 44 39 1
c 15264 0 1 4 38 40 1
c 15265 0 1 4 39 40 1
c 15266 0 1 4 40 40 1
c 15267 0 1 4 41 40 1
c 15268 0 1 4 42 40 1
c 15269 0 1 4 43 40 1
c 15270 0 1 4 44 40 1
c 15271 0 1 4 38 41 1
c 15272 0 1 4 39 41 1
c 15273 0 1 4 40 41 1
c 15274 0 1 4 41 41 1
c 15275 0 1 4 42 41 1
c 15276 0 1 4 43 41 1
c 15277 0 1 4 44 41 1
c 15278 0 1 4 38 42 1
c 15279 0 1 4 39 42 1
c 15280 0 1 4 40 42 1
c 15281 0 1 4 41 42 1
c 15282 0 1 4 42 42 1
c 15283 0 1 4 43 42 1
c 15284 0 1 4 44 42 1
c 15285 0 1 4 38 43 1
c 15286 0 1 4 39 43 1
c 15287 0 1 4 40 43 1
c 15288 0 1 4 41 43 1
c 15289 0 1 4 42 43 1
c 15290 0 1 4 43 43 1
c 15291 0 1 4 44 43 1
c 15292 0 1 4 38 44 1
c 15293 0 1 4 39 44 1
c 15294 0 1 4 40 44 1
c 15295 0 1 4 41 44 1
c 15320 0 3 2 32 32 0
c 15360 0 6 0 37 49 0
c 15400 0 4 1 7 41 0
c 15430 0 5 3 51 21 0
c 15490 0 8 2 32 32 0
c 15510 0 10 4 0 0 0
c 15605 0 2 4 52 52 0
c 15606 0 2 4 53 52 0
c 15607 0 2 4 54 52 0
c 15608 0 2 4 55 52 1
c 15609 0 2 4 56 52 0
c 15610 0 2 4 57 52 0
c 15611 0 2 4 52 53 0
c 15612 0 2 4 53 53 1
c 15613 0 2 4 54 53 0
c 15614 0 2 4 55 53 0
c 15615 0 2 4 56 53 0
c 15616 0 2 4 57 53 1
c 15617 0 2 4 52 54 0
c 15618 0 2 4 53 54 0
c 15619 0 2 4 54 54 0
c 15620 0 2 4 55 54 1
c 15621 0 2 4 56 54 0
c 15622 0 2 4 57 54 0
c 15623 0 2 4 52 55 0
c 15624 0 2 4 53 55 1
c 15625 0 2 4 54 55 0
c 15626 0 2 4 55 55 0
c 15627 0 2 4 56 55 0
c 15628 0 2 4 57 55 1
c 15629 0 2 4 52 56 0
c 15630 0 2 4 53 56 0
c 15631 0 2 4 54 56 0
c 15632 0 2 4 55 56 1
c 15633 0 2 4 56 56 0
c 15634 0 2 4 57 56 0
c 15635 0 2 4 52 57 0
c 15636 0 2 4 53 57 1
c 15637 0 2 4 54 57 0
c 15638 0 2 4 55 57 0
c 15639 0 2 4 56 57 0
c 15640 0 2 4 57 57 1
c 15650 0 1 4 38 38 1
c 15651 0 1 4 39 38 1
c 15652 0 1 4 40 38 1
c 15653 0 1 4 41 38 1
c 15654 0 1 4 42 38 1
c 15655 0 1 4 43 38 1
c 15656 0 1 4 44 38 1
c 15657 0 1 4 38 39 1
c 15658 0 1 4 39 39 1
c 15659 0 1 4 40 39 1
c 15660 0 1 4 41 39 1
c 15661 0 1 4 42 39 1
c 15662 0 1 4 43 39 1
c 15663 0 1 4 44 39 1
c 15664 0 1 4 38 40 1
c 15665 0 1 4 39 40 1
c 15666 0 1 4 40 40 1
c 15667 0 1 4 41 40 1
c 15668 0 1 4 42 40 1
c 15669 0 1 4 43 40 1
c 15670 0 1 4 44 40 1
c 15671 0 1 4 38 41 1
c 15672 0 1 4 39 41 1
c 15673 0 1 4 40 41 1
c 15674 0 1 4 41 41 1
c 15675 0 1 4 42 41 1
c 15676 0 1 4 43 41 1
c 15677 0 1 4 44 41 1
c 15678 0 1 4 38 42 1
c 15679 0 1 4 39 42 1
c 15680 0 1 4 40 42 1
c 15681 0 1 4 41 42 1
c 15682 0 1 4 42 42 1
c 15683 0 1 4 43 42 1
c 15684 0 1 4 44 42 1
c 15685 0 1 4 38 43 1
c 15686 0 1 4 39 43 1
c 15687 0 1 4 40 43 1
c 15688 0 1 4 41 43 1
c 15689 0 1 4 42 43 1
c 15690 0 1 4 43 43 1
c 15691 0 1 4 44 43 1
c 15692 0 1 4 38 44 1
c 15693 0 1 4 39 44 1
c 15694 0 1 4 40 44 1
c 15695 0 1 4 41 44 1
c 15720 0 3 2 32 32 0
c 15760 0 6 0 54 4 0
c 15800 0 4 1 30 6 0
c 15830 0 5 3 18 58 0
c 15890 0 8 2 32 32 0
c 15910 0 10 4 0 0 0
c 16005 0 2 4 52 52 0
c 16006 0 2 4 53 52 0
c 16007 0 2 4 54 52 0
c 16008 0 2 4 55 52 1
c 16009 0 2 4 56 52 0
c 16010 0 2 4 57 52 0
c 16011 0 2 4 52 53 0
c 16012 0 2 4 53 53 1
c 16013 0 2 4 54 53 0
c 16014 0 2 4 55 53 0
c 16015 0 2 4 56 53 0
c 16016 0 2 4 57 53 1
c 16017 0 2 4 52 54 0
c 16018 0 2 4 53 54 0
c 16019 0 2 4 54 54 0
c 16020 0 2 4 55 54 1
c 16021 0 2 4 56 54 0
c 16022 0 2 4 57 54 0
c 16023 0 2 4 52 55 0
c 16024 0 2 4 53 55 1
c 16025 0 2 4 54 55 0
c 16026 0 2 4 55 55 0
c 16027 0 2 4 56 55 0
c 16028 0 2 4 57 55 1
c 16029 0 2 4 52 56 0
c 16030 0 2 4 53 56 0
c 16031 0 2 4 54 56 0
c 16032 0 2 4 55 56 1
c 16033 0 2 4 56 56 0
c 16034 0 2 4 57 56 0
c 16035 0 2 4 52 57 0
c 16036 0 2 4 53 57 1
c 16037 0 2 4 54 57 0
c 16038 0 2 4 55 57 0
c 16039 0 2 4 56 57 0
c 16040 0 2 4 57 57 1
c 16050 0 1 4 38 38 1
c 16051 0 1 4 39 38 1
c 16052 0 1 4 40 38 1
c 16053 0 1 4 41 38 1
c 16054 0 1 4 42 38 1
c 16055 0 1 4 43 38 1
c 16056 0 1 4 44 38 1
c 16057 0 1 4 38 39 1
c 16058 0 1 4 39 39 1
c 16059 0 1 4 40 39 1
c 16060 0 1 4 41 39 1
c 16061 0 1 4 42 39 1
c 16062 0 1 4 43 39 1
c 16063 0 1 4 44 39 1
c 16064 0 1 4 38 40 1
c 16065 0 1 4 39 40 1
c 16066 0 1 4 40 40 1
c 16067 0 1 4 41 40 1
c 16068 0 1 4 42 40 1
c 16069 0 1 4 43 40 1
c 16070 0 1 4 44 40 1
c 16071 0 1 4 38 41 1
c 16072 0 1 4 39 41 1
c 16073 0 1 4 40 41 1
c 16074 0 1 4 41 41 1
c 16075 0 1 4 42 41 1
c 16076 0 1 4 43 41 1
c 16077 0 1 4 44 41 1
c 16078 0 1 4 38 42 1
c 16079 0 1 4 39 42 1
c 16080 0 1 4 40 42 1
c 16081 0 1 4 41 42 1
c 16082 0 1 4 42 42 1
c 16083 0 1 4 43 42 1
c 16084 0 1 4 44 42 1
c 16085 0 1 4 38 43 1
c 16086 0 1 4 39 43 1
c 16087 0 1 4 40 43 1
c 16088 0 1 4 41 43 1
c 16089 0 1 4 42 43 1
c 16090 0 1 4 43 43 1
c 16091 0 1 4 44 43 1
c 16092 0 1 4 38 44 1
c 16093 0 1 4 39 44 1
c 16094 0 1 4 40 44 1
c 16095 0 1 4 41 44 1
c 16120 0 3 2 32 32 0
c 16160 0 6 1 7 23 0
c 16200 0 4 2 53 35 0
c 16230 0 5 0 49 31 0
c 16290 0 8 2 32 32 0
c 16310 0 10 4 2 0 0
c 16405 0 2 4 52 52 0
c 16406 0 2 4 53 52 0
c 16407 0 2 4 54 52 0
c 16408 0 2 4 55 52 1
c 16409 0 2 4 56 52 0
c 16410 0 2 4 57 52 0
c 16411 0 2 4 52 53 0
c 16412 0 2 4 53 53 1
c 16413 0 2 4 54 53 0
c 16414 0 2 4 55 53 0
c 16415 0 2 4 56 53 0
c 16416 0 2 4 57 53 1
c 16417 0 2 4 52 54 0
c 16418 0 2 4 53 54 0
c 16419 0 2 4 54 54 0
c 16420 0 2 4 55 54 1
c 16421 0 2 4 56 54 0
c 16422 0 2 4 57 54 0
c 16423 0 2 4 52 55 0
c 16424 0 2 4 53 55 1
c 16425 0 2 4 54 55 0
c 16426 0 2 4 55 55 0
c 16427 0 2 4 56 55 0
c 16428 0 2 4 57 55 1
c 16429 0 2 4 52 56 0
c 16430 0 2 4 53 56 0
c 16431 0 2 4 54 56 0
c 16432 0 2 4 55 56 1
c 16433 0 2 4 56 56 0
c 16434 0 2 4 57 56 0
c 16435 0 2 4 52 57 0
c 16436 0 2 4 53 57 1
c 16437 0 2 4 54 57 0
c 16438 0 2 4 55 57 0
c 16439 0 2 4 56 57 0
c 16440 0 2 4 57 57 1
c 16450 0 1 4 38 38 1
c 16451 0 1 4 39 38 1
c 16452 0 1 4 40 38 1
c 16453 0 1 4 41 38 1
c 16454 0 1 4 42 38 1
c 16455 0 1 4 43 38 1
c 16456 0 1 4 44 38 1
c 16457 0 1 4 38 39 1
c 16458 0 1 4 39 39 1
c 16459 0 1 4 40 39 1
c 16460 0 1 4 41 39 1
c 16461 0 1 4 42 39 1
c 16462 0 1 4 43 39 1
c 16463 0 1 4 44 39 1
c 16464 0 1 4 38 40 1
c 16465 0 1 4 39 40 1
c 16466 0 1 4 40 40 1
c 16467 0 1 4 41 40 1
c 16468 0 1 4 42 40 1
c 16469 0 1 4 43 40 1
c 16470 0 1 4 44 40 1
c 16471 0 1 4 38 41 1
c 16472 0 1 4 39 41 1
c 16473 0 1 4 40 41 1
c 16474 0 1 4 41 41 1
c 16475 0 1 4 42 41 1
c 16476 0 1 4 43 41 1
c 16477 0 1 4 44 41 1
c 16478 0 1 4 38 42 1
c 16479 0 1 4 39 42 1
c 16480 0 1 4 40 42 1
c 16481 0 1 4 41 42 1
c 16482 0 1 4 42 42 1
c 16483 0 1 4 43 42 1
c 16484 0 1 4 44 42 1
c 16485 0 1 4 38 43 1
c 16486 0 1 4 39 43 1
c 16487 0 1 4 40 43 1
c 16488 0 1 4 41 43 1
c 16489 0 1 4 42 43 1
c 16490 0 1 4 43 43 1
c 16491 0 1 4 44 43 1
c 16492 0 1 4 38 44 1
c 16493 0 1 4 39 44 1
c 16494 0 1 4 40 44 1
c 16495 0 1 4 41 44 1
c 16520 0 3 2 32 32 0
c 16560 0 6 1 24 42 0
c 16600 0 4 2 12 0 0
c 16630 0 5 0 16 4 0
c 16690 0 8 2 32 32 0
c 16710 0 10 4 0 0 0
c 16805 0 2 4 52 52 0
c 16806 0 2 4 53 52 0
c 16807 0 2 4 54 52 0
c 16808 0 2 4 55 52 1
c 16809 0 2 4 56 52 0
c 16810 0 2 4 57 52 0
c 16811 0 2 4 52 53 0
c 16812 0 2 4 53 53 1
c 16813 0 2 4 54 53 0
c 16814 0 2 4 55 53 0
c 16815 0 2 4 56 53 0
c 16816 0 2 4 57 53 1
c 16817 0 2 4 52 54 0
c 16818 0 2 4 53 54 0
c 16819 0 2 4 54 54 0
c 16820 0 2 4 55 54 1
c 16821 0 2 4 56 54 0
c 16822 0 2 4 57 54 0
c 16823 0 2 4 52 55 0
c 16824 0 2 4 53 55 1
c 16825 0 2 4 54 55 0
c 16826 0 2 4 55 55 0
c 16827 0 2 4 56 55 0
c 16828 0 2 4 57 55 1
c 16829 0 2 4 52 56 0
c 16830 0 2 4 53 56 0
c 16831 0 2 4 54 56 0
c 16832 0 2 4 55 56 1
c 16833 0 2 4 56 56 0
c 16834 0 2 4 57 56 0
c 16835 0 2 4 52 57 0
c 16836 0 2 4 53 57 1
c 16837 0 2 4 54 57 0
c 16838 0 2 4 55 57 0
c 16839 0 2 4 56 57 0
c 16840 0 2 4 57 57 1
c 16850 0 1 4 38 38 1
c 16851 0 1 4 39 38 1
c 16852 0 1 4 40 38 1
c 16853 0 1 4 41 38 1
c 16854 0 1 4 42 38 1
c 16855 0 1 4 43 38 1
c 16856 0 1 4 44 38 1
c 16857 0 1 4 38 39 1
c 16858 0 1 4 39 39 1
c 16859 0 1 4 40 39 1
c 16860 0 1 4 41 39 1
c 16861 0 1 4 42 39 1
c 16862 0 1 4 43 39 1
c 16863 0 1 4 44 39 1
c 16864 0 1 4 38 40 1
c 16865 0 1 4 39 40 1
c 16866 0 1 4 40 40 1
c 16867 0 1 4 41 40 1
c 16868 0 1 4 42 40 1
c 16869 0 1 4 43 40 1
c 16870 0 1 4 44 40 1
c 16871 0 1 4 38 41 1
c 16872 0 1 4 39 41 1
c 16873 0 1 4 40 41 1
c 16874 0 1 4 41 41 1
c 16875 0 1 4 42 41 1
c 16876 0 1 4 43 41 1
c 16877 0 1 4 44 41 1
c 16878 0 1 4 38 42 1
c 16879 0 1 4 39 42 1
c 16880 0 1 4 40 42 1
c 16881 0 1 4 41 42 1
c 16882 0 1 4 42 42 1
c 16883 0 1 4 43 42 1
c 16884 0 1 4 44 42 1
c 16885 0 1 4 38 43 1
c 16886 0 1 4 39 43 1
c 16887 0 1 4 40 43 1
c 16888 0 1 4 41 43 1
c 16889 0 1 4 42 43 1
c 16890 0 1 4 43 43 1
c 16891 0 1 4 44 43 1
c 16892 0 1 4 38 44 1
c 16893 0 1 4 39 44 1
c 16894 0 1 4 40 44 1
c 16895 0 1 4 41 44 1
c 16920 0 3 4 32 32 0
c 16960 0 6 2 41 61 0
c 17000 0 4 3 35 29 0
c 17030 0 5 1 47 41 0
c 17090 0 8 4 32 32 0
c 17110 0 10 4 0 0 0
c 17205 0 2 4 52 52 0
c 17206 0 2 4 53 52 0
c 17207 0 2 4 54 52 0
c 17208 0 2 4 55 52 1
c 17209 0 2 4 56 52 0
c 17210 0 2 4 57 52 0
c 17211 0 2 4 52 53 0
c 17212 0 2 4 53 53 1
c 17213 0 2 4 54 53 0
c 17214 0 2 4 55 53 0
c 17215 0 2 4 56 53 0
c 17216 0 2 4 57 53 1
c 17217 0 2 4 52 54 0
c 17218 0 2 4 53 54 0
c 17219 0 2 4 54 54 0
c 17220 0 2 4 55 54 1
c 17221 0 2 4 56 54 0
c 17222 0 2 4 57 54 0
c 17223 0 2 4 52 55 0
c 17224 0 2 4 53 55 1
c 17225 0 2 4 54 55 0
c 17226 0 2 4 55 55 0
c 17227 0 2 4 56 55 0
c 17228 0 2 4 57 55 1
c 17229 0 2 4 52 56 0
c 17230 0 2 4 53 56 0
c 17231 0 2 4 54 56 0
c 17232 0 2 4 55 56 1
c 17233 0 2 4 56 56 0
c 17234 0 2 4 57 56 0
c 17235 0 2 4 52 57 0
c 17236 0 2 4 53 57 1
c 17237 0 2 4 54 57 0
c 17238 0 2 4 55 57 0
c 17239 0 2 4 56 57 0
c 17240 0 2 4 57 57 1
c 17250 0 1 4 38 38 1
c 17251 0 1 4 39 38 1
c 17252 0 1 4 40 38 1
c 17253 0 1 4 41 38 1
c 17254 0 1 4 42 38 1
c 17255 0 1 4 43 38 1
c 17256 0 1 4 44 38 1
c 17257 0 1 4 38 39 1
c 17258 0 1 4 39 39 1
c 17259 0 1 4 40 39 1
c 17260 0 1 4 41 39 1
c 17261 0 1 4 42 39 1
c 17262 0 1 4 43 39 1
c 17263 0 1 4 44 39 1
c 17264 0 1 4 38 40 1
c 17265 0 1 4 39 40 1
c 17266 0 1 4 40 40 1
c 17267 0 1 4 41 40 1
c 17268 0 1 4 42 40 1
c 17269 0 1 4 43 40 1
c 17270 0 1 4 44 40 1
c 17271 0 1 4 38 41 1
c 17272 0 1 4 39 41 1
c 17273 0 1 4 40 41 1
c 17274 0 1 4 41 41 1
c 17275 0 1 4 42 41 1
c 17276 0 1 4 43 41 1
c 17277 0 1 4 44 41 1
c 17278 0 1 4 38 42 1
c 17279 0 1 4 39 42 1
c 17280 0 1 4 40 42 1
c 17281 0 1 4 41 42 1
c 17282 0 1 4 42 42 1
c 17283 0 1 4 43 42 1
c 17284 0 1 4 44 42 1
c 17285 0 1 4 38 43 1
c 17286 0 1 4 39 43 1
c 17287 0 1 4 40 43 1
c 17288 0 1 4 41 43 1
c 17289 0 1 4 42 43 1
c 17290 0 1 4 43 43 1
c 17291 0 1 4 44 43 1
c 17292 0 1 4 38 44 1
c 17293 0 1 4 39 44 1
c 17294 0 1 4 40 44 1
c 17295 0 1 4 41 44 1
c 17320 0 3 4 32 32 0
c 17360 0 6 2 58 16 0
c 17400 0 4 3 58 58 0
c 17430 0 5 1 14 14 0
c 17490 0 8 4 32 32 0
c 17510 0 10 4 0 0 0
c 17605 0 2 4 52 52 0
c 17606 0 2 4 53 52 0
c 17607 0 2 4 54 52 0
c 17608 0 2 4 55 52 1
c 17609 0 2 4 56 52 0
c 17610 0 2 4 57 52 0
c 17611 0 2 4 52 53 0
c 17612 0 2 4 53 53 1
c 17613 0 2 4 54 53 0
c 17614 0 2 4 55 53 0
c 17615 0 2 4 56 53 0
c 17616 0 2 4 57 53 1
c 17617 0 2 4 52 54 0
c 17618 0 2 4 53 54 0
c 17619 0 2 4 54 54 0
c 17620 0 2 4 55 54 1
c 17621 0 2 4 56 54 0
c 17622 0 2 4 57 54 0
c 17623 0 2 4 52 55 0
c 17624 0 2 4 53 55 1
c 17625 0 2 4 54 55 0
c 17626 0 2 4 55 55 0
c 17627 0 2 4 56 55 0
c 17628 0 2 4 57 55 1
c 17629 0 2 4 52 56 0
c 17630 0 2 4 53 56 0
c 17631 0 2 4 54 56 0
c 17632 0 2 4 55 56 1
c 17633 0 2 4 56 56 0
c 17634 0 2 4 57 56 0
c 17635 0 2 4 52 57 0
c 17636 0 2 4 53 57 1
c 17637 0 2 4 54 57 0
c 17638 0 2 4 55 57 0
c 17639 0 2 4 56 57 0
c 17640 0 2 4 57 57 1
c 17650 0 1 4 38 38 1
c 17651 0 1 4 39 38 1
c 17652 0 1 4 40 38 1
c 17653 0 1 4 41 38 1
c 17654 0 1 4 42 38 1
c 17655 0 1 4 43 38 1
c 17656 0 1 4 44 38 1
c 17657 0 1 4 38 39 1
c 17658 0 1 4 39 39 1
c 17659 0 1 4 40 39 1
c 17660 0 1 4 41 39 1
c 17661 0 1 4 42 39 1
c 17662 0 1 4 43 39 1
c 17663 0 1 4 44 39 1
c 17664 0 1 4 38 40 1
c 17665 0 1 4 39 40 1
c 17666 0 1 4 40 40 1
c 17667 0 1 4 41 40 1
c 17668 0 1 4 42 40 1
c 17669 0 1 4 43 40 1
c 17670 0 1 4 44 40 1
c 17671 0 1 4 38 41 1
c 17672 0 1 4 39 41 1
c 17673 0 1 4 40 41 1
c 17674 0 1 4 41 41 1
c 17675 0 1 4 42 41 1
c 17676 0 1 4 43 41 1
c 17677 0 1 4 44 41 1
c 17678 0 1 4 38 42 1
c 17679 0 1 4 39 42 1
c 17680 0 1 4 40 42 1
c 17681 0 1 4 41 42 1
c 17682 0 1 4 42 42 1
c 17683 0 1 4 43 42 1
c 17684 0 1 4 44 42 1
c 17685 0 1 4 38 43 1
c 17686 0 1 4 39 43 1
c 17687 0 1 4 40 43 1
c 17688 0 1 4 41 43 1
c 17689 0 1 4 42 43 1
c 17690 0 1 4 43 43 1
c 17691 0 1 4 44 43 1
c 17692 0 1 4 38 44 1
c 17693 0 1 4 39 44 1
c 17694 0 1 4 40 44 1
c 17695 0 1 4 41 44 1
c 17720 0 3 4 32 32 0
c 17760 0 6 3 11 35 0
c 17800 0 4 0 17 23 0
c 17830 0 5 2 45 51 0
c 17890 0 8 4 32 32 0
c 17910 0 10 4 0 0 0
c 18005 0 2 4 52 52 0
c 18006 0 2 4 53 52 0
c 18007 0 2 4 54 52 0
c 18008 0 2 4 55 52 1
c 18009 0 2 4 56 52 0
c 18010 0 2 4 57 52 0
c 18011 0 2 4 52 53 0
c 18012 0 2 4 53 53 1
c 18013 0 2 4 54 53 0
c 18014 0 2 4 55 53 0
c 18015 0 2 4 56 53 0
c 18016 0 2 4 57 53 1
c 18017 0 2 4 52 54 0
c 18018 0 2 4 53 54 0
c 18019 0 2 4 54 54 0
c 18020 0 2 4 55 54 1
c 18021 0 2 4 56 54 0
c 18022 0 2 4 57 54 0
c 18023 0 2 4 52 55 0
c 18024 0 2 4 53 55 1
c 18025 0 2 4 54 55 0
c 18026 0 2 4 55 55 0
c 18027 0 2 4 56 55 0
c 18028 0 2 4 57 55 1
c 18029 0 2 4 52 56 0
c 18030 0 2 4 53 56 0
c 18031 0 2 4 54 56 0
c 18032 0 2 4 55 56 1
c 18033 0 2 4 56 56 0
c 18034 0 2 4 57 56 0
c 18035 0 2 4 52 57 0
c 18036 0 2 4 53 57 1
c 18037 0 2 4 54 57 0
c 18038 0 2 4 55 57 0
c 18039 0 2 4 56 57 0
c 18040 0 2 4 57 57 1
c 18050 0 1 4 38 38 1
c 18051 0 1 4 39 38 1
c 18052 0 1 4 40 38 1
c 18053 0 1 4 41 38 1
c 18054 0 1 4 42 38 1
c 18055 0 1 4 43 38 1
c 18056 0 1 4 44 38 1
c 18057 0 1 4 38 39 1
c 18058 0 1 4 39 39 1
c 18059 0 1 4 40 39 1
c 18060 0 1 4 41 39 1
c 18061 0 1 4 42 39 1
c 18062 0 1 4 43 39 1
c 18063 0 1 4 44 39 1
c 18064 0 1 4 38 40 1
c 18065 0 1 4 39 40 1
c 18066 0 1 4 40 40 1
c 18067 0 1 4 41 40 1
c 18068 0 1 4 42 40 1
c 18069 0 1 4 43 40 1
c 18070 0 1 4 44 40 1
c 18071 0 1 4 38 41 1
c 18072 0 1 4 39 41 1
c 18073 0 1 4 40 41 1
c 18074 0 1 4 41 41 1
c 18075 0 1 4 42 41 1
c 18076 0 1 4 43 41 1
c 18077 0 1 4 44 41 1
c 18078 0 1 4 38 42 1
c 18079 0 1 4 39 42 1
c 18080 0 1 4 40 42 1
c 18081 0 1 4 41 42 1
c 18082 0 1 4 42 42 1
c 18083 0 1 4 43 42 1
c 18084 0 1 4 44 42 1
c 18085 0 1 4 38 43 1
c 18086 0 1 4 39 43 1
c 18087 0 1 4 40 43 1
c 18088 0 1 4 41 43 1
c 18089 0 1 4 42 43 1
c 18090 0 1 4 43 43 1
c 18091 0 1 4 44 43 1
c 18092 0 1 4 38 44 1
c 18093 0 1 4 39 44 1
c 18094 0 1 4 40 44 1
c 18095 0 1 4 41 44 1
c 18120 0 3 4 32 32 0
c 18160 0 6 3 28 54 0
c 18200 0 4 0 40 52 0
c 18230 0 5 2 12 24 0
c 18290 0 8 4 32 32 0
c 18310 0 10 4 0 0 0
c 18405 0 2 4 52 52 0
c 18406 0 2 4 53 52 0
c 18407 0 2 4 54 52 0
c 18408 0 2 4 55 52 1
c 18409 0 2 4 56 52 0
c 18410 0 2 4 57 52 0
c 18411 0 2 4 52 53 0
c 18412 0 2 4 53 53 1
c 18413 0 2 4 54 53 0
c 18414 0 2 4 55 53 0
c 18415 0 2 4 56 53 0
c 18416 0 2 4 57 53 1
c 18417 0 2 4 52 54 0
c 18418 0 2 4 53 54 0
c 18419 0 2 4 54 54 0
c 18420 0 2 4 55 54 1
c 18421 0 2 4 56 54 0
c 18422 0 2 4 57 54 0
c 18423 0 2 4 52 55 0
c 18424 0 2 4 53 55 1
c 18425 0 2 4 54 55 0
c 18426 0 2 4 55 55 0
c 18427 0 2 4 56 55 0
c 18428 0 2 4 57 55 1
c 18429 0 2 4 52 56 0
c 18430 0 2 4 53 56 0
c 18431 0 2 4 54 56 0
c 18432 0 2 4 55 56 1
c 18433 0 2 4 56 56 0
c 18434 0 2 4 57 56 0
c 18435 0 2 4 52 57 0
c 18436 0 2 4 53 57 1
c 18437 0 2 4 54 57 0
c 18438 0 2 4 55 57 0
c 18439 0 2 4 56 57 0
c 18440 0 2 4 57 57 1
c 18450 0 1 4 38 38 1
c 18451 0 1 4 39 38 1
c 18452 0 1 4 40 38 1
c 18453 0 1 4 41 38 1
c 18454 0 1 4 42 38 1
c 18455 0 1 4 43 38 1
c 18456 0 1 4 44 38 1
c 18457 0 1 4 38 39 1
c 18458 0 1 4 39 39 1
c 18459 0 1 4 40 39 1
c 18460 0 1 4 41 39 1
c 18461 0 1 4 42 39 1
c 18462 0 1 4 43 39 1
c 18463 0 1 4 44 39 1
c 18464 0 1 4 38 40 1
c 18465 0 1 4 39 40 1
c 18466 0 1 4 40 40 1
c 18467 0 1 4 41 40 1
c 18468 0 1 4 42 40 1
c 18469 0 1 4 43 40 1
c 18470 0 1 4 44 40 1
c 18471 0 1 4 38 41 1
c 18472 0 1 4 39 41 1
c 18473 0 1 4 40 41 1
c 18474 0 1 4 41 41 1
c 18475 0 1 4 42 41 1
c 18476 0 1 4 43 41 1
c 18477 0 1 4 44 41 1
c 18478 0 1 4 38 42 1
c 18479 0 1 4 39 42 1
c 18480 0 1 4 40 42 1
c 18481 0 1 4 41 42 1
c 18482 0 1 4 42 42 1
c 18483 0 1 4 43 42 1
c 18484 0 1 4 44 42 1
c 18485 0 1 4 38 43 1
c 18486 0 1 4 39 43 1
c 18487 0 1 4 40 43 1
c 18488 0 1 4 41 43 1
c 18489 0 1 4 42 43 1
c 18490 0 1 4 43 43 1
c 18491 0 1 4 44 43 1
c 18492 0 1 4 38 44 1
c 18493 0 1 4 39 44 1
c 18494 0 1 4 40 44 1
c 18495 0 1 4 41 44 1
c 18520 0 3 4 32 32 0
c 18560 0 6 0 45 9 0
c 18600 0 4 1 63 17 0
c 18630 0 5 3 43 61 0
c 18690 0 8 4 32 32 0
c 18710 0 10 4 0 0 0
c 18805 0 2 4 52 52 0
c 18806 0 2 4 53 52 0
c 18807 0 2 4 54 52 0
c 18808 0 2 4 55 52 1
c 18809 0 2 4 56 52 0
c 18810 0 2 4 57 52 0
c 18811 0 2 4 52 53 0
c 18812 0 2 4 53 53 1
c 18813 0 2 4 54 53 0
c 18814 0 2 4 55 53 0
c 18815 0 2 4 56 53 0
c 18816 0 2 4 57 53 1
c 18817 0 2 4 52 54 0
c 18818 0 2 4 53 54 0
c 18819 0 2 4 54 54 0
c 18820 0 2 4 55 54 1
c 18821 0 2 4 56 54 0
c 18822 0 2 4 57 54 0
c 18823 0 2 4 52 55 0
c 18824 0 2 4 53 55 1
c 18825 0 2 4 54 55 0
c 18826 0 2 4 55 55 0
c 18827 0 2 4 56 55 0
c 18828 0 2 4 57 55 1
c 18829 0 2 4 52 56 0
c 18830 0 2 4 53 56 0
c 18831 0 2 4 54 56 0
c 18832 0 2 4 55 56 1
c 18833 0 2 4 56 56 0
c 18834 0 2 4 57 56 0
c 18835 0 2 4 52 57 0
c 18836 0 2 4 53 57 1
c 18837 0 2 4 54 57 0
c 18838 0 2 4 55 57 0
c 18839 0 2 4 56 57 0
c 18840 0 2 4 57 57 1
c 18850 0 1 4 38 38 1
c 18851 0 1 4 39 38 1
c 18852 0 1 4 40 38 1
c 18853 0 1 4 41 38 1
c 18854 0 1 4 42 38 1
c 18855 0 1 4 43 38 1
c 18856 0 1 4 44 38 1
c 18857 0 1 4 38 39 1
c 18858 0 1 4 39 39 1
c 18859 0 1 4 40 39 1
c 18860 0 1 4 41 39 1
c 18861 0 1 4 42 39 1
c 18862 0 1 4 43 39 1
c 18863 0 1 4 44 39 1
c 18864 0 1 4 38 40 1
c 18865 0 1 4 39 40 1
c 18866 0 1 4 40 40 1
c 18867 0 1 4 41 40 1
c 18868 0 1 4 42 40 1
c 18869 0 1 4 43 40 1
c 18870 0 1 4 44 40 1
c 18871 0 1 4 38 41 1
c 18872 0 1 4 39 41 1
c 18873 0 1 4 40 41 1
c 18874 0 1 4 41 41 1
c 18875 0 1 4 42 41 1
c 18876 0 1 4 43 41 1
c 18877 0 1 4 44 41 1
c 18878 0 1 4 38 42 1
c 18879 0 1 4 39 42 1
c 18880 0 1 4 40 42 1
c 18881 0 1 4 41 42 1
c 18882 0 1 4 42 42 1
c 18883 0 1 4 43 42 1
c 18884 0 1 4 44 42 1
c 18885 0 1 4 38 43 1
c 18886 0 1 4 39 43 1
c 18887 0 1 4 40 43 1
c 18888 0 1 4 41 43 1
c 18889 0 1 4 42 43 1
c 18890 0 1 4 43 43 1
c 18891 0 1 4 44 43 1
c 18892 0 1 4 38 44 1
c 18893 0 1 4 39 44 1
c 18894 0 1 4 40 44 1
c 18895 0 1 4 41 44 1
c 18920 0 3 4 32 32 0
c 18960 0 6 0 62 28 0
c 19000 0 4 1 22 46 0
c 19030 0 5 3 10 34 0
c 19090 0 8 4 32 32 0
c 19110 0 10 4 0 0 0
c 19205 0 2 4 52 52 0
c 19206 0 2 4 53 52 0
c 19207 0 2 4 54 52 0
c 19208 0 2 4 55 52 1
c 19209 0 2 4 56 52 0
c 19210 0 2 4 57 52 0
c 19211 0 2 4 52 53 0
c 19212 0 2 4 53 53 1
c 19213 0 2 4 54 53 0
c 19214 0 2 4 55 53 0
c 19215 0 2 4 56 53 0
c 19216 0 2 4 57 53 1
c 19217 0 2 4 52 54 0
c 19218 0 2 4 53 54 0
c 19219 0 2 4 54 54 0
c 19220 0 2 4 55 54 1
c 19221 0 2 4 56 54 0
c 19222 0 2 4 57 54 0
c 19223 0 2 4 52 55 0
c 19224 0 2 4 53 55 1
c 19225 0 2 4 54 55 0
c 19226 0 2 4 55 55 0
c 19227 0 2 4 56 55 0
c 19228 0 2 4 57 55 1
c 19229 0 2 4 52 56 0
c 19230 0 2 4 53 56 0
c 19231 0 2 4 54 56 0
c 19232 0 2 4 55 56 1
c 19233 0 2 4 56 56 0
c 19234 0 2 4 57 56 0
c 19235 0 2 4 52 57 0
c 19236 0 2 4 53 57 1
c 19237 0 2 4 54 57 0
c 19238 0 2 4 55 57 0
c 19239 0 2 4 56 57 0
c 19240 0 2 4 57 57 1
c 19250 0 1 4 38 38 1
c 19251 0 1 4 39 38 1
c 19252 0 1 4 40 38 1
c 19253 0 1 4 41 38 1
c 19254 0 1 4 42 38 1
c 19255 0 1 4 43 38 1
c 19256 0 1 4 44 38 1
c 19257 0 1 4 38 39 1
c 19258 0 1 4 39 39 1
c 19259 0 1 4 40 39 1
c 19260 0 1 4 41 39 1
c 19261 0 1 4 42 39 1
c 19262 0 1 4 43 39 1
c 19263 0 1 4 44 39 1
c 19264 0 1 4 38 40 1
c 19265 0 1 4 39 40 1
c 19266 0 1 4 40 40 1
c 19267 0 1 4 41 40 1
c 19268 0 1 4 42 40 1
c 19269 0 1 4 43 40 1
c 19270 0 1 4 44 40 1
c 19271 0 1 4 38 41 1
c 19272 0 1 4 39 41 1
c 19273 0 1 4 40 41 1
c 19274 0 1 4 41 41 1
c 19275 0 1 4 42 41 1
c 19276 0 1 4 43 41 1
c 19277 0 1 4 44 41 1
c 19278 0 1 4 38 42 1
c 19279 0 1 4 39 42 1
c 19280 0 1 4 40 42 1
c 19281 0 1 4 41 42 1
c 19282 0 1 4 42 42 1
c 19283 0 1 4 43 42 1
c 19284 0 1 4 44 42 1
c 19285 0 1 4 38 43 1
c 19286 0 1 4 39 43 1
c 19287 0 1 4 40 43 1
c 19288 0 1 4 41 43 1
c 19289 0 1 4 42 43 1
c 19290 0 1 4 43 43 1
c 19291 0 1 4 44 43 1
c 19292 0 1 4 38 44 1
c 19293 0 1 4 39 44 1
c 19294 0 1 4 40 44 1
c 19295 0 1 4 41 44 1
c 19320 0 3 5 32 32 0
c 19360 0 6 1 15 47 0
c 19400 0 4 2 45 11 0
c 19430 0 5 0 41 7 0
c 19490 0 8 5 32 32 0
c 19510 0 10 4 1 0 0
c 19605 0 2 4 52 52 0
c 19606 0 2 4 53 52 0
c 19607 0 2 4 54 52 0
c 19608 0 2 4 55 52 1
c 19609 0 2 4 56 52 0
c 19610 0 2 4 57 52 0
c 19611 0 2 4 52 53 0
c 19612 0 2 4 53 53 1
c 19613 0 2 4 54 53 0
c 19614 0 2 4 55 53 0
c 19615 0 2 4 56 53 0
c 19616 0 2 4 57 53 1
c 19617 0 2 4 52 54 0
c 19618 0 2 4 53 54 0
c 19619 0 2 4 54 54 0
c 19620 0 2 4 55 54 1
c 19621 0 2 4 56 54 0
c 19622 0 2 4 57 54 0
c 19623 0 2 4 52 55 0
c 19624 0 2 4 53 55 1
c 19625 0 2 4 54 55 0
c 19626 0 2 4 55 55 0
c 19627 0 2 4 56 55 0
c 19628 0 2 4 57 55 1
c 19629 0 2 4 52 56 0
c 19630 0 2 4 53 56 0
c 19631 0 2 4 54 56 0
c 19632 0 2 4 55 56 1
c 19633 0 2 4 56 56 0
c 19634 0 2 4 57 56 0
c 19635 0 2 4 52 57 0
c 19636 0 2 4 53 57 1
c 19637 0 2 4 54 57 0
c 19638 0 2 4 55 57 0
c 19639 0 2 4 56 57 0
c 19640 0 2 4 57 57 1
c 19650 0 1 4 38 38 1
c 19651 0 1 4 39 38 1
c 19652 0 1 4 40 38 1
c 19653 0 1 4 41 38 1
c 19654 0 1 4 42 38 1
c 19655 0 1 4 43 38 1
c 19656 0 1 4 44 38 1
c 19657 0 1 4 38 39 1
c 19658 0 1 4 39 39 1
c 19659 0 1 4 40 39 1
c 19660 0 1 4 41 39 1
c 19661 0 1 4 42 39 1
c 19662 0 1 4 43 39 1
c 19663 0 1 4 44 39 1
c 19664 0 1 4 38 40 1
c 19665 0 1 4 39 40 1
c 19666 0 1 4 40 40 1
c 19667 0 1 4 41 40 1
c 19668 0 1 4 42 40 1
c 19669 0 1 4 43 40 1
c 19670 0 1 4 44 40 1
c 19671 0 1 4 38 41 1
c 19672 0 1 4 39 41 1
c 19673 0 1 4 40 41 1
c 19674 0 1 4 41 41 1
c 19675 0 1 4 42 41 1
c 19676 0 1 4 43 41 1
c 19677 0 1 4 44 41 1
c 19678 0 1 4 38 42 1
c 19679 0 1 4 39 42 1
c 19680 0 1 4 40 42 1
c 19681 0 1 4 41 42 1
c 19682 0 1 4 42 42 1
c 19683 0 1 4 43 42 1
c 19684 0 1 4 44 42 1
c 19685 0 1 4 38 43 1
c 19686 0 1 4 39 43 1
c 19687 0 1 4 40 43 1
c 19688 0 1 4 41 43 1
c 19689 0 1 4 42 43 1
c 19690 0 1 4 43 43 1
c 19691 0 1 4 44 43 1
c 19692 0 1 4 38 44 1
c 19693 0 1 4 39 44 1
c 19694 0 1 4 40 44 1
c 19695 0 1 4 41 44 1
c 19720 0 3 5 32 32 0
c 19760 0 6 1 32 2 0
c 19800 0 4 2 4 40 0
c 19830 0 5 0 8 44 0
c 19890 0 8 5 32 32 0
c 19910 0 10 4 0 0 0
