# diomano session log v1 — generated by `diomano-cli`
# commands: c <tick> <player> <verb> <face> <x> <y> <modifier>
seed 1592590336
n 64
terrain 0
powers 255
free_powers 1
ai 0
endless 1
# profile: war
ticks 20000
c 5 0 2 4 52 52 0
c 6 0 2 4 53 52 0
c 7 0 2 4 54 52 0
c 8 0 2 4 55 52 1
c 9 0 2 4 56 52 0
c 10 0 2 4 57 52 0
c 11 0 2 4 52 53 0
c 12 0 2 4 53 53 1
c 13 0 2 4 54 53 0
c 14 0 2 4 55 53 0
c 15 0 2 4 56 53 0
c 16 0 2 4 57 53 1
c 17 0 2 4 52 54 0
c 18 0 2 4 53 54 0
c 19 0 2 4 54 54 0
c 20 0 2 4 55 54 1
c 21 0 2 4 56 54 0
c 22 0 2 4 57 54 0
c 23 0 2 4 52 55 0
c 24 0 2 4 53 55 1
c 25 0 2 4 54 55 0
c 26 0 2 4 55 55 0
c 27 0 2 4 56 55 0
c 28 0 2 4 57 55 1
c 29 0 2 4 52 56 0
c 30 0 2 4 53 56 0
c 31 0 2 4 54 56 0
c 32 0 2 4 55 56 1
c 33 0 2 4 56 56 0
c 34 0 2 4 57 56 0
c 35 0 2 4 52 57 0
c 36 0 2 4 53 57 1
c 37 0 2 4 54 57 0
c 38 0 2 4 55 57 0
c 39 0 2 4 56 57 0
c 40 0 2 4 57 57 1
c 50 0 1 4 38 38 1
c 51 0 1 4 39 38 1
c 52 0 1 4 40 38 1
c 53 0 1 4 41 38 1
c 54 0 1 4 42 38 1
c 55 0 1 4 43 38 1
c 56 0 1 4 44 38 1
c 57 0 1 4 38 39 1
c 58 0 1 4 39 39 1
c 59 0 1 4 40 39 1
c 60 0 1 4 41 39 1
c 61 0 1 4 42 39 1
c 62 0 1 4 43 39 1
c 63 0 1 4 44 39 1
c 64 0 1 4 38 40 1
c 65 0 1 4 39 40 1
c 66 0 1 4 40 40 1
c 67 0 1 4 41 40 1
c 68 0 1 4 42 40 1
c 69 0 1 4 43 40 1
c 70 0 1 4 44 40 1
c 71 0 1 4 38 41 1
c 72 0 1 4 39 41 1
c 73 0 1 4 40 41 1
c 74 0 1 4 41 41 1
c 75 0 1 4 42 41 1
c 76 0 1 4 43 41 1
c 77 0 1 4 44 41 1
c 78 0 1 4 38 42 1
c 79 0 1 4 39 42 1
c 80 0 1 4 40 42 1
c 81 0 1 4 41 42 1
c 82 0 1 4 42 42 1
c 83 0 1 4 43 42 1
c 84 0 1 4 44 42 1
c 85 0 1 4 38 43 1
c 86 0 1 4 39 43 1
c 87 0 1 4 40 43 1
c 88 0 1 4 41 43 1
c 89 0 1 4 42 43 1
c 90 0 1 4 43 43 1
c 91 0 1 4 44 43 1
c 92 0 1 4 38 44 1
c 93 0 1 4 39 44 1
c 94 0 1 4 40 44 1
c 95 0 1 4 41 44 1
c 120 0 3 2 32 32 0
c 121 1 3 2 32 32 0
c 160 0 6 0 31 31 0
c 200 0 4 0 29 27 0
c 230 0 5 0 25 23 0
c 290 0 8 2 32 32 0
c 291 1 8 2 32 32 0
c 310 0 10 4 1 0 0
c 405 1 2 5 52 52 0
c 406 1 2 5 53 52 0
c 407 1 2 5 54 52 0
c 408 1 2 5 55 52 1
c 409 1 2 5 56 52 0
c 410 1 2 5 57 52 0
c 411 1 2 5 52 53 0
c 412 1 2 5 53 53 1
c 413 1 2 5 54 53 0
c 414 1 2 5 55 53 0
c 415 1 2 5 56 53 0
c 416 1 2 5 57 53 1
c 417 1 2 5 52 54 0
c 418 1 2 5 53 54 0
c 419 1 2 5 54 54 0
c 420 1 2 5 55 54 1
c 421 1 2 5 56 54 0
c 422 1 2 5 57 54 0
c 423 1 2 5 52 55 0
c 424 1 2 5 53 55 1
c 425 1 2 5 54 55 0
c 426 1 2 5 55 55 0
c 427 1 2 5 56 55 0
c 428 1 2 5 57 55 1
c 429 1 2 5 52 56 0
c 430 1 2 5 53 56 0
c 431 1 2 5 54 56 0
c 432 1 2 5 55 56 1
c 433 1 2 5 56 56 0
c 434 1 2 5 57 56 0
c 435 1 2 5 52 57 0
c 436 1 2 5 53 57 1
c 437 1 2 5 54 57 0
c 438 1 2 5 55 57 0
c 439 1 2 5 56 57 0
c 440 1 2 5 57 57 1
c 450 1 1 5 38 38 1
c 451 1 1 5 39 38 1
c 452 1 1 5 40 38 1
c 453 1 1 5 41 38 1
c 454 1 1 5 42 38 1
c 455 1 1 5 43 38 1
c 456 1 1 5 44 38 1
c 457 1 1 5 38 39 1
c 458 1 1 5 39 39 1
c 459 1 1 5 40 39 1
c 460 1 1 5 41 39 1
c 461 1 1 5 42 39 1
c 462 1 1 5 43 39 1
c 463 1 1 5 44 39 1
c 464 1 1 5 38 40 1
c 465 1 1 5 39 40 1
c 466 1 1 5 40 40 1
c 467 1 1 5 41 40 1
c 468 1 1 5 42 40 1
c 469 1 1 5 43 40 1
c 470 1 1 5 44 40 1
c 471 1 1 5 38 41 1
c 472 1 1 5 39 41 1
c 473 1 1 5 40 41 1
c 474 1 1 5 41 41 1
c 475 1 1 5 42 41 1
c 476 1 1 5 43 41 1
c 477 1 1 5 44 41 1
c 478 1 1 5 38 42 1
c 479 1 1 5 39 42 1
c 480 1 1 5 40 42 1
c 481 1 1 5 41 42 1
c 482 1 1 5 42 42 1
c 483 1 1 5 43 42 1
c 484 1 1 5 44 42 1
c 485 1 1 5 38 43 1
c 486 1 1 5 39 43 1
c 487 1 1 5 40 43 1
c 488 1 1 5 41 43 1
c 489 1 1 5 42 43 1
c 490 1 1 5 43 43 1
c 491 1 1 5 44 43 1
c 492 1 1 5 38 44 1
c 493 1 1 5 39 44 1
c 494 1 1 5 40 44 1
c 495 1 1 5 41 44 1
c 520 0 3 2 32 32 0
c 521 1 3 2 32 32 0
c 560 1 6 0 48 50 0
c 600 1 4 0 52 56 0
c 630 1 5 0 56 60 0
c 690 0 8 2 32 32 0
c 691 1 8 2 32 32 0
c 710 1 10 5 0 0 0
c 805 0 2 4 52 52 0
c 806 0 2 4 53 52 0
c 807 0 2 4 54 52 0
c 808 0 2 4 55 52 1
c 809 0 2 4 56 52 0
c 810 0 2 4 57 52 0
c 811 0 2 4 52 53 0
c 812 0 2 4 53 53 1
c 813 0 2 4 54 53 0
c 814 0 2 4 55 53 0
c 815 0 2 4 56 53 0
c 816 0 2 4 57 53 1
c 817 0 2 4 52 54 0
c 818 0 2 4 53 54 0
c 819 0 2 4 54 54 0
c 820 0 2 4 55 54 1
c 821 0 2 4 56 54 0
c 822 0 2 4 57 54 0
c 823 0 2 4 52 55 0
c 824 0 2 4 53 55 1
c 825 0 2 4 54 55 0
c 826 0 2 4 55 55 0
c 827 0 2 4 56 55 0
c 828 0 2 4 57 55 1
c 829 0 2 4 52 56 0
c 830 0 2 4 53 56 0
c 831 0 2 4 54 56 0
c 832 0 2 4 55 56 1
c 833 0 2 4 56 56 0
c 834 0 2 4 57 56 0
c 835 0 2 4 52 57 0
c 836 0 2 4 53 57 1
c 837 0 2 4 54 57 0
c 838 0 2 4 55 57 0
c 839 0 2 4 56 57 0
c 840 0 2 4 57 57 1
c 850 0 1 4 38 38 1
c 851 0 1 4 39 38 1
c 852 0 1 4 40 38 1
c 853 0 1 4 41 38 1
c 854 0 1 4 42 38 1
c 855 0 1 4 43 38 1
c 856 0 1 4 44 38 1
c 857 0 1 4 38 39 1
c 858 0 1 4 39 39 1
c 859 0 1 4 40 39 1
c 860 0 1 4 41 39 1
c 861 0 1 4 42 39 1
c 862 0 1 4 43 39 1
c 863 0 1 4 44 39 1
c 864 0 1 4 38 40 1
c 865 0 1 4 39 40 1
c 866 0 1 4 40 40 1
c 867 0 1 4 41 40 1
c 868 0 1 4 42 40 1
c 869 0 1 4 43 40 1
c 870 0 1 4 44 40 1
c 871 0 1 4 38 41 1
c 872 0 1 4 39 41 1
c 873 0 1 4 40 41 1
c 874 0 1 4 41 41 1
c 875 0 1 4 42 41 1
c 876 0 1 4 43 41 1
c 877 0 1 4 44 41 1
c 878 0 1 4 38 42 1
c 879 0 1 4 39 42 1
c 880 0 1 4 40 42 1
c 881 0 1 4 41 42 1
c 882 0 1 4 42 42 1
c 883 0 1 4 43 42 1
c 884 0 1 4 44 42 1
c 885 0 1 4 38 43 1
c 886 0 1 4 39 43 1
c 887 0 1 4 40 43 1
c 888 0 1 4 41 43 1
c 889 0 1 4 42 43 1
c 890 0 1 4 43 43 1
c 891 0 1 4 44 43 1
c 892 0 1 4 38 44 1
c 893 0 1 4 39 44 1
c 894 0 1 4 40 44 1
c 895 0 1 4 41 44 1
c 920 0 3 2 32 32 0
c 921 1 3 2 32 32 0
c 960 0 6 1 1 5 0
c 1000 0 4 1 11 21 0
c 1030 0 5 1 23 33 0
c 1090 0 8 2 32 32 0
c 1091 1 8 2 32 32 0
c 1110 0 10 4 0 0 0
c 1205 1 2 5 52 52 0
c 1206 1 2 5 53 52 0
c 1207 1 2 5 54 52 0
c 1208 1 2 5 55 52 1
c 1209 1 2 5 56 52 0
c 1210 1 2 5 57 52 0
c 1211 1 2 5 52 53 0
c 1212 1 2 5 53 53 1
c 1213 1 2 5 54 53 0
c 1214 1 2 5 55 53 0
c 1215 1 2 5 56 53 0
c 1216 1 2 5 57 53 1
c 1217 1 2 5 52 54 0
c 1218 1 2 5 53 54 0
c 1219 1 2 5 54 54 0
c 1220 1 2 5 55 54 1
c 1221 1 2 5 56 54 0
c 1222 1 2 5 57 54 0
c 1223 1 2 5 52 55 0
c 1224 1 2 5 53 55 1
c 1225 1 2 5 54 55 0
c 1226 1 2 5 55 55 0
c 1227 1 2 5 56 55 0
c 1228 1 2 5 57 55 1
c 1229 1 2 5 52 56 0
c 1230 1 2 5 53 56 0
c 1231 1 2 5 54 56 0
c 1232 1 2 5 55 56 1
c 1233 1 2 5 56 56 0
c 1234 1 2 5 57 56 0
c 1235 1 2 5 52 57 0
c 1236 1 2 5 53 57 1
c 1237 1 2 5 54 57 0
c 1238 1 2 5 55 57 0
c 1239 1 2 5 56 57 0
c 1240 1 2 5 57 57 1
c 1250 1 1 5 38 38 1
c 1251 1 1 5 39 38 1
c 1252 1 1 5 40 38 1
c 1253 1 1 5 41 38 1
c 1254 1 1 5 42 38 1
c 1255 1 1 5 43 38 1
c 1256 1 1 5 44 38 1
c 1257 1 1 5 38 39 1
c 1258 1 1 5 39 39 1
c 1259 1 1 5 40 39 1
c 1260 1 1 5 41 39 1
c 1261 1 1 5 42 39 1
c 1262 1 1 5 43 39 1
c 1263 1 1 5 44 39 1
c 1264 1 1 5 38 40 1
c 1265 1 1 5 39 40 1
c 1266 1 1 5 40 40 1
c 1267 1 1 5 41 40 1
c 1268 1 1 5 42 40 1
c 1269 1 1 5 43 40 1
c 1270 1 1 5 44 40 1
c 1271 1 1 5 38 41 1
c 1272 1 1 5 39 41 1
c 1273 1 1 5 40 41 1
c 1274 1 1 5 41 41 1
c 1275 1 1 5 42 41 1
c 1276 1 1 5 43 41 1
c 1277 1 1 5 44 41 1
c 1278 1 1 5 38 42 1
c 1279 1 1 5 39 42 1
c 1280 1 1 5 40 42 1
c 1281 1 1 5 41 42 1
c 1282 1 1 5 42 42 1
c 1283 1 1 5 43 42 1
c 1284 1 1 5 44 42 1
c 1285 1 1 5 38 43 1
c 1286 1 1 5 39 43 1
c 1287 1 1 5 40 43 1
c 1288 1 1 5 41 43 1
c 1289 1 1 5 42 43 1
c 1290 1 1 5 43 43 1
c 1291 1 1 5 44 43 1
c 1292 1 1 5 38 44 1
c 1293 1 1 5 39 44 1
c 1294 1 1 5 40 44 1
c 1295 1 1 5 41 44 1
c 1320 0 3 2 32 32 0
c 1321 1 3 2 32 32 0
c 1360 1 6 1 18 24 0
c 1400 1 4 1 34 50 0
c 1430 1 5 1 54 6 0
c 1490 0 8 2 32 32 0
c 1491 1 8 2 32 32 0
c 1510 1 10 5 0 0 0
c 1605 0 2 4 52 52 0
c 1606 0 2 4 53 52 0
c 1607 0 2 4 54 52 0
c 1608 0 2 4 55 52 1
c 1609 0 2 4 56 52 0
c 1610 0 2 4 57 52 0
c 1611 0 2 4 52 53 0
c 1612 0 2 4 53 53 1
c 1613 0 2 4 54 53 0
c 1614 0 2 4 55 53 0
c 1615 0 2 4 56 53 0
c 1616 0 2 4 57 53 1
c 1617 0 2 4 52 54 0
c 1618 0 2 4 53 54 0
c 1619 0 2 4 54 54 0
c 1620 0 2 4 55 54 1
c 1621 0 2 4 56 54 0
c 1622 0 2 4 57 54 0
c 1623 0 2 4 52 55 0
c 1624 0 2 4 53 55 1
c 1625 0 2 4 54 55 0
c 1626 0 2 4 55 55 0
c 1627 0 2 4 56 55 0
c 1628 0 2 4 57 55 1
c 1629 0 2 4 52 56 0
c 1630 0 2 4 53 56 0
c 1631 0 2 4 54 56 0
c 1632 0 2 4 55 56 1
c 1633 0 2 4 56 56 0
c 1634 0 2 4 57 56 0
c 1635 0 2 4 52 57 0
c 1636 0 2 4 53 57 1
c 1637 0 2 4 54 57 0
c 1638 0 2 4 55 57 0
c 1639 0 2 4 56 57 0
c 1640 0 2 4 57 57 1
c 1650 0 1 4 38 38 1
c 1651 0 1 4 39 38 1
c 1652 0 1 4 40 38 1
c 1653 0 1 4 41 38 1
c 1654 0 1 4 42 38 1
c 1655 0 1 4 43 38 1
c 1656 0 1 4 44 38 1
c 1657 0 1 4 38 39 1
c 1658 0 1 4 39 39 1
c 1659 0 1 4 40 39 1
c 1660 0 1 4 41 39 1
c 1661 0 1 4 42 39 1
c 1662 0 1 4 43 39 1
c 1663 0 1 4 44 39 1
c 1664 0 1 4 38 40 1
c 1665 0 1 4 39 40 1
c 1666 0 1 4 40 40 1
c 1667 0 1 4 41 40 1
c 1668 0 1 4 42 40 1
c 1669 0 1 4 43 40 1
c 1670 0 1 4 44 40 1
c 1671 0 1 4 38 41 1
c 1672 0 1 4 39 41 1
c 1673 0 1 4 40 41 1
c 1674 0 1 4 41 41 1
c 1675 0 1 4 42 41 1
c 1676 0 1 4 43 41 1
c 1677 0 1 4 44 41 1
c 1678 0 1 4 38 42 1
c 1679 0 1 4 39 42 1
c 1680 0 1 4 40 42 1
c 1681 0 1 4 41 42 1
c 1682 0 1 4 42 42 1
c 1683 0 1 4 43 42 1
c 1684 0 1 4 44 42 1
c 1685 0 1 4 38 43 1
c 1686 0 1 4 39 43 1
c 1687 0 1 4 40 43 1
c 1688 0 1 4 41 43 1
c 1689 0 1 4 42 43 1
c 1690 0 1 4 43 43 1
c 1691 0 1 4 44 43 1
c 1692 0 1 4 38 44 1
c 1693 0 1 4 39 44 1
c 1694 0 1 4 40 44 1
c 1695 0 1 4 41 44 1
c 1720 0 3 2 32 32 0
c 1721 1 3 2 32 32 0
c 1760 0 6 2 35 43 0
c 1800 0 4 2 57 15 0
c 1830 0 5 2 21 43 0
c 1890 0 8 2 32 32 0
c 1891 1 8 2 32 32 0
c 1910 0 10 4 0 0 0
c 2005 1 2 5 52 52 0
c 2006 1 2 5 53 52 0
c 2007 1 2 5 54 52 0
c 2008 1 2 5 55 52 1
c 2009 1 2 5 56 52 0
c 2010 1 2 5 57 52 0
c 2011 1 2 5 52 53 0
c 2012 1 2 5 53 53 1
c 2013 1 2 5 54 53 0
c 2014 1 2 5 55 53 0
c 2015 1 2 5 56 53 0
c 2016 1 2 5 57 53 1
c 2017 1 2 5 52 54 0
c 2018 1 2 5 53 54 0
c 2019 1 2 5 54 54 0
c 2020 1 2 5 55 54 1
c 2021 1 2 5 56 54 0
c 2022 1 2 5 57 54 0
c 2023 1 2 5 52 55 0
c 2024 1 2 5 53 55 1
c 2025 1 2 5 54 55 0
c 2026 1 2 5 55 55 0
c 2027 1 2 5 56 55 0
c 2028 1 2 5 57 55 1
c 2029 1 2 5 52 56 0
c 2030 1 2 5 53 56 0
c 2031 1 2 5 54 56 0
c 2032 1 2 5 55 56 1
c 2033 1 2 5 56 56 0
c 2034 1 2 5 57 56 0
c 2035 1 2 5 52 57 0
c 2036 1 2 5 53 57 1
c 2037 1 2 5 54 57 0
c 2038 1 2 5 55 57 0
c 2039 1 2 5 56 57 0
c 2040 1 2 5 57 57 1
c 2050 1 1 5 38 38 1
c 2051 1 1 5 39 38 1
c 2052 1 1 5 40 38 1
c 2053 1 1 5 41 38 1
c 2054 1 1 5 42 38 1
c 2055 1 1 5 43 38 1
c 2056 1 1 5 44 38 1
c 2057 1 1 5 38 39 1
c 2058 1 1 5 39 39 1
c 2059 1 1 5 40 39 1
c 2060 1 1 5 41 39 1
c 2061 1 1 5 42 39 1
c 2062 1 1 5 43 39 1
c 2063 1 1 5 44 39 1
c 2064 1 1 5 38 40 1
c 2065 1 1 5 39 40 1
c 2066 1 1 5 40 40 1
c 2067 1 1 5 41 40 1
c 2068 1 1 5 42 40 1
c 2069 1 1 5 43 40 1
c 2070 1 1 5 44 40 1
c 2071 1 1 5 38 41 1
c 2072 1 1 5 39 41 1
c 2073 1 1 5 40 41 1
c 2074 1 1 5 41 41 1
c 2075 1 1 5 42 41 1
c 2076 1 1 5 43 41 1
c 2077 1 1 5 44 41 1
c 2078 1 1 5 38 42 1
c 2079 1 1 5 39 42 1
c 2080 1 1 5 40 42 1
c 2081 1 1 5 41 42 1
c 2082 1 1 5 42 42 1
c 2083 1 1 5 43 42 1
c 2084 1 1 5 44 42 1
c 2085 1 1 5 38 43 1
c 2086 1 1 5 39 43 1
c 2087 1 1 5 40 43 1
c 2088 1 1 5 41 43 1
c 2089 1 1 5 42 43 1
c 2090 1 1 5 43 43 1
c 2091 1 1 5 44 43 1
c 2092 1 1 5 38 44 1
c 2093 1 1 5 39 44 1
c 2094 1 1 5 40 44 1
c 2095 1 1 5 41 44 1
c 2120 0 3 2 32 32 0
c 2121 1 3 2 32 32 0
c 2160 1 6 2 52 62 0
c 2200 1 4 2 16 44 0
c 2230 1 5 2 52 16 0
c 2290 0 8 2 32 32 0
c 2291 1 8 2 32 32 0
c 2310 1 10 5 0 0 0
c 2405 0 2 4 52 52 0
c 2406 0 2 4 53 52 0
c 2407 0 2 4 54 52 0
c 2408 0 2 4 55 52 1
c 2409 0 2 4 56 52 0
c 2410 0 2 4 57 52 0
c 2411 0 2 4 52 53 0
c 2412 0 2 4 53 53 1
c 2413 0 2 4 54 53 0
c 2414 0 2 4 55 53 0
c 2415 0 2 4 56 53 0
c 2416 0 2 4 57 53 1
c 2417 0 2 4 52 54 0
c 2418 0 2 4 53 54 0
c 2419 0 2 4 54 54 0
c 2420 0 2 4 55 54 1
c 2421 0 2 4 56 54 0
c 2422 0 2 4 57 54 0
c 2423 0 2 4 52 55 0
c 2424 0 2 4 53 55 1
c 2425 0 2 4 54 55 0
c 2426 0 2 4 55 55 0
c 2427 0 2 4 56 55 0
c 2428 0 2 4 57 55 1
c 2429 0 2 4 52 56 0
c 2430 0 2 4 53 56 0
c 2431 0 2 4 54 56 0
c 2432 0 2 4 55 56 1
c 2433 0 2 4 56 56 0
c 2434 0 2 4 57 56 0
c 2435 0 2 4 52 57 0
c 2436 0 2 4 53 57 1
c 2437 0 2 4 54 57 0
c 2438 0 2 4 55 57 0
c 2439 0 2 4 56 57 0
c 2440 0 2 4 57 57 1
c 2450 0 1 4 38 38 1
c 2451 0 1 4 39 38 1
c 2452 0 1 4 40 38 1
c 2453 0 1 4 41 38 1
c 2454 0 1 4 42 38 1
c 2455 0 1 4 43 38 1
c 2456 0 1 4 44 38 1
c 2457 0 1 4 38 39 1
c 2458 0 1 4 39 39 1
c 2459 0 1 4 40 39 1
c 2460 0 1 4 41 39 1
c 2461 0 1 4 42 39 1
c 2462 0 1 4 43 39 1
c 2463 0 1 4 44 39 1
c 2464 0 1 4 38 40 1
c 2465 0 1 4 39 40 1
c 2466 0 1 4 40 40 1
c 2467 0 1 4 41 40 1
c 2468 0 1 4 42 40 1
c 2469 0 1 4 43 40 1
c 2470 0 1 4 44 40 1
c 2471 0 1 4 38 41 1
c 2472 0 1 4 39 41 1
c 2473 0 1 4 40 41 1
c 2474 0 1 4 41 41 1
c 2475 0 1 4 42 41 1
c 2476 0 1 4 43 41 1
c 2477 0 1 4 44 41 1
c 2478 0 1 4 38 42 1
c 2479 0 1 4 39 42 1
c 2480 0 1 4 40 42 1
c 2481 0 1 4 41 42 1
c 2482 0 1 4 42 42 1
c 2483 0 1 4 43 42 1
c 2484 0 1 4 44 42 1
c 2485 0 1 4 38 43 1
c 2486 0 1 4 39 43 1
c 2487 0 1 4 40 43 1
c 2488 0 1 4 41 43 1
c 2489 0 1 4 42 43 1
c 2490 0 1 4 43 43 1
c 2491 0 1 4 44 43 1
c 2492 0 1 4 38 44 1
c 2493 0 1 4 39 44 1
c 2494 0 1 4 40 44 1
c 2495 0 1 4 41 44 1
c 2520 0 3 4 32 32 0
c 2521 1 3 4 32 32 0
c 2560 0 6 3 5 17 0
c 2600 0 4 3 39 9 0
c 2630 0 5 3 19 53 0
c 2690 0 8 4 32 32 0
c 2691 1 8 4 32 32 0
c 2710 0 10 4 0 0 0
c 2805 1 2 5 52 52 0
c 2806 1 2 5 53 52 0
c 2807 1 2 5 54 52 0
c 2808 1 2 5 55 52 1
c 2809 1 2 5 56 52 0
c 2810 1 2 5 57 52 0
c 2811 1 2 5 52 53 0
c 2812 1 2 5 53 53 1
c 2813 1 2 5 54 53 0
c 2814 1 2 5 55 53 0
c 2815 1 2 5 56 53 0
c 2816 1 2 5 57 53 1
c 2817 1 2 5 52 54 0
c 2818 1 2 5 53 54 0
c 2819 1 2 5 54 54 0
c 2820 1 2 5 55 54 1
c 2821 1 2 5 56 54 0
c 2822 1 2 5 57 54 0
c 2823 1 2 5 52 55 0
c 2824 1 2 5 53 55 1
c 2825 1 2 5 54 55 0
c 2826 1 2 5 55 55 0
c 2827 1 2 5 56 55 0
c 2828 1 2 5 57 55 1
c 2829 1 2 5 52 56 0
c 2830 1 2 5 53 56 0
c 2831 1 2 5 54 56 0
c 2832 1 2 5 55 56 1
c 2833 1 2 5 56 56 0
c 2834 1 2 5 57 56 0
c 2835 1 2 5 52 57 0
c 2836 1 2 5 53 57 1
c 2837 1 2 5 54 57 0
c 2838 1 2 5 55 57 0
c 2839 1 2 5 56 57 0
c 2840 1 2 5 57 57 1
c 2850 1 1 5 38 38 1
c 2851 1 1 5 39 38 1
c 2852 1 1 5 40 38 1
c 2853 1 1 5 41 38 1
c 2854 1 1 5 42 38 1
c 2855 1 1 5 43 38 1
c 2856 1 1 5 44 38 1
c 2857 1 1 5 38 39 1
c 2858 1 1 5 39 39 1
c 2859 1 1 5 40 39 1
c 2860 1 1 5 41 39 1
c 2861 1 1 5 42 39 1
c 2862 1 1 5 43 39 1
c 2863 1 1 5 44 39 1
c 2864 1 1 5 38 40 1
c 2865 1 1 5 39 40 1
c 2866 1 1 5 40 40 1
c 2867 1 1 5 41 40 1
c 2868 1 1 5 42 40 1
c 2869 1 1 5 43 40 1
c 2870 1 1 5 44 40 1
c 2871 1 1 5 38 41 1
c 2872 1 1 5 39 41 1
c 2873 1 1 5 40 41 1
c 2874 1 1 5 41 41 1
c 2875 1 1 5 42 41 1
c 2876 1 1 5 43 41 1
c 2877 1 1 5 44 41 1
c 2878 1 1 5 38 42 1
c 2879 1 1 5 39 42 1
c 2880 1 1 5 40 42 1
c 2881 1 1 5 41 42 1
c 2882 1 1 5 42 42 1
c 2883 1 1 5 43 42 1
c 2884 1 1 5 44 42 1
c 2885 1 1 5 38 43 1
c 2886 1 1 5 39 43 1
c 2887 1 1 5 40 43 1
c 2888 1 1 5 41 43 1
c 2889 1 1 5 42 43 1
c 2890 1 1 5 43 43 1
c 2891 1 1 5 44 43 1
c 2892 1 1 5 38 44 1
c 2893 1 1 5 39 44 1
c 2894 1 1 5 40 44 1
c 2895 1 1 5 41 44 1
c 2920 0 3 4 32 32 0
c 2921 1 3 4 32 32 0
c 2960 1 6 3 22 36 0
c 3000 1 4 3 62 38 0
c 3030 1 5 3 50 26 0
c 3090 0 8 4 32 32 0
c 3091 1 8 4 32 32 0
c 3110 1 10 5 0 0 0
c 3205 0 2 4 52 52 0
c 3206 0 2 4 53 52 0
c 3207 0 2 4 54 52 0
c 3208 0 2 4 55 52 1
c 3209 0 2 4 56 52 0
c 3210 0 2 4 57 52 0
c 3211 0 2 4 52 53 0
c 3212 0 2 4 53 53 1
c 3213 0 2 4 54 53 0
c 3214 0 2 4 55 53 0
c 3215 0 2 4 56 53 0
c 3216 0 2 4 57 53 1
c 3217 0 2 4 52 54 0
c 3218 0 2 4 53 54 0
c 3219 0 2 4 54 54 0
c 3220 0 2 4 55 54 1
c 3221 0 2 4 56 54 0
c 3222 0 2 4 57 54 0
c 3223 0 2 4 52 55 0
c 3224 0 2 4 53 55 1
c 3225 0 2 4 54 55 0
c 3226 0 2 4 55 55 0
c 3227 0 2 4 56 55 0
c 3228 0 2 4 57 55 1
c 3229 0 2 4 52 56 0
c 3230 0 2 4 53 56 0
c 3231 0 2 4 54 56 0
c 3232 0 2 4 55 56 1
c 3233 0 2 4 56 56 0
c 3234 0 2 4 57 56 0
c 3235 0 2 4 52 57 0
c 3236 0 2 4 53 57 1
c 3237 0 2 4 54 57 0
c 3238 0 2 4 55 57 0
c 3239 0 2 4 56 57 0
c 3240 0 2 4 57 57 1
c 3250 0 1 4 38 38 1
c 3251 0 1 4 39 38 1
c 3252 0 1 4 40 38 1
c 3253 0 1 4 41 38 1
c 3254 0 1 4 42 38 1
c 3255 0 1 4 43 38 1
c 3256 0 1 4 44 38 1
c 3257 0 1 4 38 39 1
c 3258 0 1 4 39 39 1
c 3259 0 1 4 40 39 1
c 3260 0 1 4 41 39 1
c 3261 0 1 4 42 39 1
c 3262 0 1 4 43 39 1
c 3263 0 1 4 44 39 1
c 3264 0 1 4 38 40 1
c 3265 0 1 4 39 40 1
c 3266 0 1 4 40 40 1
c 3267 0 1 4 41 40 1
c 3268 0 1 4 42 40 1
c 3269 0 1 4 43 40 1
c 3270 0 1 4 44 40 1
c 3271 0 1 4 38 41 1
c 3272 0 1 4 39 41 1
c 3273 0 1 4 40 41 1
c 3274 0 1 4 41 41 1
c 3275 0 1 4 42 41 1
c 3276 0 1 4 43 41 1
c 3277 0 1 4 44 41 1
c 3278 0 1 4 38 42 1
c 3279 0 1 4 39 42 1
c 3280 0 1 4 40 42 1
c 3281 0 1 4 41 42 1
c 3282 0 1 4 42 42 1
c 3283 0 1 4 43 42 1
c 3284 0 1 4 44 42 1
c 3285 0 1 4 38 43 1
c 3286 0 1 4 39 43 1
c 3287 0 1 4 40 43 1
c 3288 0 1 4 41 43 1
c 3289 0 1 4 42 43 1
c 3290 0 1 4 43 43 1
c 3291 0 1 4 44 43 1
c 3292 0 1 4 38 44 1
c 3293 0 1 4 39 44 1
c 3294 0 1 4 40 44 1
c 3295 0 1 4 41 44 1
c 3320 0 3 4 32 32 0
c 3321 1 3 4 32 32 0
c 3360 0 6 0 39 55 0
c 3400 0 4 0 21 3 0
c 3430 0 5 0 17 63 0
c 3490 0 8 4 32 32 0
c 3491 1 8 4 32 32 0
c 3510 0 10 4 2 0 0
c 3605 1 2 5 52 52 0
c 3606 1 2 5 53 52 0
c 3607 1 2 5 54 52 0
c 3608 1 2 5 55 52 1
c 3609 1 2 5 56 52 0
c 3610 1 2 5 57 52 0
c 3611 1 2 5 52 53 0
c 3612 1 2 5 53 53 1
c 3613 1 2 5 54 53 0
c 3614 1 2 5 55 53 0
c 3615 1 2 5 56 53 0
c 3616 1 2 5 57 53 1
c 3617 1 2 5 52 54 0
c 3618 1 2 5 53 54 0
c 3619 1 2 5 54 54 0
c 3620 1 2 5 55 54 1
c 3621 1 2 5 56 54 0
c 3622 1 2 5 57 54 0
c 3623 1 2 5 52 55 0
c 3624 1 2 5 53 55 1
c 3625 1 2 5 54 55 0
c 3626 1 2 5 55 55 0
c 3627 1 2 5 56 55 0
c 3628 1 2 5 57 55 1
c 3629 1 2 5 52 56 0
c 3630 1 2 5 53 56 0
c 3631 1 2 5 54 56 0
c 3632 1 2 5 55 56 1
c 3633 1 2 5 56 56 0
c 3634 1 2 5 57 56 0
c 3635 1 2 5 52 57 0
c 3636 1 2 5 53 57 1
c 3637 1 2 5 54 57 0
c 3638 1 2 5 55 57 0
c 3639 1 2 5 56 57 0
c 3640 1 2 5 57 57 1
c 3650 1 1 5 38 38 1
c 3651 1 1 5 39 38 1
c 3652 1 1 5 40 38 1
c 3653 1 1 5 41 38 1
c 3654 1 1 5 42 38 1
c 3655 1 1 5 43 38 1
c 3656 1 1 5 44 38 1
c 3657 1 1 5 38 39 1
c 3658 1 1 5 39 39 1
c 3659 1 1 5 40 39 1
c 3660 1 1 5 41 39 1
c 3661 1 1 5 42 39 1
c 3662 1 1 5 43 39 1
c 3663 1 1 5 44 39 1
c 3664 1 1 5 38 40 1
c 3665 1 1 5 39 40 1
c 3666 1 1 5 40 40 1
c 3667 1 1 5 41 40 1
c 3668 1 1 5 42 40 1
c 3669 1 1 5 43 40 1
c 3670 1 1 5 44 40 1
c 3671 1 1 5 38 41 1
c 3672 1 1 5 39 41 1
c 3673 1 1 5 40 41 1
c 3674 1 1 5 41 41 1
c 3675 1 1 5 42 41 1
c 3676 1 1 5 43 41 1
c 3677 1 1 5 44 41 1
c 3678 1 1 5 38 42 1
c 3679 1 1 5 39 42 1
c 3680 1 1 5 40 42 1
c 3681 1 1 5 41 42 1
c 3682 1 1 5 42 42 1
c 3683 1 1 5 43 42 1
c 3684 1 1 5 44 42 1
c 3685 1 1 5 38 43 1
c 3686 1 1 5 39 43 1
c 3687 1 1 5 40 43 1
c 3688 1 1 5 41 43 1
c 3689 1 1 5 42 43 1
c 3690 1 1 5 43 43 1
c 3691 1 1 5 44 43 1
c 3692 1 1 5 38 44 1
c 3693 1 1 5 39 44 1
c 3694 1 1 5 40 44 1
c 3695 1 1 5 41 44 1
c 3720 0 3 4 32 32 0
c 3721 1 3 4 32 32 0
c 3760 1 6 0 56 10 0
c 3800 1 4 0 44 32 0
c 3830 1 5 0 48 36 0
c 3890 0 8 4 32 32 0
c 3891 1 8 4 32 32 0
c 3910 1 10 5 0 0 0
c 4005 0 2 4 52 52 0
c 4006 0 2 4 53 52 0
c 4007 0 2 4 54 52 0
c 4008 0 2 4 55 52 1
c 4009 0 2 4 56 52 0
c 4010 0 2 4 57 52 0
c 4011 0 2 4 52 53 0
c 4012 0 2 4 53 53 1
c 4013 0 2 4 54 53 0
c 4014 0 2 4 55 53 0
c 4015 0 2 4 56 53 0
c 4016 0 2 4 57 53 1
c 4017 0 2 4 52 54 0
c 4018 0 2 4 53 54 0
c 4019 0 2 4 54 54 0
c 4020 0 2 4 55 54 1
c 4021 0 2 4 56 54 0
c 4022 0 2 4 57 54 0
c 4023 0 2 4 52 55 0
c 4024 0 2 4 53 55 1
c 4025 0 2 4 54 55 0
c 4026 0 2 4 55 55 0
c 4027 0 2 4 56 55 0
c 4028 0 2 4 57 55 1
c 4029 0 2 4 52 56 0
c 4030 0 2 4 53 56 0
c 4031 0 2 4 54 56 0
c 4032 0 2 4 55 56 1
c 4033 0 2 4 56 56 0
c 4034 0 2 4 57 56 0
c 4035 0 2 4 52 57 0
c 4036 0 2 4 53 57 1
c 4037 0 2 4 54 57 0
c 4038 0 2 4 55 57 0
c 4039 0 2 4 56 57 0
c 4040 0 2 4 57 57 1
c 4050 0 1 4 38 38 1
c 4051 0 1 4 39 38 1
c 4052 0 1 4 40 38 1
c 4053 0 1 4 41 38 1
c 4054 0 1 4 42 38 1
c 4055 0 1 4 43 38 1
c 4056 0 1 4 44 38 1
c 4057 0 1 4 38 39 1
c 4058 0 1 4 39 39 1
c 4059 0 1 4 40 39 1
c 4060 0 1 4 41 39 1
c 4061 0 1 4 42 39 1
c 4062 0 1 4 43 39 1
c 4063 0 1 4 44 39 1
c 4064 0 1 4 38 40 1
c 4065 0 1 4 39 40 1
c 4066 0 1 4 40 40 1
c 4067 0 1 4 41 40 1
c 4068 0 1 4 42 40 1
c 4069 0 1 4 43 40 1
c 4070 0 1 4 44 40 1
c 4071 0 1 4 38 41 1
c 4072 0 1 4 39 41 1
c 4073 0 1 4 40 41 1
c 4074 0 1 4 41 41 1
c 4075 0 1 4 42 41 1
c 4076 0 1 4 43 41 1
c 4077 0 1 4 44 41 1
c 4078 0 1 4 38 42 1
c 4079 0 1 4 39 42 1
c 4080 0 1 4 40 42 1
c 4081 0 1 4 41 42 1
c 4082 0 1 4 42 42 1
c 4083 0 1 4 43 42 1
c 4084 0 1 4 44 42 1
c 4085 0 1 4 38 43 1
c 4086 0 1 4 39 43 1
c 4087 0 1 4 40 43 1
c 4088 0 1 4 41 43 1
c 4089 0 1 4 42 43 1
c 4090 0 1 4 43 43 1
c 4091 0 1 4 44 43 1
c 4092 0 1 4 38 44 1
c 4093 0 1 4 39 44 1
c 4094 0 1 4 40 44 1
c 4095 0 1 4 41 44 1
c 4120 0 3 4 32 32 0
c 4121 1 3 4 32 32 0
c 4160 0 6 1 9 29 0
c 4200 0 4 1 3 61 0
c 4230 0 5 1 15 9 0
c 4290 0 8 4 32 32 0
c 4291 1 8 4 32 32 0
c 4310 0 10 4 0 0 0
c 4405 1 2 5 52 52 0
c 4406 1 2 5 53 52 0
c 4407 1 2 5 54 52 0
c 4408 1 2 5 55 52 1
c 4409 1 2 5 56 52 0
c 4410 1 2 5 57 52 0
c 4411 1 2 5 52 53 0
c 4412 1 2 5 53 53 1
c 4413 1 2 5 54 53 0
c 4414 1 2 5 55 53 0
c 4415 1 2 5 56 53 0
c 4416 1 2 5 57 53 1
c 4417 1 2 5 52 54 0
c 4418 1 2 5 53 54 0
c 4419 1 2 5 54 54 0
c 4420 1 2 5 55 54 1
c 4421 1 2 5 56 54 0
c 4422 1 2 5 57 54 0
c 4423 1 2 5 52 55 0
c 4424 1 2 5 53 55 1
c 4425 1 2 5 54 55 0
c 4426 1 2 5 55 55 0
c 4427 1 2 5 56 55 0
c 4428 1 2 5 57 55 1
c 4429 1 2 5 52 56 0
c 4430 1 2 5 53 56 0
c 4431 1 2 5 54 56 0
c 4432 1 2 5 55 56 1
c 4433 1 2 5 56 56 0
c 4434 1 2 5 57 56 0
c 4435 1 2 5 52 57 0
c 4436 1 2 5 53 57 1
c 4437 1 2 5 54 57 0
c 4438 1 2 5 55 57 0
c 4439 1 2 5 56 57 0
c 4440 1 2 5 57 57 1
c 4450 1 1 5 38 38 1
c 4451 1 1 5 39 38 1
c 4452 1 1 5 40 38 1
c 4453 1 1 5 41 38 1
c 4454 1 1 5 42 38 1
c 4455 1 1 5 43 38 1
c 4456 1 1 5 44 38 1
c 4457 1 1 5 38 39 1
c 4458 1 1 5 39 39 1
c 4459 1 1 5 40 39 1
c 4460 1 1 5 41 39 1
c 4461 1 1 5 42 39 1
c 4462 1 1 5 43 39 1
c 4463 1 1 5 44 39 1
c 4464 1 1 5 38 40 1
c 4465 1 1 5 39 40 1
c 4466 1 1 5 40 40 1
c 4467 1 1 5 41 40 1
c 4468 1 1 5 42 40 1
c 4469 1 1 5 43 40 1
c 4470 1 1 5 44 40 1
c 4471 1 1 5 38 41 1
c 4472 1 1 5 39 41 1
c 4473 1 1 5 40 41 1
c 4474 1 1 5 41 41 1
c 4475 1 1 5 42 41 1
c 4476 1 1 5 43 41 1
c 4477 1 1 5 44 41 1
c 4478 1 1 5 38 42 1
c 4479 1 1 5 39 42 1
c 4480 1 1 5 40 42 1
c 4481 1 1 5 41 42 1
c 4482 1 1 5 42 42 1
c 4483 1 1 5 43 42 1
c 4484 1 1 5 44 42 1
c 4485 1 1 5 38 43 1
c 4486 1 1 5 39 43 1
c 4487 1 1 5 40 43 1
c 4488 1 1 5 41 43 1
c 4489 1 1 5 42 43 1
c 4490 1 1 5 43 43 1
c 4491 1 1 5 44 43 1
c 4492 1 1 5 38 44 1
c 4493 1 1 5 39 44 1
c 4494 1 1 5 40 44 1
c 4495 1 1 5 41 44 1
c 4520 0 3 4 32 32 0
c 4521 1 3 4 32 32 0
c 4560 1 6 1 26 48 0
c 4600 1 4 1 26 26 0
c 4630 1 5 1 46 46 0
c 4690 0 8 4 32 32 0
c 4691 1 8 4 32 32 0
c 4710 1 10 5 0 0 0
c 4805 0 2 4 52 52 0
c 4806 0 2 4 53 52 0
c 4807 0 2 4 54 52 0
c 4808 0 2 4 55 52 1
c 4809 0 2 4 56 52 0
c 4810 0 2 4 57 52 0
c 4811 0 2 4 52 53 0
c 4812 0 2 4 53 53 1
c 4813 0 2 4 54 53 0
c 4814 0 2 4 55 53 0
c 4815 0 2 4 56 53 0
c 4816 0 2 4 57 53 1
c 4817 0 2 4 52 54 0
c 4818 0 2 4 53 54 0
c 4819 0 2 4 54 54 0
c 4820 0 2 4 55 54 1
c 4821 0 2 4 56 54 0
c 4822 0 2 4 57 54 0
c 4823 0 2 4 52 55 0
c 4824 0 2 4 53 55 1
c 4825 0 2 4 54 55 0
c 4826 0 2 4 55 55 0
c 4827 0 2 4 56 55 0
c 4828 0 2 4 57 55 1
c 4829 0 2 4 52 56 0
c 4830 0 2 4 53 56 0
c 4831 0 2 4 54 56 0
c 4832 0 2 4 55 56 1
c 4833 0 2 4 56 56 0
c 4834 0 2 4 57 56 0
c 4835 0 2 4 52 57 0
c 4836 0 2 4 53 57 1
c 4837 0 2 4 54 57 0
c 4838 0 2 4 55 57 0
c 4839 0 2 4 56 57 0
c 4840 0 2 4 57 57 1
c 4850 0 1 4 38 38 1
c 4851 0 1 4 39 38 1
c 4852 0 1 4 40 38 1
c 4853 0 1 4 41 38 1
c 4854 0 1 4 42 38 1
c 4855 0 1 4 43 38 1
c 4856 0 1 4 44 38 1
c 4857 0 1 4 38 39 1
c 4858 0 1 4 39 39 1
c 4859 0 1 4 40 39 1
c 4860 0 1 4 41 39 1
c 4861 0 1 4 42 39 1
c 4862 0 1 4 43 39 1
c 4863 0 1 4 44 39 1
c 4864 0 1 4 38 40 1
c 4865 0 1 4 39 40 1
c 4866 0 1 4 40 40 1
c 4867 0 1 4 41 40 1
c 4868 0 1 4 42 40 1
c 4869 0 1 4 43 40 1
c 4870 0 1 4 44 40 1
c 4871 0 1 4 38 41 1
c 4872 0 1 4 39 41 1
c 4873 0 1 4 40 41 1
c 4874 0 1 4 41 41 1
c 4875 0 1 4 42 41 1
c 4876 0 1 4 43 41 1
c 4877 0 1 4 44 41 1
c 4878 0 1 4 38 42 1
c 4879 0 1 4 39 42 1
c 4880 0 1 4 40 42 1
c 4881 0 1 4 41 42 1
c 4882 0 1 4 42 42 1
c 4883 0 1 4 43 42 1
c 4884 0 1 4 44 42 1
c 4885 0 1 4 38 43 1
c 4886 0 1 4 39 43 1
c 4887 0 1 4 40 43 1
c 4888 0 1 4 41 43 1
c 4889 0 1 4 42 43 1
c 4890 0 1 4 43 43 1
c 4891 0 1 4 44 43 1
c 4892 0 1 4 38 44 1
c 4893 0 1 4 39 44 1
c 4894 0 1 4 40 44 1
c 4895 0 1 4 41 44 1
c 4920 0 3 5 32 32 0
c 4921 1 3 5 32 32 0
c 4960 0 6 2 43 3 0
c 5000 0 4 2 49 55 0
c 5030 0 5 2 13 19 0
c 5090 0 8 5 32 32 0
c 5091 1 8 5 32 32 0
c 5110 0 10 4 0 0 0
c 5205 1 2 5 52 52 0
c 5206 1 2 5 53 52 0
c 5207 1 2 5 54 52 0
c 5208 1 2 5 55 52 1
c 5209 1 2 5 56 52 0
c 5210 1 2 5 57 52 0
c 5211 1 2 5 52 53 0
c 5212 1 2 5 53 53 1
c 5213 1 2 5 54 53 0
c 5214 1 2 5 55 53 0
c 5215 1 2 5 56 53 0
c 5216 1 2 5 57 53 1
c 5217 1 2 5 52 54 0
c 5218 1 2 5 53 54 0
c 5219 1 2 5 54 54 0
c 5220 1 2 5 55 54 1
c 5221 1 2 5 56 54 0
c 5222 1 2 5 57 54 0
c 5223 1 2 5 52 55 0
c 5224 1 2 5 53 55 1
c 5225 1 2 5 54 55 0
c 5226 1 2 5 55 55 0
c 5227 1 2 5 56 55 0
c 5228 1 2 5 57 55 1
c 5229 1 2 5 52 56 0
c 5230 1 2 5 53 56 0
c 5231 1 2 5 54 56 0
c 5232 1 2 5 55 56 1
c 5233 1 2 5 56 56 0
c 5234 1 2 5 57 56 0
c 5235 1 2 5 52 57 0
c 5236 1 2 5 53 57 1
c 5237 1 2 5 54 57 0
c 5238 1 2 5 55 57 0
c 5239 1 2 5 56 57 0
c 5240 1 2 5 57 57 1
c 5250 1 1 5 38 38 1
c 5251 1 1 5 39 38 1
c 5252 1 1 5 40 38 1
c 5253 1 1 5 41 38 1
c 5254 1 1 5 42 38 1
c 5255 1 1 5 43 38 1
c 5256 1 1 5 44 38 1
c 5257 1 1 5 38 39 1
c 5258 1 1 5 39 39 1
c 5259 1 1 5 40 39 1
c 5260 1 1 5 41 39 1
c 5261 1 1 5 42 39 1
c 5262 1 1 5 43 39 1
c 5263 1 1 5 44 39 1
c 5264 1 1 5 38 40 1
c 5265 1 1 5 39 40 1
c 5266 1 1 5 40 40 1
c 5267 1 1 5 41 40 1
c 5268 1 1 5 42 40 1
c 5269 1 1 5 43 40 1
c 5270 1 1 5 44 40 1
c 5271 1 1 5 38 41 1
c 5272 1 1 5 39 41 1
c 5273 1 1 5 40 41 1
c 5274 1 1 5 41 41 1
c 5275 1 1 5 42 41 1
c 5276 1 1 5 43 41 1
c 5277 1 1 5 44 41 1
c 5278 1 1 5 38 42 1
c 5279 1 1 5 39 42 1
c 5280 1 1 5 40 42 1
c 5281 1 1 5 41 42 1
c 5282 1 1 5 42 42 1
c 5283 1 1 5 43 42 1
c 5284 1 1 5 44 42 1
c 5285 1 1 5 38 43 1
c 5286 1 1 5 39 43 1
c 5287 1 1 5 40 43 1
c 5288 1 1 5 41 43 1
c 5289 1 1 5 42 43 1
c 5290 1 1 5 43 43 1
c 5291 1 1 5 44 43 1
c 5292 1 1 5 38 44 1
c 5293 1 1 5 39 44 1
c 5294 1 1 5 40 44 1
c 5295 1 1 5 41 44 1
c 5320 0 3 5 32 32 0
c 5321 1 3 5 32 32 0
c 5360 1 6 2 60 22 0
c 5400 1 4 2 8 20 0
c 5430 1 5 2 44 56 0
c 5490 0 8 5 32 32 0
c 5491 1 8 5 32 32 0
c 5510 1 10 5 0 0 0
c 5605 0 2 4 52 52 0
c 5606 0 2 4 53 52 0
c 5607 0 2 4 54 52 0
c 5608 0 2 4 55 52 1
c 5609 0 2 4 56 52 0
c 5610 0 2 4 57 52 0
c 5611 0 2 4 52 53 0
c 5612 0 2 4 53 53 1
c 5613 0 2 4 54 53 0
c 5614 0 2 4 55 53 0
c 5615 0 2 4 56 53 0
c 5616 0 2 4 57 53 1
c 5617 0 2 4 52 54 0
c 5618 0 2 4 53 54 0
c 5619 0 2 4 54 54 0
c 5620 0 2 4 55 54 1
c 5621 0 2 4 56 54 0
c 5622 0 2 4 57 54 0
c 5623 0 2 4 52 55 0
c 5624 0 2 4 53 55 1
c 5625 0 2 4 54 55 0
c 5626 0 2 4 55 55 0
c 5627 0 2 4 56 55 0
c 5628 0 2 4 57 55 1
c 5629 0 2 4 52 56 0
c 5630 0 2 4 53 56 0
c 5631 0 2 4 54 56 0
c 5632 0 2 4 55 56 1
c 5633 0 2 4 56 56 0
c 5634 0 2 4 57 56 0
c 5635 0 2 4 52 57 0
c 5636 0 2 4 53 57 1
c 5637 0 2 4 54 57 0
c 5638 0 2 4 55 57 0
c 5639 0 2 4 56 57 0
c 5640 0 2 4 57 57 1
c 5650 0 1 4 38 38 1
c 5651 0 1 4 39 38 1
c 5652 0 1 4 40 38 1
c 5653 0 1 4 41 38 1
c 5654 0 1 4 42 38 1
c 5655 0 1 4 43 38 1
c 5656 0 1 4 44 38 1
c 5657 0 1 4 38 39 1
c 5658 0 1 4 39 39 1
c 5659 0 1 4 40 39 1
c 5660 0 1 4 41 39 1
c 5661 0 1 4 42 39 1
c 5662 0 1 4 43 39 1
c 5663 0 1 4 44 39 1
c 5664 0 1 4 38 40 1
c 5665 0 1 4 39 40 1
c 5666 0 1 4 40 40 1
c 5667 0 1 4 41 40 1
c 5668 0 1 4 42 40 1
c 5669 0 1 4 43 40 1
c 5670 0 1 4 44 40 1
c 5671 0 1 4 38 41 1
c 5672 0 1 4 39 41 1
c 5673 0 1 4 40 41 1
c 5674 0 1 4 41 41 1
c 5675 0 1 4 42 41 1
c 5676 0 1 4 43 41 1
c 5677 0 1 4 44 41 1
c 5678 0 1 4 38 42 1
c 5679 0 1 4 39 42 1
c 5680 0 1 4 40 42 1
c 5681 0 1 4 41 42 1
c 5682 0 1 4 42 42 1
c 5683 0 1 4 43 42 1
c 5684 0 1 4 44 42 1
c 5685 0 1 4 38 43 1
c 5686 0 1 4 39 43 1
c 5687 0 1 4 40 43 1
c 5688 0 1 4 41 43 1
c 5689 0 1 4 42 43 1
c 5690 0 1 4 43 43 1
c 5691 0 1 4 44 43 1
c 5692 0 1 4 38 44 1
c 5693 0 1 4 39 44 1
c 5694 0 1 4 40 44 1
c 5695 0 1 4 41 44 1
c 5720 0 3 5 32 32 0
c 5721 1 3 5 32 32 0
c 5760 0 6 3 13 41 0
c 5800 0 4 3 31 49 0
c 5830 0 5 3 11 29 0
c 5890 0 8 5 32 32 0
c 5891 1 8 5 32 32 0
c 5910 0 10 4 0 0 0
c 6005 1 2 5 52 52 0
c 6006 1 2 5 53 52 0
c 6007 1 2 5 54 52 0
c 6008 1 2 5 55 52 1
c 6009 1 2 5 56 52 0
c 6010 1 2 5 57 52 0
c 6011 1 2 5 52 53 0
c 6012 1 2 5 53 53 1
c 6013 1 2 5 54 53 0
c 6014 1 2 5 55 53 0
c 6015 1 2 5 56 53 0
c 6016 1 2 5 57 53 1
c 6017 1 2 5 52 54 0
c 6018 1 2 5 53 54 0
c 6019 1 2 5 54 54 0
c 6020 1 2 5 55 54 1
c 6021 1 2 5 56 54 0
c 6022 1 2 5 57 54 0
c 6023 1 2 5 52 55 0
c 6024 1 2 5 53 55 1
c 6025 1 2 5 54 55 0
c 6026 1 2 5 55 55 0
c 6027 1 2 5 56 55 0
c 6028 1 2 5 57 55 1
c 6029 1 2 5 52 56 0
c 6030 1 2 5 53 56 0
c 6031 1 2 5 54 56 0
c 6032 1 2 5 55 56 1
c 6033 1 2 5 56 56 0
c 6034 1 2 5 57 56 0
c 6035 1 2 5 52 57 0
c 6036 1 2 5 53 57 1
c 6037 1 2 5 54 57 0
c 6038 1 2 5 55 57 0
c 6039 1 2 5 56 57 0
c 6040 1 2 5 57 57 1
c 6050 1 1 5 38 38 1
c 6051 1 1 5 39 38 1
c 6052 1 1 5 40 38 1
c 6053 1 1 5 41 38 1
c 6054 1 1 5 42 38 1
c 6055 1 1 5 43 38 1
c 6056 1 1 5 44 38 1
c 6057 1 1 5 38 39 1
c 6058 1 1 5 39 39 1
c 6059 1 1 5 40 39 1
c 6060 1 1 5 41 39 1
c 6061 1 1 5 42 39 1
c 6062 1 1 5 43 39 1
c 6063 1 1 5 44 39 1
c 6064 1 1 5 38 40 1
c 6065 1 1 5 39 40 1
c 6066 1 1 5 40 40 1
c 6067 1 1 5 41 40 1
c 6068 1 1 5 42 40 1
c 6069 1 1 5 43 40 1
c 6070 1 1 5 44 40 1
c 6071 1 1 5 38 41 1
c 6072 1 1 5 39 41 1
c 6073 1 1 5 40 41 1
c 6074 1 1 5 41 41 1
c 6075 1 1 5 42 41 1
c 6076 1 1 5 43 41 1
c 6077 1 1 5 44 41 1
c 6078 1 1 5 38 42 1
c 6079 1 1 5 39 42 1
c 6080 1 1 5 40 42 1
c 6081 1 1 5 41 42 1
c 6082 1 1 5 42 42 1
c 6083 1 1 5 43 42 1
c 6084 1 1 5 44 42 1
c 6085 1 1 5 38 43 1
c 6086 1 1 5 39 43 1
c 6087 1 1 5 40 43 1
c 6088 1 1 5 41 43 1
c 6089 1 1 5 42 43 1
c 6090 1 1 5 43 43 1
c 6091 1 1 5 44 43 1
c 6092 1 1 5 38 44 1
c 6093 1 1 5 39 44 1
c 6094 1 1 5 40 44 1
c 6095 1 1 5 41 44 1
c 6120 0 3 5 32 32 0
c 6121 1 3 5 32 32 0
c 6160 1 6 3 30 60 0
c 6200 1 4 3 54 14 0
c 6230 1 5 3 42 2 0
c 6290 0 8 5 32 32 0
c 6291 1 8 5 32 32 0
c 6310 1 10 5 0 0 0
c 6405 0 2 4 52 52 0
c 6406 0 2 4 53 52 0
c 6407 0 2 4 54 52 0
c 6408 0 2 4 55 52 1
c 6409 0 2 4 56 52 0
c 6410 0 2 4 57 52 0
c 6411 0 2 4 52 53 0
c 6412 0 2 4 53 53 1
c 6413 0 2 4 54 53 0
c 6414 0 2 4 55 53 0
c 6415 0 2 4 56 53 0
c 6416 0 2 4 57 53 1
c 6417 0 2 4 52 54 0
c 6418 0 2 4 53 54 0
c 6419 0 2 4 54 54 0
c 6420 0 2 4 55 54 1
c 6421 0 2 4 56 54 0
c 6422 0 2 4 57 54 0
c 6423 0 2 4 52 55 0
c 6424 0 2 4 53 55 1
c 6425 0 2 4 54 55 0
c 6426 0 2 4 55 55 0
c 6427 0 2 4 56 55 0
c 6428 0 2 4 57 55 1
c 6429 0 2 4 52 56 0
c 6430 0 2 4 53 56 0
c 6431 0 2 4 54 56 0
c 6432 0 2 4 55 56 1
c 6433 0 2 4 56 56 0
c 6434 0 2 4 57 56 0
c 6435 0 2 4 52 57 0
c 6436 0 2 4 53 57 1
c 6437 0 2 4 54 57 0
c 6438 0 2 4 55 57 0
c 6439 0 2 4 56 57 0
c 6440 0 2 4 57 57 1
c 6450 0 1 4 38 38 1
c 6451 0 1 4 39 38 1
c 6452 0 1 4 40 38 1
c 6453 0 1 4 41 38 1
c 6454 0 1 4 42 38 1
c 6455 0 1 4 43 38 1
c 6456 0 1 4 44 38 1
c 6457 0 1 4 38 39 1
c 6458 0 1 4 39 39 1
c 6459 0 1 4 40 39 1
c 6460 0 1 4 41 39 1
c 6461 0 1 4 42 39 1
c 6462 0 1 4 43 39 1
c 6463 0 1 4 44 39 1
c 6464 0 1 4 38 40 1
c 6465 0 1 4 39 40 1
c 6466 0 1 4 40 40 1
c 6467 0 1 4 41 40 1
c 6468 0 1 4 42 40 1
c 6469 0 1 4 43 40 1
c 6470 0 1 4 44 40 1
c 6471 0 1 4 38 41 1
c 6472 0 1 4 39 41 1
c 6473 0 1 4 40 41 1
c 6474 0 1 4 41 41 1
c 6475 0 1 4 42 41 1
c 6476 0 1 4 43 41 1
c 6477 0 1 4 44 41 1
c 6478 0 1 4 38 42 1
c 6479 0 1 4 39 42 1
c 6480 0 1 4 40 42 1
c 6481 0 1 4 41 42 1
c 6482 0 1 4 42 42 1
c 6483 0 1 4 43 42 1
c 6484 0 1 4 44 42 1
c 6485 0 1 4 38 43 1
c 6486 0 1 4 39 43 1
c 6487 0 1 4 40 43 1
c 6488 0 1 4 41 43 1
c 6489 0 1 4 42 43 1
c 6490 0 1 4 43 43 1
c 6491 0 1 4 44 43 1
c 6492 0 1 4 38 44 1
c 6493 0 1 4 39 44 1
c 6494 0 1 4 40 44 1
c 6495 0 1 4 41 44 1
c 6520 0 3 5 32 32 0
c 6521 1 3 5 32 32 0
c 6560 0 6 0 47 15 0
c 6600 0 4 0 13 43 0
c 6630 0 5 0 9 39 0
c 6690 0 8 5 32 32 0
c 6691 1 8 5 32 32 0
c 6710 0 10 4 1 0 0
c 6805 1 2 5 52 52 0
c 6806 1 2 5 53 52 0
c 6807 1 2 5 54 52 0
c 6808 1 2 5 55 52 1
c 6809 1 2 5 56 52 0
c 6810 1 2 5 57 52 0
c 6811 1 2 5 52 53 0
c 6812 1 2 5 53 53 1
c 6813 1 2 5 54 53 0
c 6814 1 2 5 55 53 0
c 6815 1 2 5 56 53 0
c 6816 1 2 5 57 53 1
c 6817 1 2 5 52 54 0
c 6818 1 2 5 53 54 0
c 6819 1 2 5 54 54 0
c 6820 1 2 5 55 54 1
c 6821 1 2 5 56 54 0
c 6822 1 2 5 57 54 0
c 6823 1 2 5 52 55 0
c 6824 1 2 5 53 55 1
c 6825 1 2 5 54 55 0
c 6826 1 2 5 55 55 0
c 6827 1 2 5 56 55 0
c 6828 1 2 5 57 55 1
c 6829 1 2 5 52 56 0
c 6830 1 2 5 53 56 0
c 6831 1 2 5 54 56 0
c 6832 1 2 5 55 56 1
c 6833 1 2 5 56 56 0
c 6834 1 2 5 57 56 0
c 6835 1 2 5 52 57 0
c 6836 1 2 5 53 57 1
c 6837 1 2 5 54 57 0
c 6838 1 2 5 55 57 0
c 6839 1 2 5 56 57 0
c 6840 1 2 5 57 57 1
c 6850 1 1 5 38 38 1
c 6851 1 1 5 39 38 1
c 6852 1 1 5 40 38 1
c 6853 1 1 5 41 38 1
c 6854 1 1 5 42 38 1
c 6855 1 1 5 43 38 1
c 6856 1 1 5 44 38 1
c 6857 1 1 5 38 39 1
c 6858 1 1 5 39 39 1
c 6859 1 1 5 40 39 1
c 6860 1 1 5 41 39 1
c 6861 1 1 5 42 39 1
c 6862 1 1 5 43 39 1
c 6863 1 1 5 44 39 1
c 6864 1 1 5 38 40 1
c 6865 1 1 5 39 40 1
c 6866 1 1 5 40 40 1
c 6867 1 1 5 41 40 1
c 6868 1 1 5 42 40 1
c 6869 1 1 5 43 40 1
c 6870 1 1 5 44 40 1
c 6871 1 1 5 38 41 1
c 6872 1 1 5 39 41 1
c 6873 1 1 5 40 41 1
c 6874 1 1 5 41 41 1
c 6875 1 1 5 42 41 1
c 6876 1 1 5 43 41 1
c 6877 1 1 5 44 41 1
c 6878 1 1 5 38 42 1
c 6879 1 1 5 39 42 1
c 6880 1 1 5 40 42 1
c 6881 1 1 5 41 42 1
c 6882 1 1 5 42 42 1
c 6883 1 1 5 43 42 1
c 6884 1 1 5 44 42 1
c 6885 1 1 5 38 43 1
c 6886 1 1 5 39 43 1
c 6887 1 1 5 40 43 1
c 6888 1 1 5 41 43 1
c 6889 1 1 5 42 43 1
c 6890 1 1 5 43 43 1
c 6891 1 1 5 44 43 1
c 6892 1 1 5 38 44 1
c 6893 1 1 5 39 44 1
c 6894 1 1 5 40 44 1
c 6895 1 1 5 41 44 1
c 6920 0 3 5 32 32 0
c 6921 1 3 5 32 32 0
c 6960 1 6 0 0 34 0
c 7000 1 4 0 36 8 0
c 7030 1 5 0 40 12 0
c 7090 0 8 5 32 32 0
c 7091 1 8 5 32 32 0
c 7110 1 10 5 0 0 0
c 7205 0 2 4 52 52 0
c 7206 0 2 4 53 52 0
c 7207 0 2 4 54 52 0
c 7208 0 2 4 55 52 1
c 7209 0 2 4 56 52 0
c 7210 0 2 4 57 52 0
c 7211 0 2 4 52 53 0
c 7212 0 2 4 53 53 1
c 7213 0 2 4 54 53 0
c 7214 0 2 4 55 53 0
c 7215 0 2 4 56 53 0
c 7216 0 2 4 57 53 1
c 7217 0 2 4 52 54 0
c 7218 0 2 4 53 54 0
c 7219 0 2 4 54 54 0
c 7220 0 2 4 55 54 1
c 7221 0 2 4 56 54 0
c 7222 0 2 4 57 54 0
c 7223 0 2 4 52 55 0
c 7224 0 2 4 53 55 1
c 7225 0 2 4 54 55 0
c 7226 0 2 4 55 55 0
c 7227 0 2 4 56 55 0
c 7228 0 2 4 57 55 1
c 7229 0 2 4 52 56 0
c 7230 0 2 4 53 56 0
c 7231 0 2 4 54 56 0
c 7232 0 2 4 55 56 1
c 7233 0 2 4 56 56 0
c 7234 0 2 4 57 56 0
c 7235 0 2 4 52 57 0
c 7236 0 2 4 53 57 1
c 7237 0 2 4 54 57 0
c 7238 0 2 4 55 57 0
c 7239 0 2 4 56 57 0
c 7240 0 2 4 57 57 1
c 7250 0 1 4 38 38 1
c 7251 0 1 4 39 38 1
c 7252 0 1 4 40 38 1
c 7253 0 1 4 41 38 1
c 7254 0 1 4 42 38 1
c 7255 0 1 4 43 38 1
c 7256 0 1 4 44 38 1
c 7257 0 1 4 38 39 1
c 7258 0 1 4 39 39 1
c 7259 0 1 4 40 39 1
c 7260 0 1 4 41 39 1
c 7261 0 1 4 42 39 1
c 7262 0 1 4 43 39 1
c 7263 0 1 4 44 39 1
c 7264 0 1 4 38 40 1
c 7265 0 1 4 39 40 1
c 7266 0 1 4 40 40 1
c 7267 0 1 4 41 40 1
c 7268 0 1 4 42 40 1
c 7269 0 1 4 43 40 1
c 7270 0 1 4 44 40 1
c 7271 0 1 4 38 41 1
c 7272 0 1 4 39 41 1
c 7273 0 1 4 40 41 1
c 7274 0 1 4 41 41 1
c 7275 0 1 4 42 41 1
c 7276 0 1 4 43 41 1
c 7277 0 1 4 44 41 1
c 7278 0 1 4 38 42 1
c 7279 0 1 4 39 42 1
c 7280 0 1 4 40 42 1
c 7281 0 1 4 41 42 1
c 7282 0 1 4 42 42 1
c 7283 0 1 4 43 42 1
c 7284 0 1 4 44 42 1
c 7285 0 1 4 38 43 1
c 7286 0 1 4 39 43 1
c 7287 0 1 4 40 43 1
c 7288 0 1 4 41 43 1
c 7289 0 1 4 42 43 1
c 7290 0 1 4 43 43 1
c 7291 0 1 4 44 43 1
c 7292 0 1 4 38 44 1
c 7293 0 1 4 39 44 1
c 7294 0 1 4 40 44 1
c 7295 0 1 4 41 44 1
c 7320 0 3 2 32 32 0
c 7321 1 3 2 32 32 0
c 7360 0 6 1 17 53 0
c 7400 0 4 1 59 37 0
c 7430 0 5 1 7 49 0
c 7490 0 8 2 32 32 0
c 7491 1 8 2 32 32 0
c 7510 0 10 4 0 0 0
c 7605 1 2 5 52 52 0
c 7606 1 2 5 53 52 0
c 7607 1 2 5 54 52 0
c 7608 1 2 5 55 52 1
c 7609 1 2 5 56 52 0
c 7610 1 2 5 57 52 0
c 7611 1 2 5 52 53 0
c 7612 1 2 5 53 53 1
c 7613 1 2 5 54 53 0
c 7614 1 2 5 55 53 0
c 7615 1 2 5 56 53 0
c 7616 1 2 5 57 53 1
c 7617 1 2 5 52 54 0
c 7618 1 2 5 53 54 0
c 7619 1 2 5 54 54 0
c 7620 1 2 5 55 54 1
c 7621 1 2 5 56 54 0
c 7622 1 2 5 57 54 0
c 7623 1 2 5 52 55 0
c 7624 1 2 5 53 55 1
c 7625 1 2 5 54 55 0
c 7626 1 2 5 55 55 0
c 7627 1 2 5 56 55 0
c 7628 1 2 5 57 55 1
c 7629 1 2 5 52 56 0
c 7630 1 2 5 53 56 0
c 7631 1 2 5 54 56 0
c 7632 1 2 5 55 56 1
c 7633 1 2 5 56 56 0
c 7634 1 2 5 57 56 0
c 7635 1 2 5 52 57 0
c 7636 1 2 5 53 57 1
c 7637 1 2 5 54 57 0
c 7638 1 2 5 55 57 0
c 7639 1 2 5 56 57 0
c 7640 1 2 5 57 57 1
c 7650 1 1 5 38 38 1
c 7651 1 1 5 39 38 1
c 7652 1 1 5 40 38 1
c 7653 1 1 5 41 38 1
c 7654 1 1 5 42 38 1
c 7655 1 1 5 43 38 1
c 7656 1 1 5 44 38 1
c 7657 1 1 5 38 39 1
c 7658 1 1 5 39 39 1
c 7659 1 1 5 40 39 1
c 7660 1 1 5 41 39 1
c 7661 1 1 5 42 39 1
c 7662 1 1 5 43 39 1
c 7663 1 1 5 44 39 1
c 7664 1 1 5 38 40 1
c 7665 1 1 5 39 40 1
c 7666 1 1 5 40 40 1
c 7667 1 1 5 41 40 1
c 7668 1 1 5 42 40 1
c 7669 1 1 5 43 40 1
c 7670 1 1 5 44 40 1
c 7671 1 1 5 38 41 1
c 7672 1 1 5 39 41 1
c 7673 1 1 5 40 41 1
c 7674 1 1 5 41 41 1
c 7675 1 1 5 42 41 1
c 7676 1 1 5 43 41 1
c 7677 1 1 5 44 41 1
c 7678 1 1 5 38 42 1
c 7679 1 1 5 39 42 1
c 7680 1 1 5 40 42 1
c 7681 1 1 5 41 42 1
c 7682 1 1 5 42 42 1
c 7683 1 1 5 43 42 1
c 7684 1 1 5 44 42 1
c 7685 1 1 5 38 43 1
c 7686 1 1 5 39 43 1
c 7687 1 1 5 40 43 1
c 7688 1 1 5 41 43 1
c 7689 1 1 5 42 43 1
c 7690 1 1 5 43 43 1
c 7691 1 1 5 44 43 1
c 7692 1 1 5 38 44 1
c 7693 1 1 5 39 44 1
c 7694 1 1 5 40 44 1
c 7695 1 1 5 41 44 1
c 7720 0 3 2 32 32 0
c 7721 1 3 2 32 32 0
c 7760 1 6 1 34 8 0
c 7800 1 4 1 18 2 0
c 7830 1 5 1 38 22 0
c 7890 0 8 2 32 32 0
c 7891 1 8 2 32 32 0
c 7910 1 10 5 0 0 0
c 8005 0 2 4 52 52 0
c 8006 0 2 4 53 52 0
c 8007 0 2 4 54 52 0
c 8008 0 2 4 55 52 1
c 8009 0 2 4 56 52 0
c 8010 0 2 4 57 52 0
c 8011 0 2 4 52 53 0
c 8012 0 2 4 53 53 1
c 8013 0 2 4 54 53 0
c 8014 0 2 4 55 53 0
c 8015 0 2 4 56 53 0
c 8016 0 2 4 57 53 1
c 8017 0 2 4 52 54 0
c 8018 0 2 4 53 54 0
c 8019 0 2 4 54 54 0
c 8020 0 2 4 55 54 1
c 8021 0 2 4 56 54 0
c 8022 0 2 4 57 54 0
c 8023 0 2 4 52 55 0
c 8024 0 2 4 53 55 1
c 8025 0 2 4 54 55 0
c 8026 0 2 4 55 55 0
c 8027 0 2 4 56 55 0
c 8028 0 2 4 57 55 1
c 8029 0 2 4 52 56 0
c 8030 0 2 4 53 56 0
c 8031 0 2 4 54 56 0
c 8032 0 2 4 55 56 1
c 8033 0 2 4 56 56 0
c 8034 0 2 4 57 56 0
c 8035 0 2 4 52 57 0
c 8036 0 2 4 53 57 1
c 8037 0 2 4 54 57 0
c 8038 0 2 4 55 57 0
c 8039 0 2 4 56 57 0
c 8040 0 2 4 57 57 1
c 8050 0 1 4 38 38 1
c 8051 0 1 4 39 38 1
c 8052 0 1 4 40 38 1
c 8053 0 1 4 41 38 1
c 8054 0 1 4 42 38 1
c 8055 0 1 4 43 38 1
c 8056 0 1 4 44 38 1
c 8057 0 1 4 38 39 1
c 8058 0 1 4 39 39 1
c 8059 0 1 4 40 39 1
c 8060 0 1 4 41 39 1
c 8061 0 1 4 42 39 1
c 8062 0 1 4 43 39 1
c 8063 0 1 4 44 39 1
c 8064 0 1 4 38 40 1
c 8065 0 1 4 39 40 1
c 8066 0 1 4 40 40 1
c 8067 0 1 4 41 40 1
c 8068 0 1 4 42 40 1
c 8069 0 1 4 43 40 1
c 8070 0 1 4 44 40 1
c 8071 0 1 4 38 41 1
c 8072 0 1 4 39 41 1
c 8073 0 1 4 40 41 1
c 8074 0 1 4 41 41 1
c 8075 0 1 4 42 41 1
c 8076 0 1 4 43 41 1
c 8077 0 1 4 44 41 1
c 8078 0 1 4 38 42 1
c 8079 0 1 4 39 42 1
c 8080 0 1 4 40 42 1
c 8081 0 1 4 41 42 1
c 8082 0 1 4 42 42 1
c 8083 0 1 4 43 42 1
c 8084 0 1 4 44 42 1
c 8085 0 1 4 38 43 1
c 8086 0 1 4 39 43 1
c 8087 0 1 4 40 43 1
c 8088 0 1 4 41 43 1
c 8089 0 1 4 42 43 1
c 8090 0 1 4 43 43 1
c 8091 0 1 4 44 43 1
c 8092 0 1 4 38 44 1
c 8093 0 1 4 39 44 1
c 8094 0 1 4 40 44 1
c 8095 0 1 4 41 44 1
c 8120 0 3 2 32 32 0
c 8121 1 3 2 32 32 0
c 8160 0 6 2 51 27 0
c 8200 0 4 2 41 31 0
c 8230 0 5 2 5 59 0
c 8290 0 8 2 32 32 0
c 8291 1 8 2 32 32 0
c 8310 0 10 4 0 0 0
c 8405 1 2 5 52 52 0
c 8406 1 2 5 53 52 0
c 8407 1 2 5 54 52 0
c 8408 1 2 5 55 52 1
c 8409 1 2 5 56 52 0
c 8410 1 2 5 57 52 0
c 8411 1 2 5 52 53 0
c 8412 1 2 5 53 53 1
c 8413 1 2 5 54 53 0
c 8414 1 2 5 55 53 0
c 8415 1 2 5 56 53 0
c 8416 1 2 5 57 53 1
c 8417 1 2 5 52 54 0
c 8418 1 2 5 53 54 0
c 8419 1 2 5 54 54 0
c 8420 1 2 5 55 54 1
c 8421 1 2 5 56 54 0
c 8422 1 2 5 57 54 0
c 8423 1 2 5 52 55 0
c 8424 1 2 5 53 55 1
c 8425 1 2 5 54 55 0
c 8426 1 2 5 55 55 0
c 8427 1 2 5 56 55 0
c 8428 1 2 5 57 55 1
c 8429 1 2 5 52 56 0
c 8430 1 2 5 53 56 0
c 8431 1 2 5 54 56 0
c 8432 1 2 5 55 56 1
c 8433 1 2 5 56 56 0
c 8434 1 2 5 57 56 0
c 8435 1 2 5 52 57 0
c 8436 1 2 5 53 57 1
c 8437 1 2 5 54 57 0
c 8438 1 2 5 55 57 0
c 8439 1 2 5 56 57 0
c 8440 1 2 5 57 57 1
c 8450 1 1 5 38 38 1
c 8451 1 1 5 39 38 1
c 8452 1 1 5 40 38 1
c 8453 1 1 5 41 38 1
c 8454 1 1 5 42 38 1
c 8455 1 1 5 43 38 1
c 8456 1 1 5 44 38 1
c 8457 1 1 5 38 39 1
c 8458 1 1 5 39 39 1
c 8459 1 1 5 40 39 1
c 8460 1 1 5 41 39 1
c 8461 1 1 5 42 39 1
c 8462 1 1 5 43 39 1
c 8463 1 1 5 44 39 1
c 8464 1 1 5 38 40 1
c 8465 1 1 5 39 40 1
c 8466 1 1 5 40 40 1
c 8467 1 1 5 41 40 1
c 8468 1 1 5 42 40 1
c 8469 1 1 5 43 40 1
c 8470 1 1 5 44 40 1
c 8471 1 1 5 38 41 1
c 8472 1 1 5 39 41 1
c 8473 1 1 5 40 41 1
c 8474 1 1 5 41 41 1
c 8475 1 1 5 42 41 1
c 8476 1 1 5 43 41 1
c 8477 1 1 5 44 41 1
c 8478 1 1 5 38 42 1
c 8479 1 1 5 39 42 1
c 8480 1 1 5 40 42 1
c 8481 1 1 5 41 42 1
c 8482 1 1 5 42 42 1
c 8483 1 1 5 43 42 1
c 8484 1 1 5 44 42 1
c 8485 1 1 5 38 43 1
c 8486 1 1 5 39 43 1
c 8487 1 1 5 40 43 1
c 8488 1 1 5 41 43 1
c 8489 1 1 5 42 43 1
c 8490 1 1 5 43 43 1
c 8491 1 1 5 44 43 1
c 8492 1 1 5 38 44 1
c 8493 1 1 5 39 44 1
c 8494 1 1 5 40 44 1
c 8495 1 1 5 41 44 1
c 8520 0 3 2 32 32 0
c 8521 1 3 2 32 32 0
c 8560 1 6 2 4 46 0
c 8600 1 4 2 0 60 0
c 8630 1 5 2 36 32 0
c 8690 0 8 2 32 32 0
c 8691 1 8 2 32 32 0
c 8710 1 10 5 0 0 0
c 8805 0 2 4 52 52 0
c 8806 0 2 4 53 52 0
c 8807 0 2 4 54 52 0
c 8808 0 2 4 55 52 1
c 8809 0 2 4 56 52 0
c 8810 0 2 4 57 52 0
c 8811 0 2 4 52 53 0
c 8812 0 2 4 53 53 1
c 8813 0 2 4 54 53 0
c 8814 0 2 4 55 53 0
c 8815 0 2 4 56 53 0
c 8816 0 2 4 57 53 1
c 8817 0 2 4 52 54 0
c 8818 0 2 4 53 54 0
c 8819 0 2 4 54 54 0
c 8820 0 2 4 55 54 1
c 8821 0 2 4 56 54 0
c 8822 0 2 4 57 54 0
c 8823 0 2 4 52 55 0
c 8824 0 2 4 53 55 1
c 8825 0 2 4 54 55 0
c 8826 0 2 4 55 55 0
c 8827 0 2 4 56 55 0
c 8828 0 2 4 57 55 1
c 8829 0 2 4 52 56 0
c 8830 0 2 4 53 56 0
c 8831 0 2 4 54 56 0
c 8832 0 2 4 55 56 1
c 8833 0 2 4 56 56 0
c 8834 0 2 4 57 56 0
c 8835 0 2 4 52 57 0
c 8836 0 2 4 53 57 1
c 8837 0 2 4 54 57 0
c 8838 0 2 4 55 57 0
c 8839 0 2 4 56 57 0
c 8840 0 2 4 57 57 1
c 8850 0 1 4 38 38 1
c 8851 0 1 4 39 38 1
c 8852 0 1 4 40 38 1
c 8853 0 1 4 41 38 1
c 8854 0 1 4 42 38 1
c 8855 0 1 4 43 38 1
c 8856 0 1 4 44 38 1
c 8857 0 1 4 38 39 1
c 8858 0 1 4 39 39 1
c 8859 0 1 4 40 39 1
c 8860 0 1 4 41 39 1
c 8861 0 1 4 42 39 1
c 8862 0 1 4 43 39 1
c 8863 0 1 4 44 39 1
c 8864 0 1 4 38 40 1
c 8865 0 1 4 39 40 1
c 8866 0 1 4 40 40 1
c 8867 0 1 4 41 40 1
c 8868 0 1 4 42 40 1
c 8869 0 1 4 43 40 1
c 8870 0 1 4 44 40 1
c 8871 0 1 4 38 41 1
c 8872 0 1 4 39 41 1
c 8873 0 1 4 40 41 1
c 8874 0 1 4 41 41 1
c 8875 0 1 4 42 41 1
c 8876 0 1 4 43 41 1
c 8877 0 1 4 44 41 1
c 8878 0 1 4 38 42 1
c 8879 0 1 4 39 42 1
c 8880 0 1 4 40 42 1
c 8881 0 1 4 41 42 1
c 8882 0 1 4 42 42 1
c 8883 0 1 4 43 42 1
c 8884 0 1 4 44 42 1
c 8885 0 1 4 38 43 1
c 8886 0 1 4 39 43 1
c 8887 0 1 4 40 43 1
c 8888 0 1 4 41 43 1
c 8889 0 1 4 42 43 1
c 8890 0 1 4 43 43 1
c 8891 0 1 4 44 43 1
c 8892 0 1 4 38 44 1
c 8893 0 1 4 39 44 1
c 8894 0 1 4 40 44 1
c 8895 0 1 4 41 44 1
c 8920 0 3 2 32 32 0
c 8921 1 3 2 32 32 0
c 8960 0 6 3 21 1 0
c 9000 0 4 3 23 25 0
c 9030 0 5 3 3 5 0
c 9090 0 8 2 32 32 0
c 9091 1 8 2 32 32 0
c 9110 0 10 4 0 0 0
c 9205 1 2 5 52 52 0
c 9206 1 2 5 53 52 0
c 9207 1 2 5 54 52 0
c 9208 1 2 5 55 52 1
c 9209 1 2 5 56 52 0
c 9210 1 2 5 57 52 0
c 9211 1 2 5 52 53 0
c 9212 1 2 5 53 53 1
c 9213 1 2 5 54 53 0
c 9214 1 2 5 55 53 0
c 9215 1 2 5 56 53 0
c 9216 1 2 5 57 53 1
c 9217 1 2 5 52 54 0
c 9218 1 2 5 53 54 0
c 9219 1 2 5 54 54 0
c 9220 1 2 5 55 54 1
c 9221 1 2 5 56 54 0
c 9222 1 2 5 57 54 0
c 9223 1 2 5 52 55 0
c 9224 1 2 5 53 55 1
c 9225 1 2 5 54 55 0
c 9226 1 2 5 55 55 0
c 9227 1 2 5 56 55 0
c 9228 1 2 5 57 55 1
c 9229 1 2 5 52 56 0
c 9230 1 2 5 53 56 0
c 9231 1 2 5 54 56 0
c 9232 1 2 5 55 56 1
c 9233 1 2 5 56 56 0
c 9234 1 2 5 57 56 0
c 9235 1 2 5 52 57 0
c 9236 1 2 5 53 57 1
c 9237 1 2 5 54 57 0
c 9238 1 2 5 55 57 0
c 9239 1 2 5 56 57 0
c 9240 1 2 5 57 57 1
c 9250 1 1 5 38 38 1
c 9251 1 1 5 39 38 1
c 9252 1 1 5 40 38 1
c 9253 1 1 5 41 38 1
c 9254 1 1 5 42 38 1
c 9255 1 1 5 43 38 1
c 9256 1 1 5 44 38 1
c 9257 1 1 5 38 39 1
c 9258 1 1 5 39 39 1
c 9259 1 1 5 40 39 1
c 9260 1 1 5 41 39 1
c 9261 1 1 5 42 39 1
c 9262 1 1 5 43 39 1
c 9263 1 1 5 44 39 1
c 9264 1 1 5 38 40 1
c 9265 1 1 5 39 40 1
c 9266 1 1 5 40 40 1
c 9267 1 1 5 41 40 1
c 9268 1 1 5 42 40 1
c 9269 1 1 5 43 40 1
c 9270 1 1 5 44 40 1
c 9271 1 1 5 38 41 1
c 9272 1 1 5 39 41 1
c 9273 1 1 5 40 41 1
c 9274 1 1 5 41 41 1
c 9275 1 1 5 42 41 1
c 9276 1 1 5 43 41 1
c 9277 1 1 5 44 41 1
c 9278 1 1 5 38 42 1
c 9279 1 1 5 39 42 1
c 9280 1 1 5 40 42 1
c 9281 1 1 5 41 42 1
c 9282 1 1 5 42 42 1
c 9283 1 1 5 43 42 1
c 9284 1 1 5 44 42 1
c 9285 1 1 5 38 43 1
c 9286 1 1 5 39 43 1
c 9287 1 1 5 40 43 1
c 9288 1 1 5 41 43 1
c 9289 1 1 5 42 43 1
c 9290 1 1 5 43 43 1
c 9291 1 1 5 44 43 1
c 9292 1 1 5 38 44 1
c 9293 1 1 5 39 44 1
c 9294 1 1 5 40 44 1
c 9295 1 1 5 41 44 1
c 9320 0 3 2 32 32 0
c 9321 1 3 2 32 32 0
c 9360 1 6 3 38 20 0
c 9400 1 4 3 46 54 0
c 9430 1 5 3 34 42 0
c 9490 0 8 2 32 32 0
c 9491 1 8 2 32 32 0
c 9510 1 10 5 0 0 0
c 9605 0 2 4 52 52 0
c 9606 0 2 4 53 52 0
c 9607 0 2 4 54 52 0
c 9608 0 2 4 55 52 1
c 9609 0 2 4 56 52 0
c 9610 0 2 4 57 52 0
c 9611 0 2 4 52 53 0
c 9612 0 2 4 53 53 1
c 9613 0 2 4 54 53 0
c 9614 0 2 4 55 53 0
c 9615 0 2 4 56 53 0
c 9616 0 2 4 57 53 1
c 9617 0 2 4 52 54 0
c 9618 0 2 4 53 54 0
c 9619 0 2 4 54 54 0
c 9620 0 2 4 55 54 1
c 9621 0 2 4 56 54 0
c 9622 0 2 4 57 54 0
c 9623 0 2 4 52 55 0
c 9624 0 2 4 53 55 1
c 9625 0 2 4 54 55 0
c 9626 0 2 4 55 55 0
c 9627 0 2 4 56 55 0
c 9628 0 2 4 57 55 1
c 9629 0 2 4 52 56 0
c 9630 0 2 4 53 56 0
c 9631 0 2 4 54 56 0
c 9632 0 2 4 55 56 1
c 9633 0 2 4 56 56 0
c 9634 0 2 4 57 56 0
c 9635 0 2 4 52 57 0
c 9636 0 2 4 53 57 1
c 9637 0 2 4 54 57 0
c 9638 0 2 4 55 57 0
c 9639 0 2 4 56 57 0
c 9640 0 2 4 57 57 1
c 9650 0 1 4 38 38 1
c 9651 0 1 4 39 38 1
c 9652 0 1 4 40 38 1
c 9653 0 1 4 41 38 1
c 9654 0 1 4 42 38 1
c 9655 0 1 4 43 38 1
c 9656 0 1 4 44 38 1
c 9657 0 1 4 38 39 1
c 9658 0 1 4 39 39 1
c 9659 0 1 4 40 39 1
c 9660 0 1 4 41 39 1
c 9661 0 1 4 42 39 1
c 9662 0 1 4 43 39 1
c 9663 0 1 4 44 39 1
c 9664 0 1 4 38 40 1
c 9665 0 1 4 39 40 1
c 9666 0 1 4 40 40 1
c 9667 0 1 4 41 40 1
c 9668 0 1 4 42 40 1
c 9669 0 1 4 43 40 1
c 9670 0 1 4 44 40 1
c 9671 0 1 4 38 41 1
c 9672 0 1 4 39 41 1
c 9673 0 1 4 40 41 1
c 9674 0 1 4 41 41 1
c 9675 0 1 4 42 41 1
c 9676 0 1 4 43 41 1
c 9677 0 1 4 44 41 1
c 9678 0 1 4 38 42 1
c 9679 0 1 4 39 42 1
c 9680 0 1 4 40 42 1
c 9681 0 1 4 41 42 1
c 9682 0 1 4 42 42 1
c 9683 0 1 4 43 42 1
c 9684 0 1 4 44 42 1
c 9685 0 1 4 38 43 1
c 9686 0 1 4 39 43 1
c 9687 0 1 4 40 43 1
c 9688 0 1 4 41 43 1
c 9689 0 1 4 42 43 1
c 9690 0 1 4 43 43 1
c 9691 0 1 4 44 43 1
c 9692 0 1 4 38 44 1
c 9693 0 1 4 39 44 1
c 9694 0 1 4 40 44 1
c 9695 0 1 4 41 44 1
c 9720 0 3 4 32 32 0
c 9721 1 3 4 32 32 0
c 9760 0 6 0 55 39 0
c 9800 0 4 0 5 19 0
c 9830 0 5 0 1 15 0
c 9890 0 8 4 32 32 0
c 9891 1 8 4 32 32 0
c 9910 0 10 4 2 0 0
c 10005 1 2 5 52 52 0
c 10006 1 2 5 53 52 0
c 10007 1 2 5 54 52 0
c 10008 1 2 5 55 52 1
c 10009 1 2 5 56 52 0
c 10010 1 2 5 57 52 0
c 10011 1 2 5 52 53 0
c 10012 1 2 5 53 53 1
c 10013 1 2 5 54 53 0
c 10014 1 2 5 55 53 0
c 10015 1 2 5 56 53 0
c 10016 1 2 5 57 53 1
c 10017 1 2 5 52 54 0
c 10018 1 2 5 53 54 0
c 10019 1 2 5 54 54 0
c 10020 1 2 5 55 54 1
c 10021 1 2 5 56 54 0
c 10022 1 2 5 57 54 0
c 10023 1 2 5 52 55 0
c 10024 1 2 5 53 55 1
c 10025 1 2 5 54 55 0
c 10026 1 2 5 55 55 0
c 10027 1 2 5 56 55 0
c 10028 1 2 5 57 55 1
c 10029 1 2 5 52 56 0
c 10030 1 2 5 53 56 0
c 10031 1 2 5 54 56 0
c 10032 1 2 5 55 56 1
c 10033 1 2 5 56 56 0
c 10034 1 2 5 57 56 0
c 10035 1 2 5 52 57 0
c 10036 1 2 5 53 57 1
c 10037 1 2 5 54 57 0
c 10038 1 2 5 55 57 0
c 10039 1 2 5 56 57 0
c 10040 1 2 5 57 57 1
c 10050 1 1 5 38 38 1
c 10051 1 1 5 39 38 1
c 10052 1 1 5 40 38 1
c 10053 1 1 5 41 38 1
c 10054 1 1 5 42 38 1
c 10055 1 1 5 43 38 1
c 10056 1 1 5 44 38 1
c 10057 1 1 5 38 39 1
c 10058 1 1 5 39 39 1
c 10059 1 1 5 40 39 1
c 10060 1 1 5 41 39 1
c 10061 1 1 5 42 39 1
c 10062 1 1 5 43 39 1
c 10063 1 1 5 44 39 1
c 10064 1 1 5 38 40 1
c 10065 1 1 5 39 40 1
c 10066 1 1 5 40 40 1
c 10067 1 1 5 41 40 1
c 10068 1 1 5 42 40 1
c 10069 1 1 5 43 40 1
c 10070 1 1 5 44 40 1
c 10071 1 1 5 38 41 1
c 10072 1 1 5 39 41 1
c 10073 1 1 5 40 41 1
c 10074 1 1 5 41 41 1
c 10075 1 1 5 42 41 1
c 10076 1 1 5 43 41 1
c 10077 1 1 5 44 41 1
c 10078 1 1 5 38 42 1
c 10079 1 1 5 39 42 1
c 10080 1 1 5 40 42 1
c 10081 1 1 5 41 42 1
c 10082 1 1 5 42 42 1
c 10083 1 1 5 43 42 1
c 10084 1 1 5 44 42 1
c 10085 1 1 5 38 43 1
c 10086 1 1 5 39 43 1
c 10087 1 1 5 40 43 1
c 10088 1 1 5 41 43 1
c 10089 1 1 5 42 43 1
c 10090 1 1 5 43 43 1
c 10091 1 1 5 44 43 1
c 10092 1 1 5 38 44 1
c 10093 1 1 5 39 44 1
c 10094 1 1 5 40 44 1
c 10095 1 1 5 41 44 1
c 10120 0 3 4 32 32 0
c 10121 1 3 4 32 32 0
c 10160 1 6 0 8 58 0
c 10200 1 4 0 28 48 0
c 10230 1 5 0 32 52 0
c 10290 0 8 4 32 32 0
c 10291 1 8 4 32 32 0
c 10310 1 10 5 0 0 0
c 10405 0 2 4 52 52 0
c 10406 0 2 4 53 52 0
c 10407 0 2 4 54 52 0
c 10408 0 2 4 55 52 1
c 10409 0 2 4 56 52 0
c 10410 0 2 4 57 52 0
c 10411 0 2 4 52 53 0
c 10412 0 2 4 53 53 1
c 10413 0 2 4 54 53 0
c 10414 0 2 4 55 53 0
c 10415 0 2 4 56 53 0
c 10416 0 2 4 57 53 1
c 10417 0 2 4 52 54 0
c 10418 0 2 4 53 54 0
c 10419 0 2 4 54 54 0
c 10420 0 2 4 55 54 1
c 10421 0 2 4 56 54 0
c 10422 0 2 4 57 54 0
c 10423 0 2 4 52 55 0
c 10424 0 2 4 53 55 1
c 10425 0 2 4 54 55 0
c 10426 0 2 4 55 55 0
c 10427 0 2 4 56 55 0
c 10428 0 2 4 57 55 1
c 10429 0 2 4 52 56 0
c 10430 0 2 4 53 56 0
c 10431 0 2 4 54 56 0
c 10432 0 2 4 55 56 1
c 10433 0 2 4 56 56 0
c 10434 0 2 4 57 56 0
c 10435 0 2 4 52 57 0
c 10436 0 2 4 53 57 1
c 10437 0 2 4 54 57 0
c 10438 0 2 4 55 57 0
c 10439 0 2 4 56 57 0
c 10440 0 2 4 57 57 1
c 10450 0 1 4 38 38 1
c 10451 0 1 4 39 38 1
c 10452 0 1 4 40 38 1
c 10453 0 1 4 41 38 1
c 10454 0 1 4 42 38 1
c 10455 0 1 4 43 38 1
c 10456 0 1 4 44 38 1
c 10457 0 1 4 38 39 1
c 10458 0 1 4 39 39 1
c 10459 0 1 4 40 39 1
c 10460 0 1 4 41 39 1
c 10461 0 1 4 42 39 1
c 10462 0 1 4 43 39 1
c 10463 0 1 4 44 39 1
c 10464 0 1 4 38 40 1
c 10465 0 1 4 39 40 1
c 10466 0 1 4 40 40 1
c 10467 0 1 4 41 40 1
c 10468 0 1 4 42 40 1
c 10469 0 1 4 43 40 1
c 10470 0 1 4 44 40 1
c 10471 0 1 4 38 41 1
c 10472 0 1 4 39 41 1
c 10473 0 1 4 40 41 1
c 10474 0 1 4 41 41 1
c 10475 0 1 4 42 41 1
c 10476 0 1 4 43 41 1
c 10477 0 1 4 44 41 1
c 10478 0 1 4 38 42 1
c 10479 0 1 4 39 42 1
c 10480 0 1 4 40 42 1
c 10481 0 1 4 41 42 1
c 10482 0 1 4 42 42 1
c 10483 0 1 4 43 42 1
c 10484 0 1 4 44 42 1
c 10485 0 1 4 38 43 1
c 10486 0 1 4 39 43 1
c 10487 0 1 4 40 43 1
c 10488 0 1 4 41 43 1
c 10489 0 1 4 42 43 1
c 10490 0 1 4 43 43 1
c 10491 0 1 4 44 43 1
c 10492 0 1 4 38 44 1
c 10493 0 1 4 39 44 1
c 10494 0 1 4 40 44 1
c 10495 0 1 4 41 44 1
c 10520 0 3 4 32 32 0
c 10521 1 3 4 32 32 0
c 10560 0 6 1 25 13 0
c 10600 0 4 1 51 13 0
c 10630 0 5 1 63 25 0
c 10690 0 8 4 32 32 0
c 10691 1 8 4 32 32 0
c 10710 0 10 4 0 0 0
c 10805 1 2 5 52 52 0
c 10806 1 2 5 53 52 0
c 10807 1 2 5 54 52 0
c 10808 1 2 5 55 52 1
c 10809 1 2 5 56 52 0
c 10810 1 2 5 57 52 0
c 10811 1 2 5 52 53 0
c 10812 1 2 5 53 53 1
c 10813 1 2 5 54 53 0
c 10814 1 2 5 55 53 0
c 10815 1 2 5 56 53 0
c 10816 1 2 5 57 53 1
c 10817 1 2 5 52 54 0
c 10818 1 2 5 53 54 0
c 10819 1 2 5 54 54 0
c 10820 1 2 5 55 54 1
c 10821 1 2 5 56 54 0
c 10822 1 2 5 57 54 0
c 10823 1 2 5 52 55 0
c 10824 1 2 5 53 55 1
c 10825 1 2 5 54 55 0
c 10826 1 2 5 55 55 0
c 10827 1 2 5 56 55 0
c 10828 1 2 5 57 55 1
c 10829 1 2 5 52 56 0
c 10830 1 2 5 53 56 0
c 10831 1 2 5 54 56 0
c 10832 1 2 5 55 56 1
c 10833 1 2 5 56 56 0
c 10834 1 2 5 57 56 0
c 10835 1 2 5 52 57 0
c 10836 1 2 5 53 57 1
c 10837 1 2 5 54 57 0
c 10838 1 2 5 55 57 0
c 10839 1 2 5 56 57 0
c 10840 1 2 5 57 57 1
c 10850 1 1 5 38 38 1
c 10851 1 1 5 39 38 1
c 10852 1 1 5 40 38 1
c 10853 1 1 5 41 38 1
c 10854 1 1 5 42 38 1
c 10855 1 1 5 43 38 1
c 10856 1 1 5 44 38 1
c 10857 1 1 5 38 39 1
c 10858 1 1 5 39 39 1
c 10859 1 1 5 40 39 1
c 10860 1 1 5 41 39 1
c 10861 1 1 5 42 39 1
c 10862 1 1 5 43 39 1
c 10863 1 1 5 44 39 1
c 10864 1 1 5 38 40 1
c 10865 1 1 5 39 40 1
c 10866 1 1 5 40 40 1
c 10867 1 1 5 41 40 1
c 10868 1 1 5 42 40 1
c 10869 1 1 5 43 40 1
c 10870 1 1 5 44 40 1
c 10871 1 1 5 38 41 1
c 10872 1 1 5 39 41 1
c 10873 1 1 5 40 41 1
c 10874 1 1 5 41 41 1
c 10875 1 1 5 42 41 1
c 10876 1 1 5 43 41 1
c 10877 1 1 5 44 41 1
c 10878 1 1 5 38 42 1
c 10879 1 1 5 39 42 1
c 10880 1 1 5 40 42 1
c 10881 1 1 5 41 42 1
c 10882 1 1 5 42 42 1
c 10883 1 1 5 43 42 1
c 10884 1 1 5 44 42 1
c 10885 1 1 5 38 43 1
c 10886 1 1 5 39 43 1
c 10887 1 1 5 40 43 1
c 10888 1 1 5 41 43 1
c 10889 1 1 5 42 43 1
c 10890 1 1 5 43 43 1
c 10891 1 1 5 44 43 1
c 10892 1 1 5 38 44 1
c 10893 1 1 5 39 44 1
c 10894 1 1 5 40 44 1
c 10895 1 1 5 41 44 1
c 10920 0 3 4 32 32 0
c 10921 1 3 4 32 32 0
c 10960 1 6 1 42 32 0
c 11000 1 4 1 10 42 0
c 11030 1 5 1 30 62 0
c 11090 0 8 4 32 32 0
c 11091 1 8 4 32 32 0
c 11110 1 10 5 0 0 0
c 11205 0 2 4 52 52 0
c 11206 0 2 4 53 52 0
c 11207 0 2 4 54 52 0
c 11208 0 2 4 55 52 1
c 11209 0 2 4 56 52 0
c 11210 0 2 4 57 52 0
c 11211 0 2 4 52 53 0
c 11212 0 2 4 53 53 1
c 11213 0 2 4 54 53 0
c 11214 0 2 4 55 53 0
c 11215 0 2 4 56 53 0
c 11216 0 2 4 57 53 1
c 11217 0 2 4 52 54 0
c 11218 0 2 4 53 54 0
c 11219 0 2 4 54 54 0
c 11220 0 2 4 55 54 1
c 11221 0 2 4 56 54 0
c 11222 0 2 4 57 54 0
c 11223 0 2 4 52 55 0
c 11224 0 2 4 53 55 1
c 11225 0 2 4 54 55 0
c 11226 0 2 4 55 55 0
c 11227 0 2 4 56 55 0
c 11228 0 2 4 57 55 1
c 11229 0 2 4 52 56 0
c 11230 0 2 4 53 56 0
c 11231 0 2 4 54 56 0
c 11232 0 2 4 55 56 1
c 11233 0 2 4 56 56 0
c 11234 0 2 4 57 56 0
c 11235 0 2 4 52 57 0
c 11236 0 2 4 53 57 1
c 11237 0 2 4 54 57 0
c 11238 0 2 4 55 57 0
c 11239 0 2 4 56 57 0
c 11240 0 2 4 57 57 1
c 11250 0 1 4 38 38 1
c 11251 0 1 4 39 38 1
c 11252 0 1 4 40 38 1
c 11253 0 1 4 41 38 1
c 11254 0 1 4 42 38 1
c 11255 0 1 4 43 38 1
c 11256 0 1 4 44 38 1
c 11257 0 1 4 38 39 1
c 11258 0 1 4 39 39 1
c 11259 0 1 4 40 39 1
c 11260 0 1 4 41 39 1
c 11261 0 1 4 42 39 1
c 11262 0 1 4 43 39 1
c 11263 0 1 4 44 39 1
c 11264 0 1 4 38 40 1
c 11265 0 1 4 39 40 1
c 11266 0 1 4 40 40 1
c 11267 0 1 4 41 40 1
c 11268 0 1 4 42 40 1
c 11269 0 1 4 43 40 1
c 11270 0 1 4 44 40 1
c 11271 0 1 4 38 41 1
c 11272 0 1 4 39 41 1
c 11273 0 1 4 40 41 1
c 11274 0 1 4 41 41 1
c 11275 0 1 4 42 41 1
c 11276 0 1 4 43 41 1
c 11277 0 1 4 44 41 1
c 11278 0 1 4 38 42 1
c 11279 0 1 4 39 42 1
c 11280 0 1 4 40 42 1
c 11281 0 1 4 41 42 1
c 11282 0 1 4 42 42 1
c 11283 0 1 4 43 42 1
c 11284 0 1 4 44 42 1
c 11285 0 1 4 38 43 1
c 11286 0 1 4 39 43 1
c 11287 0 1 4 40 43 1
c 11288 0 1 4 41 43 1
c 11289 0 1 4 42 43 1
c 11290 0 1 4 43 43 1
c 11291 0 1 4 44 43 1
c 11292 0 1 4 38 44 1
c 11293 0 1 4 39 44 1
c 11294 0 1 4 40 44 1
c 11295 0 1 4 41 44 1
c 11320 0 3 4 32 32 0
c 11321 1 3 4 32 32 0
c 11360 0 6 2 59 51 0
c 11400 0 4 2 33 7 0
c 11430 0 5 2 61 35 0
c 11490 0 8 4 32 32 0
c 11491 1 8 4 32 32 0
c 11510 0 10 4 0 0 0
c 11605 1 2 5 52 52 0
c 11606 1 2 5 53 52 0
c 11607 1 2 5 54 52 0
c 11608 1 2 5 55 52 1
c 11609 1 2 5 56 52 0
c 11610 1 2 5 57 52 0
c 11611 1 2 5 52 53 0
c 11612 1 2 5 53 53 1
c 11613 1 2 5 54 53 0
c 11614 1 2 5 55 53 0
c 11615 1 2 5 56 53 0
c 11616 1 2 5 57 53 1
c 11617 1 2 5 52 54 0
c 11618 1 2 5 53 54 0
c 11619 1 2 5 54 54 0
c 11620 1 2 5 55 54 1
c 11621 1 2 5 56 54 0
c 11622 1 2 5 57 54 0
c 11623 1 2 5 52 55 0
c 11624 1 2 5 53 55 1
c 11625 1 2 5 54 55 0
c 11626 1 2 5 55 55 0
c 11627 1 2 5 56 55 0
c 11628 1 2 5 57 55 1
c 11629 1 2 5 52 56 0
c 11630 1 2 5 53 56 0
c 11631 1 2 5 54 56 0
c 11632 1 2 5 55 56 1
c 11633 1 2 5 56 56 0
c 11634 1 2 5 57 56 0
c 11635 1 2 5 52 57 0
c 11636 1 2 5 53 57 1
c 11637 1 2 5 54 57 0
c 11638 1 2 5 55 57 0
c 11639 1 2 5 56 57 0
c 11640 1 2 5 57 57 1
c 11650 1 1 5 38 38 1
c 11651 1 1 5 39 38 1
c 11652 1 1 5 40 38 1
c 11653 1 1 5 41 38 1
c 11654 1 1 5 42 38 1
c 11655 1 1 5 43 38 1
c 11656 1 1 5 44 38 1
c 11657 1 1 5 38 39 1
c 11658 1 1 5 39 39 1
c 11659 1 1 5 40 39 1
c 11660 1 1 5 41 39 1
c 11661 1 1 5 42 39 1
c 11662 1 1 5 43 39 1
c 11663 1 1 5 44 39 1
c 11664 1 1 5 38 40 1
c 11665 1 1 5 39 40 1
c 11666 1 1 5 40 40 1
c 11667 1 1 5 41 40 1
c 11668 1 1 5 42 40 1
c 11669 1 1 5 43 40 1
c 11670 1 1 5 44 40 1
c 11671 1 1 5 38 41 1
c 11672 1 1 5 39 41 1
c 11673 1 1 5 40 41 1
c 11674 1 1 5 41 41 1
c 11675 1 1 5 42 41 1
c 11676 1 1 5 43 41 1
c 11677 1 1 5 44 41 1
c 11678 1 1 5 38 42 1
c 11679 1 1 5 39 42 1
c 11680 1 1 5 40 42 1
c 11681 1 1 5 41 42 1
c 11682 1 1 5 42 42 1
c 11683 1 1 5 43 42 1
c 11684 1 1 5 44 42 1
c 11685 1 1 5 38 43 1
c 11686 1 1 5 39 43 1
c 11687 1 1 5 40 43 1
c 11688 1 1 5 41 43 1
c 11689 1 1 5 42 43 1
c 11690 1 1 5 43 43 1
c 11691 1 1 5 44 43 1
c 11692 1 1 5 38 44 1
c 11693 1 1 5 39 44 1
c 11694 1 1 5 40 44 1
c 11695 1 1 5 41 44 1
c 11720 0 3 4 32 32 0
c 11721 1 3 4 32 32 0
c 11760 1 6 2 12 6 0
c 11800 1 4 2 56 36 0
c 11830 1 5 2 28 8 0
c 11890 0 8 4 32 32 0
c 11891 1 8 4 32 32 0
c 11910 1 10 5 0 0 0
c 12005 0 2 4 52 52 0
c 12006 0 2 4 53 52 0
c 12007 0 2 4 54 52 0
c 12008 0 2 4 55 52 1
c 12009 0 2 4 56 52 0
c 12010 0 2 4 57 52 0
c 12011 0 2 4 52 53 0
c 12012 0 2 4 53 53 1
c 12013 0 2 4 54 53 0
c 12014 0 2 4 55 53 0
c 12015 0 2 4 56 53 0
c 12016 0 2 4 57 53 1
c 12017 0 2 4 52 54 0
c 12018 0 2 4 53 54 0
c 12019 0 2 4 54 54 0
c 12020 0 2 4 55 54 1
c 12021 0 2 4 56 54 0
c 12022 0 2 4 57 54 0
c 12023 0 2 4 52 55 0
c 12024 0 2 4 53 55 1
c 12025 0 2 4 54 55 0
c 12026 0 2 4 55 55 0
c 12027 0 2 4 56 55 0
c 12028 0 2 4 57 55 1
c 12029 0 2 4 52 56 0
c 12030 0 2 4 53 56 0
c 12031 0 2 4 54 56 0
c 12032 0 2 4 55 56 1
c 12033 0 2 4 56 56 0
c 12034 0 2 4 57 56 0
c 12035 0 2 4 52 57 0
c 12036 0 2 4 53 57 1
c 12037 0 2 4 54 57 0
c 12038 0 2 4 55 57 0
c 12039 0 2 4 56 57 0
c 12040 0 2 4 57 57 1
c 12050 0 1 4 38 38 1
c 12051 0 1 4 39 38 1
c 12052 0 1 4 40 38 1
c 12053 0 1 4 41 38 1
c 12054 0 1 4 42 38 1
c 12055 0 1 4 43 38 1
c 12056 0 1 4 44 38 1
c 12057 0 1 4 38 39 1
c 12058 0 1 4 39 39 1
c 12059 0 1 4 40 39 1
c 12060 0 1 4 41 39 1
c 12061 0 1 4 42 39 1
c 12062 0 1 4 43 39 1
c 12063 0 1 4 44 39 1
c 12064 0 1 4 38 40 1
c 12065 0 1 4 39 40 1
c 12066 0 1 4 40 40 1
c 12067 0 1 4 41 40 1
c 12068 0 1 4 42 40 1
c 12069 0 1 4 43 40 1
c 12070 0 1 4 44 40 1
c 12071 0 1 4 38 41 1
c 12072 0 1 4 39 41 1
c 12073 0 1 4 40 41 1
c 12074 0 1 4 41 41 1
c 12075 0 1 4 42 41 1
c 12076 0 1 4 43 41 1
c 12077 0 1 4 44 41 1
c 12078 0 1 4 38 42 1
c 12079 0 1 4 39 42 1
c 12080 0 1 4 40 42 1
c 12081 0 1 4 41 42 1
c 12082 0 1 4 42 42 1
c 12083 0 1 4 43 42 1
c 12084 0 1 4 44 42 1
c 12085 0 1 4 38 43 1
c 12086 0 1 4 39 43 1
c 12087 0 1 4 40 43 1
c 12088 0 1 4 41 43 1
c 12089 0 1 4 42 43 1
c 12090 0 1 4 43 43 1
c 12091 0 1 4 44 43 1
c 12092 0 1 4 38 44 1
c 12093 0 1 4 39 44 1
c 12094 0 1 4 40 44 1
c 12095 0 1 4 41 44 1
c 12120 0 3 5 32 32 0
c 12121 1 3 5 32 32 0
c 12160 0 6 3 29 25 0
c 12200 0 4 3 15 1 0
c 12230 0 5 3 59 45 0
c 12290 0 8 5 32 32 0
c 12291 1 8 5 32 32 0
c 12310 0 10 4 0 0 0
c 12405 1 2 5 52 52 0
c 12406 1 2 5 53 52 0
c 12407 1 2 5 54 52 0
c 12408 1 2 5 55 52 1
c 12409 1 2 5 56 52 0
c 12410 1 2 5 57 52 0
c 12411 1 2 5 52 53 0
c 12412 1 2 5 53 53 1
c 12413 1 2 5 54 53 0
c 12414 1 2 5 55 53 0
c 12415 1 2 5 56 53 0
c 12416 1 2 5 57 53 1
c 12417 1 2 5 52 54 0
c 12418 1 2 5 53 54 0
c 12419 1 2 5 54 54 0
c 12420 1 2 5 55 54 1
c 12421 1 2 5 56 54 0
c 12422 1 2 5 57 54 0
c 12423 1 2 5 52 55 0
c 12424 1 2 5 53 55 1
c 12425 1 2 5 54 55 0
c 12426 1 2 5 55 55 0
c 12427 1 2 5 56 55 0
c 12428 1 2 5 57 55 1
c 12429 1 2 5 52 56 0
c 12430 1 2 5 53 56 0
c 12431 1 2 5 54 56 0
c 12432 1 2 5 55 56 1
c 12433 1 2 5 56 56 0
c 12434 1 2 5 57 56 0
c 12435 1 2 5 52 57 0
c 12436 1 2 5 53 57 1
c 12437 1 2 5 54 57 0
c 12438 1 2 5 55 57 0
c 12439 1 2 5 56 57 0
c 12440 1 2 5 57 57 1
c 12450 1 1 5 38 38 1
c 12451 1 1 5 39 38 1
c 12452 1 1 5 40 38 1
c 12453 1 1 5 41 38 1
c 12454 1 1 5 42 38 1
c 12455 1 1 5 43 38 1
c 12456 1 1 5 44 38 1
c 12457 1 1 5 38 39 1
c 12458 1 1 5 39 39 1
c 12459 1 1 5 40 39 1
c 12460 1 1 5 41 39 1
c 12461 1 1 5 42 39 1
c 12462 1 1 5 43 39 1
c 12463 1 1 5 44 39 1
c 12464 1 1 5 38 40 1
c 12465 1 1 5 39 40 1
c 12466 1 1 5 40 40 1
c 12467 1 1 5 41 40 1
c 12468 1 1 5 42 40 1
c 12469 1 1 5 43 40 1
c 12470 1 1 5 44 40 1
c 12471 1 1 5 38 41 1
c 12472 1 1 5 39 41 1
c 12473 1 1 5 40 41 1
c 12474 1 1 5 41 41 1
c 12475 1 1 5 42 41 1
c 12476 1 1 5 43 41 1
c 12477 1 1 5 44 41 1
c 12478 1 1 5 38 42 1
c 12479 1 1 5 39 42 1
c 12480 1 1 5 40 42 1
c 12481 1 1 5 41 42 1
c 12482 1 1 5 42 42 1
c 12483 1 1 5 43 42 1
c 12484 1 1 5 44 42 1
c 12485 1 1 5 38 43 1
c 12486 1 1 5 39 43 1
c 12487 1 1 5 40 43 1
c 12488 1 1 5 41 43 1
c 12489 1 1 5 42 43 1
c 12490 1 1 5 43 43 1
c 12491 1 1 5 44 43 1
c 12492 1 1 5 38 44 1
c 12493 1 1 5 39 44 1
c 12494 1 1 5 40 44 1
c 12495 1 1 5 41 44 1
c 12520 0 3 5 32 32 0
c 12521 1 3 5 32 32 0
c 12560 1 6 3 46 44 0
c 12600 1 4 3 38 30 0
c 12630 1 5 3 26 18 0
c 12690 0 8 5 32 32 0
c 12691 1 8 5 32 32 0
c 12710 1 10 5 0 0 0
c 12805 0 2 4 52 52 0
c 12806 0 2 4 53 52 0
c 12807 0 2 4 54 52 0
c 12808 0 2 4 55 52 1
c 12809 0 2 4 56 52 0
c 12810 0 2 4 57 52 0
c 12811 0 2 4 52 53 0
c 12812 0 2 4 53 53 1
c 12813 0 2 4 54 53 0
c 12814 0 2 4 55 53 0
c 12815 0 2 4 56 53 0
c 12816 0 2 4 57 53 1
c 12817 0 2 4 52 54 0
c 12818 0 2 4 53 54 0
c 12819 0 2 4 54 54 0
c 12820 0 2 4 55 54 1
c 12821 0 2 4 56 54 0
c 12822 0 2 4 57 54 0
c 12823 0 2 4 52 55 0
c 12824 0 2 4 53 55 1
c 12825 0 2 4 54 55 0
c 12826 0 2 4 55 55 0
c 12827 0 2 4 56 55 0
c 12828 0 2 4 57 55 1
c 12829 0 2 4 52 56 0
c 12830 0 2 4 53 56 0
c 12831 0 2 4 54 56 0
c 12832 0 2 4 55 56 1
c 12833 0 2 4 56 56 0
c 12834 0 2 4 57 56 0
c 12835 0 2 4 52 57 0
c 12836 0 2 4 53 57 1
c 12837 0 2 4 54 57 0
c 12838 0 2 4 55 57 0
c 12839 0 2 4 56 57 0
c 12840 0 2 4 57 57 1
c 12850 0 1 4 38 38 1
c 12851 0 1 4 39 38 1
c 12852 0 1 4 40 38 1
c 12853 0 1 4 41 38 1
c 12854 0 1 4 42 38 1
c 12855 0 1 4 43 38 1
c 12856 0 1 4 44 38 1
c 12857 0 1 4 38 39 1
c 12858 0 1 4 39 39 1
c 12859 0 1 4 40 39 1
c 12860 0 1 4 41 39 1
c 12861 0 1 4 42 39 1
c 12862 0 1 4 43 39 1
c 12863 0 1 4 44 39 1
c 12864 0 1 4 38 40 1
c 12865 0 1 4 39 40 1
c 12866 0 1 4 40 40 1
c 12867 0 1 4 41 40 1
c 12868 0 1 4 42 40 1
c 12869 0 1 4 43 40 1
c 12870 0 1 4 44 40 1
c 12871 0 1 4 38 41 1
c 12872 0 1 4 39 41 1
c 12873 0 1 4 40 41 1
c 12874 0 1 4 41 41 1
c 12875 0 1 4 42 41 1
c 12876 0 1 4 43 41 1
c 12877 0 1 4 44 41 1
c 12878 0 1 4 38 42 1
c 12879 0 1 4 39 42 1
c 12880 0 1 4 40 42 1
c 12881 0 1 4 41 42 1
c 12882 0 1 4 42 42 1
c 12883 0 1 4 43 42 1
c 12884 0 1 4 44 42 1
c 12885 0 1 4 38 43 1
c 12886 0 1 4 39 43 1
c 12887 0 1 4 40 43 1
c 12888 0 1 4 41 43 1
c 12889 0 1 4 42 43 1
c 12890 0 1 4 43 43 1
c 12891 0 1 4 44 43 1
c 12892 0 1 4 38 44 1
c 12893 0 1 4 39 44 1
c 12894 0 1 4 40 44 1
c 12895 0 1 4 41 44 1
c 12920 0 3 5 32 32 0
c 12921 1 3 5 32 32 0
c 12960 0 6 0 63 63 0
c 13000 0 4 0 61 59 0
c 13030 0 5 0 57 55 0
c 13090 0 8 5 32 32 0
c 13091 1 8 5 32 32 0
c 13110 0 10 4 1 0 0
c 13205 1 2 5 52 52 0
c 13206 1 2 5 53 52 0
c 13207 1 2 5 54 52 0
c 13208 1 2 5 55 52 1
c 13209 1 2 5 56 52 0
c 13210 1 2 5 57 52 0
c 13211 1 2 5 52 53 0
c 13212 1 2 5 53 53 1
c 13213 1 2 5 54 53 0
c 13214 1 2 5 55 53 0
c 13215 1 2 5 56 53 0
c 13216 1 2 5 57 53 1
c 13217 1 2 5 52 54 0
c 13218 1 2 5 53 54 0
c 13219 1 2 5 54 54 0
c 13220 1 2 5 55 54 1
c 13221 1 2 5 56 54 0
c 13222 1 2 5 57 54 0
c 13223 1 2 5 52 55 0
c 13224 1 2 5 53 55 1
c 13225 1 2 5 54 55 0
c 13226 1 2 5 55 55 0
c 13227 1 2 5 56 55 0
c 13228 1 2 5 57 55 1
c 13229 1 2 5 52 56 0
c 13230 1 2 5 53 56 0
c 13231 1 2 5 54 56 0
c 13232 1 2 5 55 56 1
c 13233 1 2 5 56 56 0
c 13234 1 2 5 57 56 0
c 13235 1 2 5 52 57 0
c 13236 1 2 5 53 57 1
c 13237 1 2 5 54 57 0
c 13238 1 2 5 55 57 0
c 13239 1 2 5 56 57 0
c 13240 1 2 5 57 57 1
c 13250 1 1 5 38 38 1
c 13251 1 1 5 39 38 1
c 13252 1 1 5 40 38 1
c 13253 1 1 5 41 38 1
c 13254 1 1 5 42 38 1
c 13255 1 1 5 43 38 1
c 13256 1 1 5 44 38 1
c 13257 1 1 5 38 39 1
c 13258 1 1 5 39 39 1
c 13259 1 1 5 40 39 1
c 13260 1 1 5 41 39 1
c 13261 1 1 5 42 39 1
c 13262 1 1 5 43 39 1
c 13263 1 1 5 44 39 1
c 13264 1 1 5 38 40 1
c 13265 1 1 5 39 40 1
c 13266 1 1 5 40 40 1
c 13267 1 1 5 41 40 1
c 13268 1 1 5 42 40 1
c 13269 1 1 5 43 40 1
c 13270 1 1 5 44 40 1
c 13271 1 1 5 38 41 1
c 13272 1 1 5 39 41 1
c 13273 1 1 5 40 41 1
c 13274 1 1 5 41 41 1
c 13275 1 1 5 42 41 1
c 13276 1 1 5 43 41 1
c 13277 1 1 5 44 41 1
c 13278 1 1 5 38 42 1
c 13279 1 1 5 39 42 1
c 13280 1 1 5 40 42 1
c 13281 1 1 5 41 42 1
c 13282 1 1 5 42 42 1
c 13283 1 1 5 43 42 1
c 13284 1 1 5 44 42 1
c 13285 1 1 5 38 43 1
c 13286 1 1 5 39 43 1
c 13287 1 1 5 40 43 1
c 13288 1 1 5 41 43 1
c 13289 1 1 5 42 43 1
c 13290 1 1 5 43 43 1
c 13291 1 1 5 44 43 1
c 13292 1 1 5 38 44 1
c 13293 1 1 5 39 44 1
c 13294 1 1 5 40 44 1
c 13295 1 1 5 41 44 1
c 13320 0 3 5 32 32 0
c 13321 1 3 5 32 32 0
c 13360 1 6 0 16 18 0
c 13400 1 4 0 20 24 0
c 13430 1 5 0 24 28 0
c 13490 0 8 5 32 32 0
c 13491 1 8 5 32 32 0
c 13510 1 10 5 0 0 0
c 13605 0 2 4 52 52 0
c 13606 0 2 4 53 52 0
c 13607 0 2 4 54 52 0
c 13608 0 2 4 55 52 1
c 13609 0 2 4 56 52 0
c 13610 0 2 4 57 52 0
c 13611 0 2 4 52 53 0
c 13612 0 2 4 53 53 1
c 13613 0 2 4 54 53 0
c 13614 0 2 4 55 53 0
c 13615 0 2 4 56 53 0
c 13616 0 2 4 57 53 1
c 13617 0 2 4 52 54 0
c 13618 0 2 4 53 54 0
c 13619 0 2 4 54 54 0
c 13620 0 2 4 55 54 1
c 13621 0 2 4 56 54 0
c 13622 0 2 4 57 54 0
c 13623 0 2 4 52 55 0
c 13624 0 2 4 53 55 1
c 13625 0 2 4 54 55 0
c 13626 0 2 4 55 55 0
c 13627 0 2 4 56 55 0
c 13628 0 2 4 57 55 1
c 13629 0 2 4 52 56 0
c 13630 0 2 4 53 56 0
c 13631 0 2 4 54 56 0
c 13632 0 2 4 55 56 1
c 13633 0 2 4 56 56 0
c 13634 0 2 4 57 56 0
c 13635 0 2 4 52 57 0
c 13636 0 2 4 53 57 1
c 13637 0 2 4 54 57 0
c 13638 0 2 4 55 57 0
c 13639 0 2 4 56 57 0
c 13640 0 2 4 57 57 1
c 13650 0 1 4 38 38 1
c 13651 0 1 4 39 38 1
c 13652 0 1 4 40 38 1
c 13653 0 1 4 41 38 1
c 13654 0 1 4 42 38 1
c 13655 0 1 4 43 38 1
c 13656 0 1 4 44 38 1
c 13657 0 1 4 38 39 1
c 13658 0 1 4 39 39 1
c 13659 0 1 4 40 39 1
c 13660 0 1 4 41 39 1
c 13661 0 1 4 42 39 1
c 13662 0 1 4 43 39 1
c 13663 0 1 4 44 39 1
c 13664 0 1 4 38 40 1
c 13665 0 1 4 39 40 1
c 13666 0 1 4 40 40 1
c 13667 0 1 4 41 40 1
c 13668 0 1 4 42 40 1
c 13669 0 1 4 43 40 1
c 13670 0 1 4 44 40 1
c 13671 0 1 4 38 41 1
c 13672 0 1 4 39 41 1
c 13673 0 1 4 40 41 1
c 13674 0 1 4 41 41 1
c 13675 0 1 4 42 41 1
c 13676 0 1 4 43 41 1
c 13677 0 1 4 44 41 1
c 13678 0 1 4 38 42 1
c 13679 0 1 4 39 42 1
c 13680 0 1 4 40 42 1
c 13681 0 1 4 41 42 1
c 13682 0 1 4 42 42 1
c 13683 0 1 4 43 42 1
c 13684 0 1 4 44 42 1
c 13685 0 1 4 38 43 1
c 13686 0 1 4 39 43 1
c 13687 0 1 4 40 43 1
c 13688 0 1 4 41 43 1
c 13689 0 1 4 42 43 1
c 13690 0 1 4 43 43 1
c 13691 0 1 4 44 43 1
c 13692 0 1 4 38 44 1
c 13693 0 1 4 39 44 1
c 13694 0 1 4 40 44 1
c 13695 0 1 4 41 44 1
c 13720 0 3 5 32 32 0
c 13721 1 3 5 32 32 0
c 13760 0 6 1 33 37 0
c 13800 0 4 1 43 53 0
c 13830 0 5 1 55 1 0
c 13890 0 8 5 32 32 0
c 13891 1 8 5 32 32 0
c 13910 0 10 4 0 0 0
c 14005 1 2 5 52 52 0
c 14006 1 2 5 53 52 0
c 14007 1 2 5 54 52 0
c 14008 1 2 5 55 52 1
c 14009 1 2 5 56 52 0
c 14010 1 2 5 57 52 0
c 14011 1 2 5 52 53 0
c 14012 1 2 5 53 53 1
c 14013 1 2 5 54 53 0
c 14014 1 2 5 55 53 0
c 14015 1 2 5 56 53 0
c 14016 1 2 5 57 53 1
c 14017 1 2 5 52 54 0
c 14018 1 2 5 53 54 0
c 14019 1 2 5 54 54 0
c 14020 1 2 5 55 54 1
c 14021 1 2 5 56 54 0
c 14022 1 2 5 57 54 0
c 14023 1 2 5 52 55 0
c 14024 1 2 5 53 55 1
c 14025 1 2 5 54 55 0
c 14026 1 2 5 55 55 0
c 14027 1 2 5 56 55 0
c 14028 1 2 5 57 55 1
c 14029 1 2 5 52 56 0
c 14030 1 2 5 53 56 0
c 14031 1 2 5 54 56 0
c 14032 1 2 5 55 56 1
c 14033 1 2 5 56 56 0
c 14034 1 2 5 57 56 0
c 14035 1 2 5 52 57 0
c 14036 1 2 5 53 57 1
c 14037 1 2 5 54 57 0
c 14038 1 2 5 55 57 0
c 14039 1 2 5 56 57 0
c 14040 1 2 5 57 57 1
c 14050 1 1 5 38 38 1
c 14051 1 1 5 39 38 1
c 14052 1 1 5 40 38 1
c 14053 1 1 5 41 38 1
c 14054 1 1 5 42 38 1
c 14055 1 1 5 43 38 1
c 14056 1 1 5 44 38 1
c 14057 1 1 5 38 39 1
c 14058 1 1 5 39 39 1
c 14059 1 1 5 40 39 1
c 14060 1 1 5 41 39 1
c 14061 1 1 5 42 39 1
c 14062 1 1 5 43 39 1
c 14063 1 1 5 44 39 1
c 14064 1 1 5 38 40 1
c 14065 1 1 5 39 40 1
c 14066 1 1 5 40 40 1
c 14067 1 1 5 41 40 1
c 14068 1 1 5 42 40 1
c 14069 1 1 5 43 40 1
c 14070 1 1 5 44 40 1
c 14071 1 1 5 38 41 1
c 14072 1 1 5 39 41 1
c 14073 1 1 5 40 41 1
c 14074 1 1 5 41 41 1
c 14075 1 1 5 42 41 1
c 14076 1 1 5 43 41 1
c 14077 1 1 5 44 41 1
c 14078 1 1 5 38 42 1
c 14079 1 1 5 39 42 1
c 14080 1 1 5 40 42 1
c 14081 1 1 5 41 42 1
c 14082 1 1 5 42 42 1
c 14083 1 1 5 43 42 1
c 14084 1 1 5 44 42 1
c 14085 1 1 5 38 43 1
c 14086 1 1 5 39 43 1
c 14087 1 1 5 40 43 1
c 14088 1 1 5 41 43 1
c 14089 1 1 5 42 43 1
c 14090 1 1 5 43 43 1
c 14091 1 1 5 44 43 1
c 14092 1 1 5 38 44 1
c 14093 1 1 5 39 44 1
c 14094 1 1 5 40 44 1
c 14095 1 1 5 41 44 1
c 14120 0 3 5 32 32 0
c 14121 1 3 5 32 32 0
c 14160 1 6 1 50 56 0
c 14200 1 4 1 2 18 0
c 14230 1 5 1 22 38 0
c 14290 0 8 5 32 32 0
c 14291 1 8 5 32 32 0
c 14310 1 10 5 0 0 0
c 14405 0 2 4 52 52 0
c 14406 0 2 4 53 52 0
c 14407 0 2 4 54 52 0
c 14408 0 2 4 55 52 1
c 14409 0 2 4 56 52 0
c 14410 0 2 4 57 52 0
c 14411 0 2 4 52 53 0
c 14412 0 2 4 53 53 1
c 14413 0 2 4 54 53 0
c 14414 0 2 4 55 53 0
c 14415 0 2 4 56 53 0
c 14416 0 2 4 57 53 1
c 14417 0 2 4 52 54 0
c 14418 0 2 4 53 54 0
c 14419 0 2 4 54 54 0
c 14420 0 2 4 55 54 1
c 14421 0 2 4 56 54 0
c 14422 0 2 4 57 54 0
c 14423 0 2 4 52 55 0
c 14424 0 2 4 53 55 1
c 14425 0 2 4 54 55 0
c 14426 0 2 4 55 55 0
c 14427 0 2 4 56 55 0
c 14428 0 2 4 57 55 1
c 14429 0 2 4 52 56 0
c 14430 0 2 4 53 56 0
c 14431 0 2 4 54 56 0
c 14432 0 2 4 55 56 1
c 14433 0 2 4 56 56 0
c 14434 0 2 4 57 56 0
c 14435 0 2 4 52 57 0
c 14436 0 2 4 53 57 1
c 14437 0 2 4 54 57 0
c 14438 0 2 4 55 57 0
c 14439 0 2 4 56 57 0
c 14440 0 2 4 57 57 1
c 14450 0 1 4 38 38 1
c 14451 0 1 4 39 38 1
c 14452 0 1 4 40 38 1
c 14453 0 1 4 41 38 1
c 14454 0 1 4 42 38 1
c 14455 0 1 4 43 38 1
c 14456 0 1 4 44 38 1
c 14457 0 1 4 38 39 1
c 14458 0 1 4 39 39 1
c 14459 0 1 4 40 39 1
c 14460 0 1 4 41 39 1
c 14461 0 1 4 42 39 1
c 14462 0 1 4 43 39 1
c 14463 0 1 4 44 39 1
c 14464 0 1 4 38 40 1
c 14465 0 1 4 39 40 1
c 14466 0 1 4 40 40 1
c 14467 0 1 4 41 40 1
c 14468 0 1 4 42 40 1
c 14469 0 1 4 43 40 1
c 14470 0 1 4 44 40 1
c 14471 0 1 4 38 41 1
c 14472 0 1 4 39 41 1
c 14473 0 1 4 40 41 1
c 14474 0 1 4 41 41 1
c 14475 0 1 4 42 41 1
c 14476 0 1 4 43 41 1
c 14477 0 1 4 44 41 1
c 14478 0 1 4 38 42 1
c 14479 0 1 4 39 42 1
c 14480 0 1 4 40 42 1
c 14481 0 1 4 41 42 1
c 14482 0 1 4 42 42 1
c 14483 0 1 4 43 42 1
c 14484 0 1 4 44 42 1
c 14485 0 1 4 38 43 1
c 14486 0 1 4 39 43 1
c 14487 0 1 4 40 43 1
c 14488 0 1 4 41 43 1
c 14489 0 1 4 42 43 1
c 14490 0 1 4 43 43 1
c 14491 0 1 4 44 43 1
c 14492 0 1 4 38 44 1
c 14493 0 1 4 39 44 1
c 14494 0 1 4 40 44 1
c 14495 0 1 4 41 44 1
c 14520 0 3 2 32 32 0
c 14521 1 3 2 32 32 0
c 14560 0 6 2 3 11 0
c 14600 0 4 2 25 47 0
c 14630 0 5 2 53 11 0
c 14690 0 8 2 32 32 0
c 14691 1 8 2 32 32 0
c 14710 0 10 4 0 0 0
c 14805 1 2 5 52 52 0
c 14806 1 2 5 53 52 0
c 14807 1 2 5 54 52 0
c 14808 1 2 5 55 52 1
c 14809 1 2 5 56 52 0
c 14810 1 2 5 57 52 0
c 14811 1 2 5 52 53 0
c 14812 1 2 5 53 53 1
c 14813 1 2 5 54 53 0
c 14814 1 2 5 55 53 0
c 14815 1 2 5 56 53 0
c 14816 1 2 5 57 53 1
c 14817 1 2 5 52 54 0
c 14818 1 2 5 53 54 0
c 14819 1 2 5 54 54 0
c 14820 1 2 5 55 54 1
c 14821 1 2 5 56 54 0
c 14822 1 2 5 57 54 0
c 14823 1 2 5 52 55 0
c 14824 1 2 5 53 55 1
c 14825 1 2 5 54 55 0
c 14826 1 2 5 55 55 0
c 14827 1 2 5 56 55 0
c 14828 1 2 5 57 55 1
c 14829 1 2 5 52 56 0
c 14830 1 2 5 53 56 0
c 14831 1 2 5 54 56 0
c 14832 1 2 5 55 56 1
c 14833 1 2 5 56 56 0
c 14834 1 2 5 57 56 0
c 14835 1 2 5 52 57 0
c 14836 1 2 5 53 57 1
c 14837 1 2 5 54 57 0
c 14838 1 2 5 55 57 0
c 14839 1 2 5 56 57 0
c 14840 1 2 5 57 57 1
c 14850 1 1 5 38 38 1
c 14851 1 1 5 39 38 1
c 14852 1 1 5 40 38 1
c 14853 1 1 5 41 38 1
c 14854 1 1 5 42 38 1
c 14855 1 1 5 43 38 1
c 14856 1 1 5 44 38 1
c 14857 1 1 5 38 39 1
c 14858 1 1 5 39 39 1
c 14859 1 1 5 40 39 1
c 14860 1 1 5 41 39 1
c 14861 1 1 5 42 39 1
c 14862 1 1 5 43 39 1
c 14863 1 1 5 44 39 1
c 14864 1 1 5 38 40 1
c 14865 1 1 5 39 40 1
c 14866 1 1 5 40 40 1
c 14867 1 1 5 41 40 1
c 14868 1 1 5 42 40 1
c 14869 1 1 5 43 40 1
c 14870 1 1 5 44 40 1
c 14871 1 1 5 38 41 1
c 14872 1 1 5 39 41 1
c 14873 1 1 5 40 41 1
c 14874 1 1 5 41 41 1
c 14875 1 1 5 42 41 1
c 14876 1 1 5 43 41 1
c 14877 1 1 5 44 41 1
c 14878 1 1 5 38 42 1
c 14879 1 1 5 39 42 1
c 14880 1 1 5 40 42 1
c 14881 1 1 5 41 42 1
c 14882 1 1 5 42 42 1
c 14883 1 1 5 43 42 1
c 14884 1 1 5 44 42 1
c 14885 1 1 5 38 43 1
c 14886 1 1 5 39 43 1
c 14887 1 1 5 40 43 1
c 14888 1 1 5 41 43 1
c 14889 1 1 5 42 43 1
c 14890 1 1 5 43 43 1
c 14891 1 1 5 44 43 1
c 14892 1 1 5 38 44 1
c 14893 1 1 5 39 44 1
c 14894 1 1 5 40 44 1
c 14895 1 1 5 41 44 1
c 14920 0 3 2 32 32 0
c 14921 1 3 2 32 32 0
c 14960 1 6 2 20 30 0
c 15000 1 4 2 48 12 0
c 15030 1 5 2 20 48 0
c 15090 0 8 2 32 32 0
c 15091 1 8 2 32 32 0
c 15110 1 10 5 0 0 0
c 15205 0 2 4 52 52 0
c 15206 0 2 4 53 52 0
c 15207 0 2 4 54 52 0
c 15208 0 2 4 55 52 1
c 15209 0 2 4 56 52 0
c 15210 0 2 4 57 52 0
c 15211 0 2 4 52 53 0
c 15212 0 2 4 53 53 1
c 15213 0 2 4 54 53 0
c 15214 0 2 4 55 53 0
c 15215 0 2 4 56 53 0
c 15216 0 2 4 57 53 1
c 15217 0 2 4 52 54 0
c 15218 0 2 4 53 54 0
c 15219 0 2 4 54 54 0
c 15220 0 2 4 55 54 1
c 15221 0 2 4 56 54 0
c 15222 0 2 4 57 54 0
c 15223 0 2 4 52 55 0
c 15224 0 2 4 53 55 1
c 15225 0 2 4 54 55 0
c 15226 0 2 4 55 55 0
c 15227 0 2 4 56 55 0
c 15228 0 2 4 57 55 1
c 15229 0 2 4 52 56 0
c 15230 0 2 4 53 56 0
c 15231 0 2 4 54 56 0
c 15232 0 2 4 55 56 1
c 15233 0 2 4 56 56 0
c 15234 0 2 4 57 56 0
c 15235 0 2 4 52 57 0
c 15236 0 2 4 53 57 1
c 15237 0 2 4 54 57 0
c 15238 0 2 4 55 57 0
c 15239 0 2 4 56 57 0
c 15240 0 2 4 57 57 1
c 15250 0 1 4 38 38 1
c 15251 0 1 4 39 38 1
c 15252 0 1 4 40 38 1
c 15253 0 1 4 41 38 1
c 15254 0 1 4 42 38 1
c 15255 0 1 4 43 38 1
c 15256 0 1 4 44 38 1
c 15257 0 1 4 38 39 1
c 15258 0 1 4 39 39 1
c 15259 0 1 4 40 39 1
c 15260 0 1 4 41 39 1
c 15261 0 1 4 42 39 1
c 15262 0 1 4 43 39 1
c 15263 0 1 4 44 39 1
c 15264 0 1 4 38 40 1
c 15265 0 1 4 39 40 1
c 15266 0 1 4 40 40 1
c 15267 0 1 4 41 40 1
c 15268 0 1 4 42 40 1
c 15269 0 1 4 43 40 1
c 15270 0 1 4 44 40 1
c 15271 0 1 4 38 41 1
c 15272 0 1 4 39 41 1
c 15273 0 1 4 40 41 1
c 15274 0 1 4 41 41 1
c 15275 0 1 4 42 41 1
c 15276 0 1 4 43 41 1
c 15277 0 1 4 44 41 1
c 15278 0 1 4 38 42 1
c 15279 0 1 4 39 42 1
c 15280 0 1 4 40 42 1
c 15281 0 1 4 41 42 1
c 15282 0 1 4 42 42 1
c 15283 0 1 4 43 42 1
c 15284 0 1 4 44 42 1
c 15285 0 1 4 38 43 1
c 15286 0 1 4 39 43 1
c 15287 0 1 4 40 43 1
c 15288 0 1 4 41 43 1
c 15289 0 1 4 42 43 1
c 15290 0 1 4 43 43 1
c 15291 0 1 4 44 43 1
c 15292 0 1 4 38 44 1
c 15293 0 1 4 39 44 1
c 15294 0 1 4 40 44 1
c 15295 0 1 4 41 44 1
c 15320 0 3 2 32 32 0
c 15321 1 3 2 32 32 0
c 15360 0 6 3 37 49 0
c 15400 0 4 3 7 41 0
c 15430 0 5 3 51 21 0
c 15490 0 8 2 32 32 0
c 15491 1 8 2 32 32 0
c 15510 0 10 4 0 0 0
c 15605 1 2 5 52 52 0
c 15606 1 2 5 53 52 0
c 15607 1 2 5 54 52 0
c 15608 1 2 5 55 52 1
c 15609 1 2 5 56 52 0
c 15610 1 2 5 57 52 0
c 15611 1 2 5 52 53 0
c 15612 1 2 5 53 53 1
c 15613 1 2 5 54 53 0
c 15614 1 2 5 55 53 0
c 15615 1 2 5 56 53 0
c 15616 1 2 5 57 53 1
c 15617 1 2 5 52 54 0
c 15618 1 2 5 53 54 0
c 15619 1 2 5 54 54 0
c 15620 1 2 5 55 54 1
c 15621 1 2 5 56 54 0
c 15622 1 2 5 57 54 0
c 15623 1 2 5 52 55 0
c 15624 1 2 5 53 55 1
c 15625 1 2 5 54 55 0
c 15626 1 2 5 55 55 0
c 15627 1 2 5 56 55 0
c 15628 1 2 5 57 55 1
c 15629 1 2 5 52 56 0
c 15630 1 2 5 53 56 0
c 15631 1 2 5 54 56 0
c 15632 1 2 5 55 56 1
c 15633 1 2 5 56 56 0
c 15634 1 2 5 57 56 0
c 15635 1 2 5 52 57 0
c 15636 1 2 5 53 57 1
c 15637 1 2 5 54 57 0
c 15638 1 2 5 55 57 0
c 15639 1 2 5 56 57 0
c 15640 1 2 5 57 57 1
c 15650 1 1 5 38 38 1
c 15651 1 1 5 39 38 1
c 15652 1 1 5 40 38 1
c 15653 1 1 5 41 38 1
c 15654 1 1 5 42 38 1
c 15655 1 1 5 43 38 1
c 15656 1 1 5 44 38 1
c 15657 1 1 5 38 39 1
c 15658 1 1 5 39 39 1
c 15659 1 1 5 40 39 1
c 15660 1 1 5 41 39 1
c 15661 1 1 5 42 39 1
c 15662 1 1 5 43 39 1
c 15663 1 1 5 44 39 1
c 15664 1 1 5 38 40 1
c 15665 1 1 5 39 40 1
c 15666 1 1 5 40 40 1
c 15667 1 1 5 41 40 1
c 15668 1 1 5 42 40 1
c 15669 1 1 5 43 40 1
c 15670 1 1 5 44 40 1
c 15671 1 1 5 38 41 1
c 15672 1 1 5 39 41 1
c 15673 1 1 5 40 41 1
c 15674 1 1 5 41 41 1
c 15675 1 1 5 42 41 1
c 15676 1 1 5 43 41 1
c 15677 1 1 5 44 41 1
c 15678 1 1 5 38 42 1
c 15679 1 1 5 39 42 1
c 15680 1 1 5 40 42 1
c 15681 1 1 5 41 42 1
c 15682 1 1 5 42 42 1
c 15683 1 1 5 43 42 1
c 15684 1 1 5 44 42 1
c 15685 1 1 5 38 43 1
c 15686 1 1 5 39 43 1
c 15687 1 1 5 40 43 1
c 15688 1 1 5 41 43 1
c 15689 1 1 5 42 43 1
c 15690 1 1 5 43 43 1
c 15691 1 1 5 44 43 1
c 15692 1 1 5 38 44 1
c 15693 1 1 5 39 44 1
c 15694 1 1 5 40 44 1
c 15695 1 1 5 41 44 1
c 15720 0 3 2 32 32 0
c 15721 1 3 2 32 32 0
c 15760 1 6 3 54 4 0
c 15800 1 4 3 30 6 0
c 15830 1 5 3 18 58 0
c 15890 0 8 2 32 32 0
c 15891 1 8 2 32 32 0
c 15910 1 10 5 0 0 0
c 16005 0 2 4 52 52 0
c 16006 0 2 4 53 52 0
c 16007 0 2 4 54 52 0
c 16008 0 2 4 55 52 1
c 16009 0 2 4 56 52 0
c 16010 0 2 4 57 52 0
c 16011 0 2 4 52 53 0
c 16012 0 2 4 53 53 1
c 16013 0 2 4 54 53 0
c 16014 0 2 4 55 53 0
c 16015 0 2 4 56 53 0
c 16016 0 2 4 57 53 1
c 16017 0 2 4 52 54 0
c 16018 0 2 4 53 54 0
c 16019 0 2 4 54 54 0
c 16020 0 2 4 55 54 1
c 16021 0 2 4 56 54 0
c 16022 0 2 4 57 54 0
c 16023 0 2 4 52 55 0
c 16024 0 2 4 53 55 1
c 16025 0 2 4 54 55 0
c 16026 0 2 4 55 55 0
c 16027 0 2 4 56 55 0
c 16028 0 2 4 57 55 1
c 16029 0 2 4 52 56 0
c 16030 0 2 4 53 56 0
c 16031 0 2 4 54 56 0
c 16032 0 2 4 55 56 1
c 16033 0 2 4 56 56 0
c 16034 0 2 4 57 56 0
c 16035 0 2 4 52 57 0
c 16036 0 2 4 53 57 1
c 16037 0 2 4 54 57 0
c 16038 0 2 4 55 57 0
c 16039 0 2 4 56 57 0
c 16040 0 2 4 57 57 1
c 16050 0 1 4 38 38 1
c 16051 0 1 4 39 38 1
c 16052 0 1 4 40 38 1
c 16053 0 1 4 41 38 1
c 16054 0 1 4 42 38 1
c 16055 0 1 4 43 38 1
c 16056 0 1 4 44 38 1
c 16057 0 1 4 38 39 1
c 16058 0 1 4 39 39 1
c 16059 0 1 4 40 39 1
c 16060 0 1 4 41 39 1
c 16061 0 1 4 42 39 1
c 16062 0 1 4 43 39 1
c 16063 0 1 4 44 39 1
c 16064 0 1 4 38 40 1
c 16065 0 1 4 39 40 1
c 16066 0 1 4 40 40 1
c 16067 0 1 4 41 40 1
c 16068 0 1 4 42 40 1
c 16069 0 1 4 43 40 1
c 16070 0 1 4 44 40 1
c 16071 0 1 4 38 41 1
c 16072 0 1 4 39 41 1
c 16073 0 1 4 40 41 1
c 16074 0 1 4 41 41 1
c 16075 0 1 4 42 41 1
c 16076 0 1 4 43 41 1
c 16077 0 1 4 44 41 1
c 16078 0 1 4 38 42 1
c 16079 0 1 4 39 42 1
c 16080 0 1 4 40 42 1
c 16081 0 1 4 41 42 1
c 16082 0 1 4 42 42 1
c 16083 0 1 4 43 42 1
c 16084 0 1 4 44 42 1
c 16085 0 1 4 38 43 1
c 16086 0 1 4 39 43 1
c 16087 0 1 4 40 43 1
c 16088 0 1 4 41 43 1
c 16089 0 1 4 42 43 1
c 16090 0 1 4 43 43 1
c 16091 0 1 4 44 43 1
c 16092 0 1 4 38 44 1
c 16093 0 1 4 39 44 1
c 16094 0 1 4 40 44 1
c 16095 0 1 4 41 44 1
c 16120 0 3 2 32 32 0
c 16121 1 3 2 32 32 0
c 16160 0 6 0 7 23 0
c 16200 0 4 0 53 35 0
c 16230 0 5 0 49 31 0
c 16290 0 8 2 32 32 0
c 16291 1 8 2 32 32 0
c 16310 0 10 4 2 0 0
c 16405 1 2 5 52 52 0
c 16406 1 2 5 53 52 0
c 16407 1 2 5 54 52 0
c 16408 1 2 5 55 52 1
c 16409 1 2 5 56 52 0
c 16410 1 2 5 57 52 0
c 16411 1 2 5 52 53 0
c 16412 1 2 5 53 53 1
c 16413 1 2 5 54 53 0
c 16414 1 2 5 55 53 0
c 16415 1 2 5 56 53 0
c 16416 1 2 5 57 53 1
c 16417 1 2 5 52 54 0
c 16418 1 2 5 53 54 0
c 16419 1 2 5 54 54 0
c 16420 1 2 5 55 54 1
c 16421 1 2 5 56 54 0
c 16422 1 2 5 57 54 0
c 16423 1 2 5 52 55 0
c 16424 1 2 5 53 55 1
c 16425 1 2 5 54 55 0
c 16426 1 2 5 55 55 0
c 16427 1 2 5 56 55 0
c 16428 1 2 5 57 55 1
c 16429 1 2 5 52 56 0
c 16430 1 2 5 53 56 0
c 16431 1 2 5 54 56 0
c 16432 1 2 5 55 56 1
c 16433 1 2 5 56 56 0
c 16434 1 2 5 57 56 0
c 16435 1 2 5 52 57 0
c 16436 1 2 5 53 57 1
c 16437 1 2 5 54 57 0
c 16438 1 2 5 55 57 0
c 16439 1 2 5 56 57 0
c 16440 1 2 5 57 57 1
c 16450 1 1 5 38 38 1
c 16451 1 1 5 39 38 1
c 16452 1 1 5 40 38 1
c 16453 1 1 5 41 38 1
c 16454 1 1 5 42 38 1
c 16455 1 1 5 43 38 1
c 16456 1 1 5 44 38 1
c 16457 1 1 5 38 39 1
c 16458 1 1 5 39 39 1
c 16459 1 1 5 40 39 1
c 16460 1 1 5 41 39 1
c 16461 1 1 5 42 39 1
c 16462 1 1 5 43 39 1
c 16463 1 1 5 44 39 1
c 16464 1 1 5 38 40 1
c 16465 1 1 5 39 40 1
c 16466 1 1 5 40 40 1
c 16467 1 1 5 41 40 1
c 16468 1 1 5 42 40 1
c 16469 1 1 5 43 40 1
c 16470 1 1 5 44 40 1
c 16471 1 1 5 38 41 1
c 16472 1 1 5 39 41 1
c 16473 1 1 5 40 41 1
c 16474 1 1 5 41 41 1
c 16475 1 1 5 42 41 1
c 16476 1 1 5 43 41 1
c 16477 1 1 5 44 41 1
c 16478 1 1 5 38 42 1
c 16479 1 1 5 39 42 1
c 16480 1 1 5 40 42 1
c 16481 1 1 5 41 42 1
c 16482 1 1 5 42 42 1
c 16483 1 1 5 43 42 1
c 16484 1 1 5 44 42 1
c 16485 1 1 5 38 43 1
c 16486 1 1 5 39 43 1
c 16487 1 1 5 40 43 1
c 16488 1 1 5 41 43 1
c 16489 1 1 5 42 43 1
c 16490 1 1 5 43 43 1
c 16491 1 1 5 44 43 1
c 16492 1 1 5 38 44 1
c 16493 1 1 5 39 44 1
c 16494 1 1 5 40 44 1
c 16495 1 1 5 41 44 1
c 16520 0 3 2 32 32 0
c 16521 1 3 2 32 32 0
c 16560 1 6 0 24 42 0
c 16600 1 4 0 12 0 0
c 16630 1 5 0 16 4 0
c 16690 0 8 2 32 32 0
c 16691 1 8 2 32 32 0
c 16710 1 10 5 0 0 0
c 16805 0 2 4 52 52 0
c 16806 0 2 4 53 52 0
c 16807 0 2 4 54 52 0
c 16808 0 2 4 55 52 1
c 16809 0 2 4 56 52 0
c 16810 0 2 4 57 52 0
c 16811 0 2 4 52 53 0
c 16812 0 2 4 53 53 1
c 16813 0 2 4 54 53 0
c 16814 0 2 4 55 53 0
c 16815 0 2 4 56 53 0
c 16816 0 2 4 57 53 1
c 16817 0 2 4 52 54 0
c 16818 0 2 4 53 54 0
c 16819 0 2 4 54 54 0
c 16820 0 2 4 55 54 1
c 16821 0 2 4 56 54 0
c 16822 0 2 4 57 54 0
c 16823 0 2 4 52 55 0
c 16824 0 2 4 53 55 1
c 16825 0 2 4 54 55 0
c 16826 0 2 4 55 55 0
c 16827 0 2 4 56 55 0
c 16828 0 2 4 57 55 1
c 16829 0 2 4 52 56 0
c 16830 0 2 4 53 56 0
c 16831 0 2 4 54 56 0
c 16832 0 2 4 55 56 1
c 16833 0 2 4 56 56 0
c 16834 0 2 4 57 56 0
c 16835 0 2 4 52 57 0
c 16836 0 2 4 53 57 1
c 16837 0 2 4 54 57 0
c 16838 0 2 4 55 57 0
c 16839 0 2 4 56 57 0
c 16840 0 2 4 57 57 1
c 16850 0 1 4 38 38 1
c 16851 0 1 4 39 38 1
c 16852 0 1 4 40 38 1
c 16853 0 1 4 41 38 1
c 16854 0 1 4 42 38 1
c 16855 0 1 4 43 38 1
c 16856 0 1 4 44 38 1
c 16857 0 1 4 38 39 1
c 16858 0 1 4 39 39 1
c 16859 0 1 4 40 39 1
c 16860 0 1 4 41 39 1
c 16861 0 1 4 42 39 1
c 16862 0 1 4 43 39 1
c 16863 0 1 4 44 39 1
c 16864 0 1 4 38 40 1
c 16865 0 1 4 39 40 1
c 16866 0 1 4 40 40 1
c 16867 0 1 4 41 40 1
c 16868 0 1 4 42 40 1
c 16869 0 1 4 43 40 1
c 16870 0 1 4 44 40 1
c 16871 0 1 4 38 41 1
c 16872 0 1 4 39 41 1
c 16873 0 1 4 40 41 1
c 16874 0 1 4 41 41 1
c 16875 0 1 4 42 41 1
c 16876 0 1 4 43 41 1
c 16877 0 1 4 44 41 1
c 16878 0 1 4 38 42 1
c 16879 0 1 4 39 42 1
c 16880 0 1 4 40 42 1
c 16881 0 1 4 41 42 1
c 16882 0 1 4 42 42 1
c 16883 0 1 4 43 42 1
c 16884 0 1 4 44 42 1
c 16885 0 1 4 38 43 1
c 16886 0 1 4 39 43 1
c 16887 0 1 4 40 43 1
c 16888 0 1 4 41 43 1
c 16889 0 1 4 42 43 1
c 16890 0 1 4 43 43 1
c 16891 0 1 4 44 43 1
c 16892 0 1 4 38 44 1
c 16893 0 1 4 39 44 1
c 16894 0 1 4 40 44 1
c 16895 0 1 4 41 44 1
c 16920 0 3 4 32 32 0
c 16921 1 3 4 32 32 0
c 16960 0 6 1 41 61 0
c 17000 0 4 1 35 29 0
c 17030 0 5 1 47 41 0
c 17090 0 8 4 32 32 0
c 17091 1 8 4 32 32 0
c 17110 0 10 4 0 0 0
c 17205 1 2 5 52 52 0
c 17206 1 2 5 53 52 0
c 17207 1 2 5 54 52 0
c 17208 1 2 5 55 52 1
c 17209 1 2 5 56 52 0
c 17210 1 2 5 57 52 0
c 17211 1 2 5 52 53 0
c 17212 1 2 5 53 53 1
c 17213 1 2 5 54 53 0
c 17214 1 2 5 55 53 0
c 17215 1 2 5 56 53 0
c 17216 1 2 5 57 53 1
c 17217 1 2 5 52 54 0
c 17218 1 2 5 53 54 0
c 17219 1 2 5 54 54 0
c 17220 1 2 5 55 54 1
c 17221 1 2 5 56 54 0
c 17222 1 2 5 57 54 0
c 17223 1 2 5 52 55 0
c 17224 1 2 5 53 55 1
c 17225 1 2 5 54 55 0
c 17226 1 2 5 55 55 0
c 17227 1 2 5 56 55 0
c 17228 1 2 5 57 55 1
c 17229 1 2 5 52 56 0
c 17230 1 2 5 53 56 0
c 17231 1 2 5 54 56 0
c 17232 1 2 5 55 56 1
c 17233 1 2 5 56 56 0
c 17234 1 2 5 57 56 0
c 17235 1 2 5 52 57 0
c 17236 1 2 5 53 57 1
c 17237 1 2 5 54 57 0
c 17238 1 2 5 55 57 0
c 17239 1 2 5 56 57 0
c 17240 1 2 5 57 57 1
c 17250 1 1 5 38 38 1
c 17251 1 1 5 39 38 1
c 17252 1 1 5 40 38 1
c 17253 1 1 5 41 38 1
c 17254 1 1 5 42 38 1
c 17255 1 1 5 43 38 1
c 17256 1 1 5 44 38 1
c 17257 1 1 5 38 39 1
c 17258 1 1 5 39 39 1
c 17259 1 1 5 40 39 1
c 17260 1 1 5 41 39 1
c 17261 1 1 5 42 39 1
c 17262 1 1 5 43 39 1
c 17263 1 1 5 44 39 1
c 17264 1 1 5 38 40 1
c 17265 1 1 5 39 40 1
c 17266 1 1 5 40 40 1
c 17267 1 1 5 41 40 1
c 17268 1 1 5 42 40 1
c 17269 1 1 5 43 40 1
c 17270 1 1 5 44 40 1
c 17271 1 1 5 38 41 1
c 17272 1 1 5 39 41 1
c 17273 1 1 5 40 41 1
c 17274 1 1 5 41 41 1
c 17275 1 1 5 42 41 1
c 17276 1 1 5 43 41 1
c 17277 1 1 5 44 41 1
c 17278 1 1 5 38 42 1
c 17279 1 1 5 39 42 1
c 17280 1 1 5 40 42 1
c 17281 1 1 5 41 42 1
c 17282 1 1 5 42 42 1
c 17283 1 1 5 43 42 1
c 17284 1 1 5 44 42 1
c 17285 1 1 5 38 43 1
c 17286 1 1 5 39 43 1
c 17287 1 1 5 40 43 1
c 17288 1 1 5 41 43 1
c 17289 1 1 5 42 43 1
c 17290 1 1 5 43 43 1
c 17291 1 1 5 44 43 1
c 17292 1 1 5 38 44 1
c 17293 1 1 5 39 44 1
c 17294 1 1 5 40 44 1
c 17295 1 1 5 41 44 1
c 17320 0 3 4 32 32 0
c 17321 1 3 4 32 32 0
c 17360 1 6 1 58 16 0
c 17400 1 4 1 58 58 0
c 17430 1 5 1 14 14 0
c 17490 0 8 4 32 32 0
c 17491 1 8 4 32 32 0
c 17510 1 10 5 0 0 0
c 17605 0 2 4 52 52 0
c 17606 0 2 4 53 52 0
c 17607 0 2 4 54 52 0
c 17608 0 2 4 55 52 1
c 17609 0 2 4 56 52 0
c 17610 0 2 4 57 52 0
c 17611 0 2 4 52 53 0
c 17612 0 2 4 53 53 1
c 17613 0 2 4 54 53 0
c 17614 0 2 4 55 53 0
c 17615 0 2 4 56 53 0
c 17616 0 2 4 57 53 1
c 17617 0 2 4 52 54 0
c 17618 0 2 4 53 54 0
c 17619 0 2 4 54 54 0
c 17620 0 2 4 55 54 1
c 17621 0 2 4 56 54 0
c 17622 0 2 4 57 54 0
c 17623 0 2 4 52 55 0
c 17624 0 2 4 53 55 1
c 17625 0 2 4 54 55 0
c 17626 0 2 4 55 55 0
c 17627 0 2 4 56 55 0
c 17628 0 2 4 57 55 1
c 17629 0 2 4 52 56 0
c 17630 0 2 4 53 56 0
c 17631 0 2 4 54 56 0
c 17632 0 2 4 55 56 1
c 17633 0 2 4 56 56 0
c 17634 0 2 4 57 56 0
c 17635 0 2 4 52 57 0
c 17636 0 2 4 53 57 1
c 17637 0 2 4 54 57 0
c 17638 0 2 4 55 57 0
c 17639 0 2 4 56 57 0
c 17640 0 2 4 57 57 1
c 17650 0 1 4 38 38 1
c 17651 0 1 4 39 38 1
c 17652 0 1 4 40 38 1
c 17653 0 1 4 41 38 1
c 17654 0 1 4 42 38 1
c 17655 0 1 4 43 38 1
c 17656 0 1 4 44 38 1
c 17657 0 1 4 38 39 1
c 17658 0 1 4 39 39 1
c 17659 0 1 4 40 39 1
c 17660 0 1 4 41 39 1
c 17661 0 1 4 42 39 1
c 17662 0 1 4 43 39 1
c 17663 0 1 4 44 39 1
c 17664 0 1 4 38 40 1
c 17665 0 1 4 39 40 1
c 17666 0 1 4 40 40 1
c 17667 0 1 4 41 40 1
c 17668 0 1 4 42 40 1
c 17669 0 1 4 43 40 1
c 17670 0 1 4 44 40 1
c 17671 0 1 4 38 41 1
c 17672 0 1 4 39 41 1
c 17673 0 1 4 40 41 1
c 17674 0 1 4 41 41 1
c 17675 0 1 4 42 41 1
c 17676 0 1 4 43 41 1
c 17677 0 1 4 44 41 1
c 17678 0 1 4 38 42 1
c 17679 0 1 4 39 42 1
c 17680 0 1 4 40 42 1
c 17681 0 1 4 41 42 1
c 17682 0 1 4 42 42 1
c 17683 0 1 4 43 42 1
c 17684 0 1 4 44 42 1
c 17685 0 1 4 38 43 1
c 17686 0 1 4 39 43 1
c 17687 0 1 4 40 43 1
c 17688 0 1 4 41 43 1
c 17689 0 1 4 42 43 1
c 17690 0 1 4 43 43 1
c 17691 0 1 4 44 43 1
c 17692 0 1 4 38 44 1
c 17693 0 1 4 39 44 1
c 17694 0 1 4 40 44 1
c 17695 0 1 4 41 44 1
c 17720 0 3 4 32 32 0
c 17721 1 3 4 32 32 0
c 17760 0 6 2 11 35 0
c 17800 0 4 2 17 23 0
c 17830 0 5 2 45 51 0
c 17890 0 8 4 32 32 0
c 17891 1 8 4 32 32 0
c 17910 0 10 4 0 0 0
c 18005 1 2 5 52 52 0
c 18006 1 2 5 53 52 0
c 18007 1 2 5 54 52 0
c 18008 1 2 5 55 52 1
c 18009 1 2 5 56 52 0
c 18010 1 2 5 57 52 0
c 18011 1 2 5 52 53 0
c 18012 1 2 5 53 53 1
c 18013 1 2 5 54 53 0
c 18014 1 2 5 55 53 0
c 18015 1 2 5 56 53 0
c 18016 1 2 5 57 53 1
c 18017 1 2 5 52 54 0
c 18018 1 2 5 53 54 0
c 18019 1 2 5 54 54 0
c 18020 1 2 5 55 54 1
c 18021 1 2 5 56 54 0
c 18022 1 2 5 57 54 0
c 18023 1 2 5 52 55 0
c 18024 1 2 5 53 55 1
c 18025 1 2 5 54 55 0
c 18026 1 2 5 55 55 0
c 18027 1 2 5 56 55 0
c 18028 1 2 5 57 55 1
c 18029 1 2 5 52 56 0
c 18030 1 2 5 53 56 0
c 18031 1 2 5 54 56 0
c 18032 1 2 5 55 56 1
c 18033 1 2 5 56 56 0
c 18034 1 2 5 57 56 0
c 18035 1 2 5 52 57 0
c 18036 1 2 5 53 57 1
c 18037 1 2 5 54 57 0
c 18038 1 2 5 55 57 0
c 18039 1 2 5 56 57 0
c 18040 1 2 5 57 57 1
c 18050 1 1 5 38 38 1
c 18051 1 1 5 39 38 1
c 18052 1 1 5 40 38 1
c 18053 1 1 5 41 38 1
c 18054 1 1 5 42 38 1
c 18055 1 1 5 43 38 1
c 18056 1 1 5 44 38 1
c 18057 1 1 5 38 39 1
c 18058 1 1 5 39 39 1
c 18059 1 1 5 40 39 1
c 18060 1 1 5 41 39 1
c 18061 1 1 5 42 39 1
c 18062 1 1 5 43 39 1
c 18063 1 1 5 44 39 1
c 18064 1 1 5 38 40 1
c 18065 1 1 5 39 40 1
c 18066 1 1 5 40 40 1
c 18067 1 1 5 41 40 1
c 18068 1 1 5 42 40 1
c 18069 1 1 5 43 40 1
c 18070 1 1 5 44 40 1
c 18071 1 1 5 38 41 1
c 18072 1 1 5 39 41 1
c 18073 1 1 5 40 41 1
c 18074 1 1 5 41 41 1
c 18075 1 1 5 42 41 1
c 18076 1 1 5 43 41 1
c 18077 1 1 5 44 41 1
c 18078 1 1 5 38 42 1
c 18079 1 1 5 39 42 1
c 18080 1 1 5 40 42 1
c 18081 1 1 5 41 42 1
c 18082 1 1 5 42 42 1
c 18083 1 1 5 43 42 1
c 18084 1 1 5 44 42 1
c 18085 1 1 5 38 43 1
c 18086 1 1 5 39 43 1
c 18087 1 1 5 40 43 1
c 18088 1 1 5 41 43 1
c 18089 1 1 5 42 43 1
c 18090 1 1 5 43 43 1
c 18091 1 1 5 44 43 1
c 18092 1 1 5 38 44 1
c 18093 1 1 5 39 44 1
c 18094 1 1 5 40 44 1
c 18095 1 1 5 41 44 1
c 18120 0 3 4 32 32 0
c 18121 1 3 4 32 32 0
c 18160 1 6 2 28 54 0
c 18200 1 4 2 40 52 0
c 18230 1 5 2 12 24 0
c 18290 0 8 4 32 32 0
c 18291 1 8 4 32 32 0
c 18310 1 10 5 0 0 0
c 18405 0 2 4 52 52 0
c 18406 0 2 4 53 52 0
c 18407 0 2 4 54 52 0
c 18408 0 2 4 55 52 1
c 18409 0 2 4 56 52 0
c 18410 0 2 4 57 52 0
c 18411 0 2 4 52 53 0
c 18412 0 2 4 53 53 1
c 18413 0 2 4 54 53 0
c 18414 0 2 4 55 53 0
c 18415 0 2 4 56 53 0
c 18416 0 2 4 57 53 1
c 18417 0 2 4 52 54 0
c 18418 0 2 4 53 54 0
c 18419 0 2 4 54 54 0
c 18420 0 2 4 55 54 1
c 18421 0 2 4 56 54 0
c 18422 0 2 4 57 54 0
c 18423 0 2 4 52 55 0
c 18424 0 2 4 53 55 1
c 18425 0 2 4 54 55 0
c 18426 0 2 4 55 55 0
c 18427 0 2 4 56 55 0
c 18428 0 2 4 57 55 1
c 18429 0 2 4 52 56 0
c 18430 0 2 4 53 56 0
c 18431 0 2 4 54 56 0
c 18432 0 2 4 55 56 1
c 18433 0 2 4 56 56 0
c 18434 0 2 4 57 56 0
c 18435 0 2 4 52 57 0
c 18436 0 2 4 53 57 1
c 18437 0 2 4 54 57 0
c 18438 0 2 4 55 57 0
c 18439 0 2 4 56 57 0
c 18440 0 2 4 57 57 1
c 18450 0 1 4 38 38 1
c 18451 0 1 4 39 38 1
c 18452 0 1 4 40 38 1
c 18453 0 1 4 41 38 1
c 18454 0 1 4 42 38 1
c 18455 0 1 4 43 38 1
c 18456 0 1 4 44 38 1
c 18457 0 1 4 38 39 1
c 18458 0 1 4 39 39 1
c 18459 0 1 4 40 39 1
c 18460 0 1 4 41 39 1
c 18461 0 1 4 42 39 1
c 18462 0 1 4 43 39 1
c 18463 0 1 4 44 39 1
c 18464 0 1 4 38 40 1
c 18465 0 1 4 39 40 1
c 18466 0 1 4 40 40 1
c 18467 0 1 4 41 40 1
c 18468 0 1 4 42 40 1
c 18469 0 1 4 43 40 1
c 18470 0 1 4 44 40 1
c 18471 0 1 4 38 41 1
c 18472 0 1 4 39 41 1
c 18473 0 1 4 40 41 1
c 18474 0 1 4 41 41 1
c 18475 0 1 4 42 41 1
c 18476 0 1 4 43 41 1
c 18477 0 1 4 44 41 1
c 18478 0 1 4 38 42 1
c 18479 0 1 4 39 42 1
c 18480 0 1 4 40 42 1
c 18481 0 1 4 41 42 1
c 18482 0 1 4 42 42 1
c 18483 0 1 4 43 42 1
c 18484 0 1 4 44 42 1
c 18485 0 1 4 38 43 1
c 18486 0 1 4 39 43 1
c 18487 0 1 4 40 43 1
c 18488 0 1 4 41 43 1
c 18489 0 1 4 42 43 1
c 18490 0 1 4 43 43 1
c 18491 0 1 4 44 43 1
c 18492 0 1 4 38 44 1
c 18493 0 1 4 39 44 1
c 18494 0 1 4 40 44 1
c 18495 0 1 4 41 44 1
c 18520 0 3 4 32 32 0
c 18521 1 3 4 32 32 0
c 18560 0 6 3 45 9 0
c 18600 0 4 3 63 17 0
c 18630 0 5 3 43 61 0
c 18690 0 8 4 32 32 0
c 18691 1 8 4 32 32 0
c 18710 0 10 4 0 0 0
c 18805 1 2 5 52 52 0
c 18806 1 2 5 53 52 0
c 18807 1 2 5 54 52 0
c 18808 1 2 5 55 52 1
c 18809 1 2 5 56 52 0
c 18810 1 2 5 57 52 0
c 18811 1 2 5 52 53 0
c 18812 1 2 5 53 53 1
c 18813 1 2 5 54 53 0
c 18814 1 2 5 55 53 0
c 18815 1 2 5 56 53 0
c 18816 1 2 5 57 53 1
c 18817 1 2 5 52 54 0
c 18818 1 2 5 53 54 0
c 18819 1 2 5 54 54 0
c 18820 1 2 5 55 54 1
c 18821 1 2 5 56 54 0
c 18822 1 2 5 57 54 0
c 18823 1 2 5 52 55 0
c 18824 1 2 5 53 55 1
c 18825 1 2 5 54 55 0
c 18826 1 2 5 55 55 0
c 18827 1 2 5 56 55 0
c 18828 1 2 5 57 55 1
c 18829 1 2 5 52 56 0
c 18830 1 2 5 53 56 0
c 18831 1 2 5 54 56 0
c 18832 1 2 5 55 56 1
c 18833 1 2 5 56 56 0
c 18834 1 2 5 57 56 0
c 18835 1 2 5 52 57 0
c 18836 1 2 5 53 57 1
c 18837 1 2 5 54 57 0
c 18838 1 2 5 55 57 0
c 18839 1 2 5 56 57 0
c 18840 1 2 5 57 57 1
c 18850 1 1 5 38 38 1
c 18851 1 1 5 39 38 1
c 18852 1 1 5 40 38 1
c 18853 1 1 5 41 38 1
c 18854 1 1 5 42 38 1
c 18855 1 1 5 43 38 1
c 18856 1 1 5 44 38 1
c 18857 1 1 5 38 39 1
c 18858 1 1 5 39 39 1
c 18859 1 1 5 40 39 1
c 18860 1 1 5 41 39 1
c 18861 1 1 5 42 39 1
c 18862 1 1 5 43 39 1
c 18863 1 1 5 44 39 1
c 18864 1 1 5 38 40 1
c 18865 1 1 5 39 40 1
c 18866 1 1 5 40 40 1
c 18867 1 1 5 41 40 1
c 18868 1 1 5 42 40 1
c 18869 1 1 5 43 40 1
c 18870 1 1 5 44 40 1
c 18871 1 1 5 38 41 1
c 18872 1 1 5 39 41 1
c 18873 1 1 5 40 41 1
c 18874 1 1 5 41 41 1
c 18875 1 1 5 42 41 1
c 18876 1 1 5 43 41 1
c 18877 1 1 5 44 41 1
c 18878 1 1 5 38 42 1
c 18879 1 1 5 39 42 1
c 18880 1 1 5 40 42 1
c 18881 1 1 5 41 42 1
c 18882 1 1 5 42 42 1
c 18883 1 1 5 43 42 1
c 18884 1 1 5 44 42 1
c 18885 1 1 5 38 43 1
c 18886 1 1 5 39 43 1
c 18887 1 1 5 40 43 1
c 18888 1 1 5 41 43 1
c 18889 1 1 5 42 43 1
c 18890 1 1 5 43 43 1
c 18891 1 1 5 44 43 1
c 18892 1 1 5 38 44 1
c 18893 1 1 5 39 44 1
c 18894 1 1 5 40 44 1
c 18895 1 1 5 41 44 1
c 18920 0 3 4 32 32 0
c 18921 1 3 4 32 32 0
c 18960 1 6 3 62 28 0
c 19000 1 4 3 22 46 0
c 19030 1 5 3 10 34 0
c 19090 0 8 4 32 32 0
c 19091 1 8 4 32 32 0
c 19110 1 10 5 0 0 0
c 19205 0 2 4 52 52 0
c 19206 0 2 4 53 52 0
c 19207 0 2 4 54 52 0
c 19208 0 2 4 55 52 1
c 19209 0 2 4 56 52 0
c 19210 0 2 4 57 52 0
c 19211 0 2 4 52 53 0
c 19212 0 2 4 53 53 1
c 19213 0 2 4 54 53 0
c 19214 0 2 4 55 53 0
c 19215 0 2 4 56 53 0
c 19216 0 2 4 57 53 1
c 19217 0 2 4 52 54 0
c 19218 0 2 4 53 54 0
c 19219 0 2 4 54 54 0
c 19220 0 2 4 55 54 1
c 19221 0 2 4 56 54 0
c 19222 0 2 4 57 54 0
c 19223 0 2 4 52 55 0
c 19224 0 2 4 53 55 1
c 19225 0 2 4 54 55 0
c 19226 0 2 4 55 55 0
c 19227 0 2 4 56 55 0
c 19228 0 2 4 57 55 1
c 19229 0 2 4 52 56 0
c 19230 0 2 4 53 56 0
c 19231 0 2 4 54 56 0
c 19232 0 2 4 55 56 1
c 19233 0 2 4 56 56 0
c 19234 0 2 4 57 56 0
c 19235 0 2 4 52 57 0
c 19236 0 2 4 53 57 1
c 19237 0 2 4 54 57 0
c 19238 0 2 4 55 57 0
c 19239 0 2 4 56 57 0
c 19240 0 2 4 57 57 1
c 19250 0 1 4 38 38 1
c 19251 0 1 4 39 38 1
c 19252 0 1 4 40 38 1
c 19253 0 1 4 41 38 1
c 19254 0 1 4 42 38 1
c 19255 0 1 4 43 38 1
c 19256 0 1 4 44 38 1
c 19257 0 1 4 38 39 1
c 19258 0 1 4 39 39 1
c 19259 0 1 4 40 39 1
c 19260 0 1 4 41 39 1
c 19261 0 1 4 42 39 1
c 19262 0 1 4 43 39 1
c 19263 0 1 4 44 39 1
c 19264 0 1 4 38 40 1
c 19265 0 1 4 39 40 1
c 19266 0 1 4 40 40 1
c 19267 0 1 4 41 40 1
c 19268 0 1 4 42 40 1
c 19269 0 1 4 43 40 1
c 19270 0 1 4 44 40 1
c 19271 0 1 4 38 41 1
c 19272 0 1 4 39 41 1
c 19273 0 1 4 40 41 1
c 19274 0 1 4 41 41 1
c 19275 0 1 4 42 41 1
c 19276 0 1 4 43 41 1
c 19277 0 1 4 44 41 1
c 19278 0 1 4 38 42 1
c 19279 0 1 4 39 42 1
c 19280 0 1 4 40 42 1
c 19281 0 1 4 41 42 1
c 19282 0 1 4 42 42 1
c 19283 0 1 4 43 42 1
c 19284 0 1 4 44 42 1
c 19285 0 1 4 38 43 1
c 19286 0 1 4 39 43 1
c 19287 0 1 4 40 43 1
c 19288 0 1 4 41 43 1
c 19289 0 1 4 42 43 1
c 19290 0 1 4 43 43 1
c 19291 0 1 4 44 43 1
c 19292 0 1 4 38 44 1
c 19293 0 1 4 39 44 1
c 19294 0 1 4 40 44 1
c 19295 0 1 4 41 44 1
c 19320 0 3 5 32 32 0
c 19321 1 3 5 32 32 0
c 19360 0 6 0 15 47 0
c 19400 0 4 0 45 11 0
c 19430 0 5 0 41 7 0
c 19490 0 8 5 32 32 0
c 19491 1 8 5 32 32 0
c 19510 0 10 4 1 0 0
c 19605 1 2 5 52 52 0
c 19606 1 2 5 53 52 0
c 19607 1 2 5 54 52 0
c 19608 1 2 5 55 52 1
c 19609 1 2 5 56 52 0
c 19610 1 2 5 57 52 0
c 19611 1 2 5 52 53 0
c 19612 1 2 5 53 53 1
c 19613 1 2 5 54 53 0
c 19614 1 2 5 55 53 0
c 19615 1 2 5 56 53 0
c 19616 1 2 5 57 53 1
c 19617 1 2 5 52 54 0
c 19618 1 2 5 53 54 0
c 19619 1 2 5 54 54 0
c 19620 1 2 5 55 54 1
c 19621 1 2 5 56 54 0
c 19622 1 2 5 57 54 0
c 19623 1 2 5 52 55 0
c 19624 1 2 5 53 55 1
c 19625 1 2 5 54 55 0
c 19626 1 2 5 55 55 0
c 19627 1 2 5 56 55 0
c 19628 1 2 5 57 55 1
c 19629 1 2 5 52 56 0
c 19630 1 2 5 53 56 0
c 19631 1 2 5 54 56 0
c 19632 1 2 5 55 56 1
c 19633 1 2 5 56 56 0
c 19634 1 2 5 57 56 0
c 19635 1 2 5 52 57 0
c 19636 1 2 5 53 57 1
c 19637 1 2 5 54 57 0
c 19638 1 2 5 55 57 0
c 19639 1 2 5 56 57 0
c 19640 1 2 5 57 57 1
c 19650 1 1 5 38 38 1
c 19651 1 1 5 39 38 1
c 19652 1 1 5 40 38 1
c 19653 1 1 5 41 38 1
c 19654 1 1 5 42 38 1
c 19655 1 1 5 43 38 1
c 19656 1 1 5 44 38 1
c 19657 1 1 5 38 39 1
c 19658 1 1 5 39 39 1
c 19659 1 1 5 40 39 1
c 19660 1 1 5 41 39 1
c 19661 1 1 5 42 39 1
c 19662 1 1 5 43 39 1
c 19663 1 1 5 44 39 1
c 19664 1 1 5 38 40 1
c 19665 1 1 5 39 40 1
c 19666 1 1 5 40 40 1
c 19667 1 1 5 41 40 1
c 19668 1 1 5 42 40 1
c 19669 1 1 5 43 40 1
c 19670 1 1 5 44 40 1
c 19671 1 1 5 38 41 1
c 19672 1 1 5 39 41 1
c 19673 1 1 5 40 41 1
c 19674 1 1 5 41 41 1
c 19675 1 1 5 42 41 1
c 19676 1 1 5 43 41 1
c 19677 1 1 5 44 41 1
c 19678 1 1 5 38 42 1
c 19679 1 1 5 39 42 1
c 19680 1 1 5 40 42 1
c 19681 1 1 5 41 42 1
c 19682 1 1 5 42 42 1
c 19683 1 1 5 43 42 1
c 19684 1 1 5 44 42 1
c 19685 1 1 5 38 43 1
c 19686 1 1 5 39 43 1
c 19687 1 1 5 40 43 1
c 19688 1 1 5 41 43 1
c 19689 1 1 5 42 43 1
c 19690 1 1 5 43 43 1
c 19691 1 1 5 44 43 1
c 19692 1 1 5 38 44 1
c 19693 1 1 5 39 44 1
c 19694 1 1 5 40 44 1
c 19695 1 1 5 41 44 1
c 19720 0 3 5 32 32 0
c 19721 1 3 5 32 32 0
c 19760 1 6 0 32 2 0
c 19800 1 4 0 4 40 0
c 19830 1 5 0 8 44 0
c 19890 0 8 5 32 32 0
c 19891 1 8 5 32 32 0
c 19910 1 10 5 0 0 0
