# diomano session log v1 — generated by `diomano-cli record`
# commands: c <tick> <player> <verb> <face> <x> <y> <modifier>
seed 24301
n 64
terrain 0
ticks 2400
c 5 0 2 0 10 16 0
c 6 0 2 0 10 16 0
c 7 0 2 0 10 16 0
c 8 0 2 0 10 16 1
c 9 0 2 0 10 16 0
c 10 0 2 0 13 21 0
c 11 0 2 0 13 21 0
c 12 0 2 0 13 21 1
c 13 0 2 0 13 21 0
c 14 0 2 0 13 21 0
c 15 0 2 0 16 26 0
c 16 0 2 0 16 26 1
c 17 0 2 0 16 26 0
c 18 0 2 0 16 26 0
c 19 0 2 0 16 26 0
c 20 0 2 0 19 31 1
c 21 0 2 0 19 31 0
c 22 0 2 0 19 31 0
c 23 0 2 0 19 31 0
c 24 0 2 0 19 31 1
c 25 0 2 0 22 36 0
c 26 0 2 0 22 36 0
c 27 0 2 0 22 36 0
c 28 0 2 0 22 36 1
c 29 0 2 0 22 36 0
c 30 0 2 0 25 41 0
c 31 0 2 0 25 41 0
c 32 0 2 0 25 41 1
c 33 0 2 0 25 41 0
c 34 0 2 0 25 41 0
c 35 0 2 0 28 46 0
c 36 0 2 0 28 46 1
c 37 0 2 0 28 46 0
c 38 0 2 0 28 46 0
c 39 0 2 0 28 46 0
c 40 0 2 0 31 51 1
c 50 0 1 0 8 49 1
c 51 0 1 0 8 49 1
c 52 0 1 0 8 49 1
c 53 0 1 0 8 49 1
c 54 0 1 0 8 49 1
c 55 0 1 0 15 52 1
c 56 0 1 0 15 52 1
c 57 0 1 0 15 52 1
c 58 0 1 0 15 52 1
c 59 0 1 0 15 52 1
c 60 0 1 0 22 55 1
c 61 0 1 0 22 55 1
c 62 0 1 0 22 55 1
c 63 0 1 0 22 55 1
c 64 0 1 0 22 55 1
c 65 0 1 0 29 58 1
c 66 0 1 0 29 58 1
c 67 0 1 0 29 58 1
c 68 0 1 0 29 58 1
c 69 0 1 0 29 58 1
c 70 0 1 0 36 61 1
c 71 0 1 0 36 61 1
c 72 0 1 0 36 61 1
c 73 0 1 0 36 61 1
c 74 0 1 0 36 61 1
c 75 0 1 0 43 0 1
c 76 0 1 0 43 0 1
c 77 0 1 0 43 0 1
c 78 0 1 0 43 0 1
c 79 0 1 0 43 0 1
c 80 0 1 0 50 3 1
c 81 0 1 0 50 3 1
c 82 0 1 0 50 3 1
c 83 0 1 0 50 3 1
c 84 0 1 0 50 3 1
c 85 0 1 0 57 6 1
c 86 0 1 0 57 6 1
c 87 0 1 0 57 6 1
c 88 0 1 0 57 6 1
c 89 0 1 0 57 6 1
c 90 0 1 0 0 9 1
c 91 0 1 0 0 9 1
c 92 0 1 0 0 9 1
c 93 0 1 0 0 9 1
c 94 0 1 0 0 9 1
c 95 0 1 0 7 12 1
c 120 0 3 0 8 56 0
c 160 0 6 1 32 32 0
c 205 0 2 1 2 24 0
c 206 0 2 1 2 24 0
c 207 0 2 1 2 24 0
c 208 0 2 1 2 24 1
c 209 0 2 1 2 24 0
c 210 0 2 1 5 29 0
c 211 0 2 1 5 29 0
c 212 0 2 1 5 29 1
c 213 0 2 1 5 29 0
c 214 0 2 1 5 29 0
c 215 0 2 1 8 34 0
c 216 0 2 1 8 34 1
c 217 0 2 1 8 34 0
c 218 0 2 1 8 34 0
c 219 0 2 1 8 34 0
c 220 0 2 1 11 39 1
c 221 0 2 1 11 39 0
c 222 0 2 1 11 39 0
c 223 0 2 1 11 39 0
c 224 0 2 1 11 39 1
c 225 0 2 1 14 44 0
c 226 0 2 1 14 44 0
c 227 0 2 1 14 44 0
c 228 0 2 1 14 44 1
c 229 0 2 1 14 44 0
c 230 0 2 1 17 49 0
c 231 0 2 1 17 49 0
c 232 0 2 1 17 49 1
c 233 0 2 1 17 49 0
c 234 0 2 1 17 49 0
c 235 0 2 1 20 54 0
c 236 0 2 1 20 54 1
c 237 0 2 1 20 54 0
c 238 0 2 1 20 54 0
c 239 0 2 1 20 54 0
c 240 0 2 1 23 59 1
c 250 0 1 1 32 41 1
c 251 0 1 1 32 41 1
c 252 0 1 1 32 41 1
c 253 0 1 1 32 41 1
c 254 0 1 1 32 41 1
c 255 0 1 1 39 44 1
c 256 0 1 1 39 44 1
c 257 0 1 1 39 44 1
c 258 0 1 1 39 44 1
c 259 0 1 1 39 44 1
c 260 0 1 1 46 47 1
c 261 0 1 1 46 47 1
c 262 0 1 1 46 47 1
c 263 0 1 1 46 47 1
c 264 0 1 1 46 47 1
c 265 0 1 1 53 50 1
c 266 0 1 1 53 50 1
c 267 0 1 1 53 50 1
c 268 0 1 1 53 50 1
c 269 0 1 1 53 50 1
c 270 0 1 1 60 53 1
c 271 0 1 1 60 53 1
c 272 0 1 1 60 53 1
c 273 0 1 1 60 53 1
c 274 0 1 2 60 53 1
c 275 0 1 2 3 56 1
c 276 0 1 2 3 56 1
c 277 0 1 2 3 56 1
c 278 0 1 2 3 56 1
c 279 0 1 2 3 56 1
c 280 0 1 2 10 59 1
c 281 0 1 2 10 59 1
c 282 0 1 2 10 59 1
c 283 0 1 2 10 59 1
c 284 0 1 2 10 59 1
c 285 0 1 2 17 62 1
c 286 0 1 2 17 62 1
c 287 0 1 2 17 62 1
c 288 0 1 2 17 62 1
c 289 0 1 2 17 62 1
c 290 0 1 2 24 1 1
c 291 0 1 2 24 1 1
c 292 0 1 2 24 1 1
c 293 0 1 2 24 1 1
c 294 0 1 2 24 1 1
c 295 0 1 2 31 4 1
c 320 0 3 2 0 0 0
c 360 0 6 2 8 24 0
c 405 1 2 2 58 32 0
c 406 1 2 2 58 32 0
c 407 1 2 2 58 32 0
c 408 1 2 2 58 32 1
c 409 1 2 2 58 32 0
c 410 1 2 2 61 37 0
c 411 1 2 3 61 37 0
c 412 1 2 3 61 37 1
c 413 1 2 3 61 37 0
c 414 1 2 3 61 37 0
c 415 1 2 3 0 42 0
c 416 1 2 3 0 42 1
c 417 1 2 3 0 42 0
c 418 1 2 3 0 42 0
c 419 1 2 3 0 42 0
c 420 1 2 3 3 47 1
c 421 1 2 3 3 47 0
c 422 1 2 3 3 47 0
c 423 1 2 3 3 47 0
c 424 1 2 3 3 47 1
c 425 1 2 3 6 52 0
c 426 1 2 3 6 52 0
c 427 1 2 3 6 52 0
c 428 1 2 3 6 52 1
c 429 1 2 3 6 52 0
c 430 1 2 3 9 57 0
c 431 1 2 3 9 57 0
c 432 1 2 3 9 57 1
c 433 1 2 3 9 57 0
c 434 1 2 3 9 57 0
c 435 1 2 3 12 62 0
c 436 1 2 3 12 62 1
c 437 1 2 3 12 62 0
c 438 1 2 3 12 62 0
c 439 1 2 3 12 62 0
c 440 1 2 3 15 3 1
c 450 1 1 3 56 33 1
c 451 1 1 3 56 33 1
c 452 1 1 3 56 33 1
c 453 1 1 3 56 33 1
c 454 1 1 3 56 33 1
c 455 1 1 3 63 36 1
c 456 1 1 3 63 36 1
c 457 1 1 3 63 36 1
c 458 1 1 3 63 36 1
c 459 1 1 3 63 36 1
c 460 1 1 3 6 39 1
c 461 1 1 3 6 39 1
c 462 1 1 3 6 39 1
c 463 1 1 3 6 39 1
c 464 1 1 3 6 39 1
c 465 1 1 3 13 42 1
c 466 1 1 3 13 42 1
c 467 1 1 3 13 42 1
c 468 1 1 3 13 42 1
c 469 1 1 3 13 42 1
c 470 1 1 3 20 45 1
c 471 1 1 3 20 45 1
c 472 1 1 3 20 45 1
c 473 1 1 3 20 45 1
c 474 1 1 3 20 45 1
c 475 1 1 3 27 48 1
c 476 1 1 3 27 48 1
c 477 1 1 3 27 48 1
c 478 1 1 3 27 48 1
c 479 1 1 3 27 48 1
c 480 1 1 3 34 51 1
c 481 1 1 3 34 51 1
c 482 1 1 3 34 51 1
c 483 1 1 3 34 51 1
c 484 1 1 3 34 51 1
c 485 1 1 3 41 54 1
c 486 1 1 3 41 54 1
c 487 1 1 3 41 54 1
c 488 1 1 3 41 54 1
c 489 1 1 3 41 54 1
c 490 1 1 3 48 57 1
c 491 1 1 3 48 57 1
c 492 1 1 3 48 57 1
c 493 1 1 3 48 57 1
c 494 1 1 3 48 57 1
c 495 1 1 3 55 60 1
c 520 1 3 3 56 8 0
c 560 1 6 4 48 16 0
c 605 1 2 4 50 40 0
c 606 1 2 4 50 40 0
c 607 1 2 4 50 40 0
c 608 1 2 4 50 40 1
c 609 1 2 4 50 40 0
c 610 1 2 4 53 45 0
c 611 1 2 4 53 45 0
c 612 1 2 4 53 45 1
c 613 1 2 4 53 45 0
c 614 1 2 4 53 45 0
c 615 1 2 4 56 50 0
c 616 1 2 4 56 50 1
c 617 1 2 4 56 50 0
c 618 1 2 4 56 50 0
c 619 1 2 4 56 50 0
c 620 1 2 4 59 55 1
c 621 1 2 4 59 55 0
c 622 1 2 4 59 55 0
c 623 1 2 4 59 55 0
c 624 1 2 4 59 55 1
c 625 1 2 4 62 60 0
c 626 1 2 4 62 60 0
c 627 1 2 4 62 60 0
c 628 1 2 4 62 60 1
c 629 1 2 4 62 60 0
c 630 1 2 4 1 1 0
c 631 1 2 4 1 1 0
c 632 1 2 4 1 1 1
c 633 1 2 4 1 1 0
c 634 1 2 4 1 1 0
c 635 1 2 4 4 6 0
c 636 1 2 4 4 6 1
c 637 1 2 4 4 6 0
c 638 1 2 4 4 6 0
c 639 1 2 4 4 6 0
c 640 1 2 4 7 11 1
c 650 1 1 4 16 25 1
c 651 1 1 4 16 25 1
c 652 1 1 4 16 25 1
c 653 1 1 4 16 25 1
c 654 1 1 4 16 25 1
c 655 1 1 4 23 28 1
c 656 1 1 4 23 28 1
c 657 1 1 4 23 28 1
c 658 1 1 4 23 28 1
c 659 1 1 4 23 28 1
c 660 1 1 4 30 31 1
c 661 1 1 4 30 31 1
c 662 1 1 4 30 31 1
c 663 1 1 4 30 31 1
c 664 1 1 4 30 31 1
c 665 1 1 4 37 34 1
c 666 1 1 4 37 34 1
c 667 1 1 4 37 34 1
c 668 1 1 4 37 34 1
c 669 1 1 4 37 34 1
c 670 1 1 4 44 37 1
c 671 1 1 4 44 37 1
c 672 1 1 4 44 37 1
c 673 1 1 4 44 37 1
c 674 1 1 4 44 37 1
c 675 1 1 4 51 40 1
c 676 1 1 4 51 40 1
c 677 1 1 4 51 40 1
c 678 1 1 4 51 40 1
c 679 1 1 4 51 40 1
c 680 1 1 4 58 43 1
c 681 1 1 4 58 43 1
c 682 1 1 4 58 43 1
c 683 1 1 4 58 43 1
c 684 1 1 4 58 43 1
c 685 1 1 5 1 46 1
c 686 1 1 5 1 46 1
c 687 1 1 5 1 46 1
c 688 1 1 5 1 46 1
c 689 1 1 5 1 46 1
c 690 1 1 5 8 49 1
c 691 1 1 5 8 49 1
c 692 1 1 5 8 49 1
c 693 1 1 5 8 49 1
c 694 1 1 5 8 49 1
c 695 1 1 5 15 52 1
c 720 1 3 5 48 16 0
c 760 1 6 5 24 8 0
c 805 0 2 5 42 48 0
c 806 0 2 5 42 48 0
c 807 0 2 5 42 48 0
c 808 0 2 5 42 48 1
c 809 0 2 5 42 48 0
c 810 0 2 5 45 53 0
c 811 0 2 5 45 53 0
c 812 0 2 5 45 53 1
c 813 0 2 5 45 53 0
c 814 0 2 5 45 53 0
c 815 0 2 5 48 58 0
c 816 0 2 5 48 58 1
c 817 0 2 5 48 58 0
c 818 0 2 5 48 58 0
c 819 0 2 5 48 58 0
c 820 0 2 5 51 63 1
c 821 0 2 5 51 63 0
c 822 0 2 0 51 63 0
c 823 0 2 0 51 63 0
c 824 0 2 0 51 63 1
c 825 0 2 0 54 4 0
c 826 0 2 0 54 4 0
c 827 0 2 0 54 4 0
c 828 0 2 0 54 4 1
c 829 0 2 0 54 4 0
c 830 0 2 0 57 9 0
c 831 0 2 0 57 9 0
c 832 0 2 0 57 9 1
c 833 0 2 0 57 9 0
c 834 0 2 0 57 9 0
c 835 0 2 0 60 14 0
c 836 0 2 0 60 14 1
c 837 0 2 0 60 14 0
c 838 0 2 0 60 14 0
c 839 0 2 0 60 14 0
c 840 0 2 0 63 19 1
c 850 0 1 0 40 17 1
c 851 0 1 0 40 17 1
c 852 0 1 0 40 17 1
c 853 0 1 0 40 17 1
c 854 0 1 0 40 17 1
c 855 0 1 0 47 20 1
c 856 0 1 0 47 20 1
c 857 0 1 0 47 20 1
c 858 0 1 0 47 20 1
c 859 0 1 0 47 20 1
c 860 0 1 0 54 23 1
c 861 0 1 0 54 23 1
c 862 0 1 0 54 23 1
c 863 0 1 0 54 23 1
c 864 0 1 0 54 23 1
c 865 0 1 0 61 26 1
c 866 0 1 0 61 26 1
c 867 0 1 0 61 26 1
c 868 0 1 0 61 26 1
c 869 0 1 0 61 26 1
c 870 0 1 0 4 29 1
c 871 0 1 0 4 29 1
c 872 0 1 0 4 29 1
c 873 0 1 0 4 29 1
c 874 0 1 0 4 29 1
c 875 0 1 0 11 32 1
c 876 0 1 0 11 32 1
c 877 0 1 0 11 32 1
c 878 0 1 0 11 32 1
c 879 0 1 0 11 32 1
c 880 0 1 0 18 35 1
c 881 0 1 0 18 35 1
c 882 0 1 0 18 35 1
c 883 0 1 0 18 35 1
c 884 0 1 0 18 35 1
c 885 0 1 0 25 38 1
c 886 0 1 0 25 38 1
c 887 0 1 0 25 38 1
c 888 0 1 0 25 38 1
c 889 0 1 0 25 38 1
c 890 0 1 0 32 41 1
c 891 0 1 0 32 41 1
c 892 0 1 0 32 41 1
c 893 0 1 0 32 41 1
c 894 0 1 0 32 41 1
c 895 0 1 0 39 44 1
c 920 0 3 0 40 24 0
c 960 0 6 1 0 0 0
c 1005 0 2 1 34 56 0
c 1006 0 2 1 34 56 0
c 1007 0 2 1 34 56 0
c 1008 0 2 1 34 56 1
c 1009 0 2 1 34 56 0
c 1010 0 2 1 37 61 0
c 1011 0 2 1 37 61 0
c 1012 0 2 1 37 61 1
c 1013 0 2 1 37 61 0
c 1014 0 2 1 37 61 0
c 1015 0 2 1 40 2 0
c 1016 0 2 1 40 2 1
c 1017 0 2 1 40 2 0
c 1018 0 2 1 40 2 0
c 1019 0 2 1 40 2 0
c 1020 0 2 1 43 7 1
c 1021 0 2 1 43 7 0
c 1022 0 2 1 43 7 0
c 1023 0 2 1 43 7 0
c 1024 0 2 1 43 7 1
c 1025 0 2 1 46 12 0
c 1026 0 2 1 46 12 0
c 1027 0 2 1 46 12 0
c 1028 0 2 1 46 12 1
c 1029 0 2 1 46 12 0
c 1030 0 2 1 49 17 0
c 1031 0 2 1 49 17 0
c 1032 0 2 1 49 17 1
c 1033 0 2 1 49 17 0
c 1034 0 2 1 49 17 0
c 1035 0 2 1 52 22 0
c 1036 0 2 1 52 22 1
c 1037 0 2 1 52 22 0
c 1038 0 2 1 52 22 0
c 1039 0 2 1 52 22 0
c 1040 0 2 1 55 27 1
c 1050 0 1 1 0 9 1
c 1051 0 1 1 0 9 1
c 1052 0 1 1 0 9 1
c 1053 0 1 1 0 9 1
c 1054 0 1 1 0 9 1
c 1055 0 1 1 7 12 1
c 1056 0 1 1 7 12 1
c 1057 0 1 1 7 12 1
c 1058 0 1 1 7 12 1
c 1059 0 1 1 7 12 1
c 1060 0 1 1 14 15 1
c 1061 0 1 1 14 15 1
c 1062 0 1 1 14 15 1
c 1063 0 1 1 14 15 1
c 1064 0 1 1 14 15 1
c 1065 0 1 1 21 18 1
c 1066 0 1 1 21 18 1
c 1067 0 1 1 21 18 1
c 1068 0 1 1 21 18 1
c 1069 0 1 1 21 18 1
c 1070 0 1 1 28 21 1
c 1071 0 1 1 28 21 1
c 1072 0 1 1 28 21 1
c 1073 0 1 1 28 21 1
c 1074 0 1 1 28 21 1
c 1075 0 1 1 35 24 1
c 1076 0 1 1 35 24 1
c 1077 0 1 1 35 24 1
c 1078 0 1 1 35 24 1
c 1079 0 1 1 35 24 1
c 1080 0 1 1 42 27 1
c 1081 0 1 1 42 27 1
c 1082 0 1 1 42 27 1
c 1083 0 1 1 42 27 1
c 1084 0 1 1 42 27 1
c 1085 0 1 1 49 30 1
c 1086 0 1 1 49 30 1
c 1087 0 1 1 49 30 1
c 1088 0 1 1 49 30 1
c 1089 0 1 1 49 30 1
c 1090 0 1 1 56 33 1
c 1091 0 1 1 56 33 1
c 1092 0 1 1 56 33 1
c 1093 0 1 1 56 33 1
c 1094 0 1 1 56 33 1
c 1095 0 1 1 63 36 1
c 1120 0 3 2 32 32 0
c 1160 0 6 2 40 56 0
c 1205 1 2 2 26 0 0
c 1206 1 2 2 26 0 0
c 1207 1 2 2 26 0 0
c 1208 1 2 2 26 0 1
c 1209 1 2 2 26 0 0
c 1210 1 2 2 29 5 0
c 1211 1 2 2 29 5 0
c 1212 1 2 2 29 5 1
c 1213 1 2 2 29 5 0
c 1214 1 2 2 29 5 0
c 1215 1 2 2 32 10 0
c 1216 1 2 2 32 10 1
c 1217 1 2 2 32 10 0
c 1218 1 2 2 32 10 0
c 1219 1 2 2 32 10 0
c 1220 1 2 2 35 15 1
c 1221 1 2 2 35 15 0
c 1222 1 2 2 35 15 0
c 1223 1 2 2 35 15 0
c 1224 1 2 2 35 15 1
c 1225 1 2 2 38 20 0
c 1226 1 2 2 38 20 0
c 1227 1 2 2 38 20 0
c 1228 1 2 2 38 20 1
c 1229 1 2 2 38 20 0
c 1230 1 2 2 41 25 0
c 1231 1 2 2 41 25 0
c 1232 1 2 2 41 25 1
c 1233 1 2 3 41 25 0
c 1234 1 2 3 41 25 0
c 1235 1 2 3 44 30 0
c 1236 1 2 3 44 30 1
c 1237 1 2 3 44 30 0
c 1238 1 2 3 44 30 0
c 1239 1 2 3 44 30 0
c 1240 1 2 3 47 35 1
c 1250 1 1 3 24 1 1
c 1251 1 1 3 24 1 1
c 1252 1 1 3 24 1 1
c 1253 1 1 3 24 1 1
c 1254 1 1 3 24 1 1
c 1255 1 1 3 31 4 1
c 1256 1 1 3 31 4 1
c 1257 1 1 3 31 4 1
c 1258 1 1 3 31 4 1
c 1259 1 1 3 31 4 1
c 1260 1 1 3 38 7 1
c 1261 1 1 3 38 7 1
c 1262 1 1 3 38 7 1
c 1263 1 1 3 38 7 1
c 1264 1 1 3 38 7 1
c 1265 1 1 3 45 10 1
c 1266 1 1 3 45 10 1
c 1267 1 1 3 45 10 1
c 1268 1 1 3 45 10 1
c 1269 1 1 3 45 10 1
c 1270 1 1 3 52 13 1
c 1271 1 1 3 52 13 1
c 1272 1 1 3 52 13 1
c 1273 1 1 3 52 13 1
c 1274 1 1 3 52 13 1
c 1275 1 1 3 59 16 1
c 1276 1 1 3 59 16 1
c 1277 1 1 3 59 16 1
c 1278 1 1 3 59 16 1
c 1279 1 1 3 59 16 1
c 1280 1 1 3 2 19 1
c 1281 1 1 3 2 19 1
c 1282 1 1 3 2 19 1
c 1283 1 1 3 2 19 1
c 1284 1 1 3 2 19 1
c 1285 1 1 3 9 22 1
c 1286 1 1 3 9 22 1
c 1287 1 1 3 9 22 1
c 1288 1 1 3 9 22 1
c 1289 1 1 3 9 22 1
c 1290 1 1 3 16 25 1
c 1291 1 1 3 16 25 1
c 1292 1 1 3 16 25 1
c 1293 1 1 3 16 25 1
c 1294 1 1 3 16 25 1
c 1295 1 1 3 23 28 1
c 1320 1 3 3 24 40 0
c 1360 1 6 3 16 48 0
c 1405 1 2 4 18 8 0
c 1406 1 2 4 18 8 0
c 1407 1 2 4 18 8 0
c 1408 1 2 4 18 8 1
c 1409 1 2 4 18 8 0
c 1410 1 2 4 21 13 0
c 1411 1 2 4 21 13 0
c 1412 1 2 4 21 13 1
c 1413 1 2 4 21 13 0
c 1414 1 2 4 21 13 0
c 1415 1 2 4 24 18 0
c 1416 1 2 4 24 18 1
c 1417 1 2 4 24 18 0
c 1418 1 2 4 24 18 0
c 1419 1 2 4 24 18 0
c 1420 1 2 4 27 23 1
c 1421 1 2 4 27 23 0
c 1422 1 2 4 27 23 0
c 1423 1 2 4 27 23 0
c 1424 1 2 4 27 23 1
c 1425 1 2 4 30 28 0
c 1426 1 2 4 30 28 0
c 1427 1 2 4 30 28 0
c 1428 1 2 4 30 28 1
c 1429 1 2 4 30 28 0
c 1430 1 2 4 33 33 0
c 1431 1 2 4 33 33 0
c 1432 1 2 4 33 33 1
c 1433 1 2 4 33 33 0
c 1434 1 2 4 33 33 0
c 1435 1 2 4 36 38 0
c 1436 1 2 4 36 38 1
c 1437 1 2 4 36 38 0
c 1438 1 2 4 36 38 0
c 1439 1 2 4 36 38 0
c 1440 1 2 4 39 43 1
c 1450 1 1 4 48 57 1
c 1451 1 1 4 48 57 1
c 1452 1 1 4 48 57 1
c 1453 1 1 4 48 57 1
c 1454 1 1 4 48 57 1
c 1455 1 1 4 55 60 1
c 1456 1 1 4 55 60 1
c 1457 1 1 4 55 60 1
c 1458 1 1 4 55 60 1
c 1459 1 1 4 55 60 1
c 1460 1 1 4 62 63 1
c 1461 1 1 4 62 63 1
c 1462 1 1 4 62 63 1
c 1463 1 1 4 62 63 1
c 1464 1 1 4 62 63 1
c 1465 1 1 4 5 2 1
c 1466 1 1 4 5 2 1
c 1467 1 1 4 5 2 1
c 1468 1 1 4 5 2 1
c 1469 1 1 4 5 2 1
c 1470 1 1 4 12 5 1
c 1471 1 1 4 12 5 1
c 1472 1 1 4 12 5 1
c 1473 1 1 4 12 5 1
c 1474 1 1 4 12 5 1
c 1475 1 1 4 19 8 1
c 1476 1 1 4 19 8 1
c 1477 1 1 4 19 8 1
c 1478 1 1 4 19 8 1
c 1479 1 1 4 19 8 1
c 1480 1 1 4 26 11 1
c 1481 1 1 4 26 11 1
c 1482 1 1 4 26 11 1
c 1483 1 1 4 26 11 1
c 1484 1 1 4 26 11 1
c 1485 1 1 4 33 14 1
c 1486 1 1 4 33 14 1
c 1487 1 1 4 33 14 1
c 1488 1 1 4 33 14 1
c 1489 1 1 4 33 14 1
c 1490 1 1 4 40 17 1
c 1491 1 1 4 40 17 1
c 1492 1 1 4 40 17 1
c 1493 1 1 4 40 17 1
c 1494 1 1 4 40 17 1
c 1495 1 1 4 47 20 1
c 1520 1 3 5 16 48 0
c 1560 1 6 5 56 40 0
c 1605 0 2 5 10 16 0
c 1606 0 2 5 10 16 0
c 1607 0 2 5 10 16 0
c 1608 0 2 5 10 16 1
c 1609 0 2 5 10 16 0
c 1610 0 2 5 13 21 0
c 1611 0 2 5 13 21 0
c 1612 0 2 5 13 21 1
c 1613 0 2 5 13 21 0
c 1614 0 2 5 13 21 0
c 1615 0 2 5 16 26 0
c 1616 0 2 5 16 26 1
c 1617 0 2 5 16 26 0
c 1618 0 2 5 16 26 0
c 1619 0 2 5 16 26 0
c 1620 0 2 5 19 31 1
c 1621 0 2 5 19 31 0
c 1622 0 2 5 19 31 0
c 1623 0 2 5 19 31 0
c 1624 0 2 5 19 31 1
c 1625 0 2 5 22 36 0
c 1626 0 2 5 22 36 0
c 1627 0 2 5 22 36 0
c 1628 0 2 5 22 36 1
c 1629 0 2 5 22 36 0
c 1630 0 2 5 25 41 0
c 1631 0 2 5 25 41 0
c 1632 0 2 5 25 41 1
c 1633 0 2 5 25 41 0
c 1634 0 2 5 25 41 0
c 1635 0 2 5 28 46 0
c 1636 0 2 5 28 46 1
c 1637 0 2 5 28 46 0
c 1638 0 2 5 28 46 0
c 1639 0 2 5 28 46 0
c 1640 0 2 5 31 51 1
c 1650 0 1 0 8 49 1
c 1651 0 1 0 8 49 1
c 1652 0 1 0 8 49 1
c 1653 0 1 0 8 49 1
c 1654 0 1 0 8 49 1
c 1655 0 1 0 15 52 1
c 1656 0 1 0 15 52 1
c 1657 0 1 0 15 52 1
c 1658 0 1 0 15 52 1
c 1659 0 1 0 15 52 1
c 1660 0 1 0 22 55 1
c 1661 0 1 0 22 55 1
c 1662 0 1 0 22 55 1
c 1663 0 1 0 22 55 1
c 1664 0 1 0 22 55 1
c 1665 0 1 0 29 58 1
c 1666 0 1 0 29 58 1
c 1667 0 1 0 29 58 1
c 1668 0 1 0 29 58 1
c 1669 0 1 0 29 58 1
c 1670 0 1 0 36 61 1
c 1671 0 1 0 36 61 1
c 1672 0 1 0 36 61 1
c 1673 0 1 0 36 61 1
c 1674 0 1 0 36 61 1
c 1675 0 1 0 43 0 1
c 1676 0 1 0 43 0 1
c 1677 0 1 0 43 0 1
c 1678 0 1 0 43 0 1
c 1679 0 1 0 43 0 1
c 1680 0 1 0 50 3 1
c 1681 0 1 0 50 3 1
c 1682 0 1 0 50 3 1
c 1683 0 1 0 50 3 1
c 1684 0 1 0 50 3 1
c 1685 0 1 0 57 6 1
c 1686 0 1 0 57 6 1
c 1687 0 1 0 57 6 1
c 1688 0 1 0 57 6 1
c 1689 0 1 0 57 6 1
c 1690 0 1 0 0 9 1
c 1691 0 1 0 0 9 1
c 1692 0 1 0 0 9 1
c 1693 0 1 0 0 9 1
c 1694 0 1 0 0 9 1
c 1695 0 1 0 7 12 1
c 1720 0 3 0 8 56 0
c 1760 0 6 0 32 32 0
c 1805 0 2 1 2 24 0
c 1806 0 2 1 2 24 0
c 1807 0 2 1 2 24 0
c 1808 0 2 1 2 24 1
c 1809 0 2 1 2 24 0
c 1810 0 2 1 5 29 0
c 1811 0 2 1 5 29 0
c 1812 0 2 1 5 29 1
c 1813 0 2 1 5 29 0
c 1814 0 2 1 5 29 0
c 1815 0 2 1 8 34 0
c 1816 0 2 1 8 34 1
c 1817 0 2 1 8 34 0
c 1818 0 2 1 8 34 0
c 1819 0 2 1 8 34 0
c 1820 0 2 1 11 39 1
c 1821 0 2 1 11 39 0
c 1822 0 2 1 11 39 0
c 1823 0 2 1 11 39 0
c 1824 0 2 1 11 39 1
c 1825 0 2 1 14 44 0
c 1826 0 2 1 14 44 0
c 1827 0 2 1 14 44 0
c 1828 0 2 1 14 44 1
c 1829 0 2 1 14 44 0
c 1830 0 2 1 17 49 0
c 1831 0 2 1 17 49 0
c 1832 0 2 1 17 49 1
c 1833 0 2 1 17 49 0
c 1834 0 2 1 17 49 0
c 1835 0 2 1 20 54 0
c 1836 0 2 1 20 54 1
c 1837 0 2 1 20 54 0
c 1838 0 2 1 20 54 0
c 1839 0 2 1 20 54 0
c 1840 0 2 1 23 59 1
c 1850 0 1 1 32 41 1
c 1851 0 1 1 32 41 1
c 1852 0 1 1 32 41 1
c 1853 0 1 1 32 41 1
c 1854 0 1 1 32 41 1
c 1855 0 1 1 39 44 1
c 1856 0 1 1 39 44 1
c 1857 0 1 1 39 44 1
c 1858 0 1 1 39 44 1
c 1859 0 1 1 39 44 1
c 1860 0 1 1 46 47 1
c 1861 0 1 1 46 47 1
c 1862 0 1 1 46 47 1
c 1863 0 1 1 46 47 1
c 1864 0 1 1 46 47 1
c 1865 0 1 1 53 50 1
c 1866 0 1 1 53 50 1
c 1867 0 1 1 53 50 1
c 1868 0 1 1 53 50 1
c 1869 0 1 1 53 50 1
c 1870 0 1 1 60 53 1
c 1871 0 1 1 60 53 1
c 1872 0 1 1 60 53 1
c 1873 0 1 1 60 53 1
c 1874 0 1 1 60 53 1
c 1875 0 1 1 3 56 1
c 1876 0 1 1 3 56 1
c 1877 0 1 1 3 56 1
c 1878 0 1 1 3 56 1
c 1879 0 1 1 3 56 1
c 1880 0 1 1 10 59 1
c 1881 0 1 1 10 59 1
c 1882 0 1 1 10 59 1
c 1883 0 1 1 10 59 1
c 1884 0 1 1 10 59 1
c 1885 0 1 1 17 62 1
c 1886 0 1 1 17 62 1
c 1887 0 1 1 17 62 1
c 1888 0 1 1 17 62 1
c 1889 0 1 1 17 62 1
c 1890 0 1 1 24 1 1
c 1891 0 1 1 24 1 1
c 1892 0 1 1 24 1 1
c 1893 0 1 1 24 1 1
c 1894 0 1 1 24 1 1
c 1895 0 1 1 31 4 1
c 1920 0 3 2 0 0 0
c 1960 0 6 2 8 24 0
c 2005 1 2 2 58 32 0
c 2006 1 2 2 58 32 0
c 2007 1 2 2 58 32 0
c 2008 1 2 2 58 32 1
c 2009 1 2 2 58 32 0
c 2010 1 2 2 61 37 0
c 2011 1 2 2 61 37 0
c 2012 1 2 2 61 37 1
c 2013 1 2 2 61 37 0
c 2014 1 2 2 61 37 0
c 2015 1 2 2 0 42 0
c 2016 1 2 2 0 42 1
c 2017 1 2 2 0 42 0
c 2018 1 2 2 0 42 0
c 2019 1 2 2 0 42 0
c 2020 1 2 2 3 47 1
c 2021 1 2 2 3 47 0
c 2022 1 2 2 3 47 0
c 2023 1 2 2 3 47 0
c 2024 1 2 2 3 47 1
c 2025 1 2 2 6 52 0
c 2026 1 2 2 6 52 0
c 2027 1 2 2 6 52 0
c 2028 1 2 2 6 52 1
c 2029 1 2 2 6 52 0
c 2030 1 2 2 9 57 0
c 2031 1 2 2 9 57 0
c 2032 1 2 2 9 57 1
c 2033 1 2 2 9 57 0
c 2034 1 2 2 9 57 0
c 2035 1 2 2 12 62 0
c 2036 1 2 2 12 62 1
c 2037 1 2 2 12 62 0
c 2038 1 2 2 12 62 0
c 2039 1 2 2 12 62 0
c 2040 1 2 2 15 3 1
c 2050 1 1 2 56 33 1
c 2051 1 1 2 56 33 1
c 2052 1 1 2 56 33 1
c 2053 1 1 2 56 33 1
c 2054 1 1 2 56 33 1
c 2055 1 1 3 63 36 1
c 2056 1 1 3 63 36 1
c 2057 1 1 3 63 36 1
c 2058 1 1 3 63 36 1
c 2059 1 1 3 63 36 1
c 2060 1 1 3 6 39 1
c 2061 1 1 3 6 39 1
c 2062 1 1 3 6 39 1
c 2063 1 1 3 6 39 1
c 2064 1 1 3 6 39 1
c 2065 1 1 3 13 42 1
c 2066 1 1 3 13 42 1
c 2067 1 1 3 13 42 1
c 2068 1 1 3 13 42 1
c 2069 1 1 3 13 42 1
c 2070 1 1 3 20 45 1
c 2071 1 1 3 20 45 1
c 2072 1 1 3 20 45 1
c 2073 1 1 3 20 45 1
c 2074 1 1 3 20 45 1
c 2075 1 1 3 27 48 1
c 2076 1 1 3 27 48 1
c 2077 1 1 3 27 48 1
c 2078 1 1 3 27 48 1
c 2079 1 1 3 27 48 1
c 2080 1 1 3 34 51 1
c 2081 1 1 3 34 51 1
c 2082 1 1 3 34 51 1
c 2083 1 1 3 34 51 1
c 2084 1 1 3 34 51 1
c 2085 1 1 3 41 54 1
c 2086 1 1 3 41 54 1
c 2087 1 1 3 41 54 1
c 2088 1 1 3 41 54 1
c 2089 1 1 3 41 54 1
c 2090 1 1 3 48 57 1
c 2091 1 1 3 48 57 1
c 2092 1 1 3 48 57 1
c 2093 1 1 3 48 57 1
c 2094 1 1 3 48 57 1
c 2095 1 1 3 55 60 1
c 2120 1 3 3 56 8 0
c 2160 1 6 3 48 16 0
c 2205 1 2 4 50 40 0
c 2206 1 2 4 50 40 0
c 2207 1 2 4 50 40 0
c 2208 1 2 4 50 40 1
c 2209 1 2 4 50 40 0
c 2210 1 2 4 53 45 0
c 2211 1 2 4 53 45 0
c 2212 1 2 4 53 45 1
c 2213 1 2 4 53 45 0
c 2214 1 2 4 53 45 0
c 2215 1 2 4 56 50 0
c 2216 1 2 4 56 50 1
c 2217 1 2 4 56 50 0
c 2218 1 2 4 56 50 0
c 2219 1 2 4 56 50 0
c 2220 1 2 4 59 55 1
c 2221 1 2 4 59 55 0
c 2222 1 2 4 59 55 0
c 2223 1 2 4 59 55 0
c 2224 1 2 4 59 55 1
c 2225 1 2 4 62 60 0
c 2226 1 2 4 62 60 0
c 2227 1 2 4 62 60 0
c 2228 1 2 4 62 60 1
c 2229 1 2 4 62 60 0
c 2230 1 2 4 1 1 0
c 2231 1 2 4 1 1 0
c 2232 1 2 4 1 1 1
c 2233 1 2 4 1 1 0
c 2234 1 2 4 1 1 0
c 2235 1 2 4 4 6 0
c 2236 1 2 4 4 6 1
c 2237 1 2 4 4 6 0
c 2238 1 2 4 4 6 0
c 2239 1 2 4 4 6 0
c 2240 1 2 4 7 11 1
c 2250 1 1 4 16 25 1
c 2251 1 1 4 16 25 1
c 2252 1 1 4 16 25 1
c 2253 1 1 4 16 25 1
c 2254 1 1 4 16 25 1
c 2255 1 1 4 23 28 1
c 2256 1 1 4 23 28 1
c 2257 1 1 4 23 28 1
c 2258 1 1 4 23 28 1
c 2259 1 1 4 23 28 1
c 2260 1 1 4 30 31 1
c 2261 1 1 4 30 31 1
c 2262 1 1 4 30 31 1
c 2263 1 1 4 30 31 1
c 2264 1 1 4 30 31 1
c 2265 1 1 4 37 34 1
c 2266 1 1 4 37 34 1
c 2267 1 1 4 37 34 1
c 2268 1 1 4 37 34 1
c 2269 1 1 4 37 34 1
c 2270 1 1 4 44 37 1
c 2271 1 1 4 44 37 1
c 2272 1 1 4 44 37 1
c 2273 1 1 4 44 37 1
c 2274 1 1 4 44 37 1
c 2275 1 1 4 51 40 1
c 2276 1 1 4 51 40 1
c 2277 1 1 4 51 40 1
c 2278 1 1 4 51 40 1
c 2279 1 1 4 51 40 1
c 2280 1 1 4 58 43 1
c 2281 1 1 4 58 43 1
c 2282 1 1 4 58 43 1
c 2283 1 1 4 58 43 1
c 2284 1 1 4 58 43 1
c 2285 1 1 4 1 46 1
c 2286 1 1 4 1 46 1
c 2287 1 1 4 1 46 1
c 2288 1 1 4 1 46 1
c 2289 1 1 4 1 46 1
c 2290 1 1 4 8 49 1
c 2291 1 1 4 8 49 1
c 2292 1 1 4 8 49 1
c 2293 1 1 4 8 49 1
c 2294 1 1 4 8 49 1
c 2295 1 1 4 15 52 1
c 2320 1 3 4 48 16 0
c 2360 1 6 5 24 8 0
